Input: /home/zuxian/Documents/Bertini/.runs/syt-65efd186-8a80-4c71-94a7-afd857457056/saved_data/initial_data.csv
lambda0: 500 -> 0
parameter symbol in expressions: h
status: Success
start residual:
[(-3.835229269763848869606071839833027846074387119140194972743397747802425980251340512859451471904165587720e-93, 0.0000000000000000e+00)
 (0.0000000000000000e+00, 0.0000000000000000e+00)
 (1.534091707905539547842428735933211138429754847656077989097359099120970392100536205143780588761666235090e-92, 0.0000000000000000e+00)
 (3.835229269763848869606071839833027846074387119140194972743397747802425980251340512859451471904165587720e-93, 0.0000000000000000e+00)
 (-3.835229269763848869606071839833027846074387119140194972743397747802425980251340512859451471904165587720e-93, 0.0000000000000000e+00)
 (2.684660488834694208724250287883119492252070983398136480920378423461698186175938359001616030332915911400e-92, 0.0000000000000000e+00)
 (6.838992818934363316309264823764754733331866093310542988505316686999247890565378687970076550485357776530e-93, 0.0000000000000000e+00)
 (3.335226235082722088265827122432921188407462626556976194558589545330137046302557350294278843486972124860e-93, 0.0000000000000000e+00)
 (-3.464440502472226762095328566255420661737117270707695654089495035856683624738759740620109972179055828750e-95, 0.0000000000000000e+00)
 (-1.093171428820628309390890838136000979075157949608441804364725798476399495103378918155129295275418291910e-94, 0.0000000000000000e+00)
 (-1.633905047787577216177391445436678122900343145239169977401667253397273763559225877670835649041203357070e-94, 0.0000000000000000e+00)
 (-1.404502906407659498146754824157602970974507001638254994901146636158114983002199894845990529261779390030e-96, 0.0000000000000000e+00)
 (8.778143165047871863417217650985018568590668760239093718132166475988218643763749342787440807886121187710e-97, 0.0000000000000000e+00)
 (-1.170419088673049581788962353464669142478755834698545829084288863465095819168499912371658774384816158360e-97, 0.0000000000000000e+00)
 (5.852095443365247908944811767323345712393779173492729145421444317325479095842499561858293871924080791800e-98, 0.0000000000000000e+00)
 (0.0000000000000000e+00, -0.0000000000000000e+00)]
endpoint:
  SUSYc1XM1 = -3.44027
  SUSYc1XM2 = 11.388
  SUSYc1XM4 = 67.8164
  SUSYc1XM5 = -24.1879
  SUSYc1XM6 = -93.6544
  SUSYc1XM7 = -96.8867
  SUSYc1XM8 = 132.711
  SUSYc1XM9 = 269.059
  SUSYc1XM10 = 100.472
  SUSYc2XM1 = 1.72013
  SUSYc2XM2 = 0.273041
  SUSYc2XM3 = -5.33001
  SUSYc2XM4 = -4.6425
  SUSYc2XM5 = 6.75857
  SUSYc2XM6 = 12.5462
  SUSYc2XM7 = 4.88871
residual at lambda0 = 0:
[(2.552496070740693500850495616131226583474459652323691321397122034545991655368196842044803700211937697110e-57, 0.0000000000000000e+00)
 (6.517121465769131770883097069394591130273698853739932661412345568123278893475084171015991755526395987060e-57, 0.0000000000000000e+00)
 (-2.271046134943350351673661615316949303980562033492086957386463184176781362686933239089422183145143060470e-57, 0.0000000000000000e+00)
 (-4.067123840092756222861739968093823261537683166282745680081197817095022493211975708658400750443906511430e-57, 0.0000000000000000e+00)
 (-4.268347859740570976397901402856668109053349664548113822471488144305755713105255195051295582921494974120e-57, 0.0000000000000000e+00)
 (1.088763233962673394836623299007773464445579323142069004808391473852323098383857079195838154708244122120e-57, 0.0000000000000000e+00)
 (3.308536576530559513596490649914392480138977523242474179632310059568331956442367606218655123617687738370e-57, 0.0000000000000000e+00)
 (2.443266140572544120263558359433322620025534739021954532929972024771994303454525973888559262357213652670e-58, 0.0000000000000000e+00)
 (-1.121146989987349600688306812440429567793315701778550254648095275779539185007482431472019632881799373140e-57, 0.0000000000000000e+00)
 (2.279129923456388223153363445877303098978943242371348361178558528804410635247723680841237472544322886600e-58, 0.0000000000000000e+00)
 (-1.285635826542227465834833885031875004313180612451801142878645624033131573215739224462027217120604374740e-59, 0.0000000000000000e+00)
 (1.402590373676979647872334541218378043729805900486760577376440939720748498958800434752477935365910955880e-59, 0.0000000000000000e+00)
 (4.762069540245232848236318836776907263249307299942369842285549842568027681915264529269736877548058585640e-60, 0.0000000000000000e+00)
 (4.840819730634323555424117645513364352569951581075378920543085222801943256436498752145553336491645498330e-61, 0.0000000000000000e+00)
 (1.882020847440100165178578960791549927338344245567127472778589456118590043780396965489008454529717941090e-62, 0.0000000000000000e+00)
 (0.0000000000000000e+00, -0.0000000000000000e+00)]
wrote: /home/zuxian/Documents/Bertini/.runs/syt-65efd186-8a80-4c71-94a7-afd857457056/saved_data/output.csv
