Input: /home/zuxian/Documents/Bertini/.runs/syt-235d80fa-d443-4e29-925e-6075a384872f/saved_data/initial_data.csv
lambda0: 1000 -> 0
parameter symbol in expressions: h
status: Success
start residual:
[(3.0685330886117642556537703499975691656831322109736512725816464517468606518417486335838059283319863520462496319490469590537076126374725838232814796877228959328128076385853287915294295809294542673463136960e-192, 0.0000000000000000e+00)
 (-1.6657751052463863102120467614272518327994146288142678336871795023768672109998064010883517896659354482536783716294826349148698468603422597897813746876210006492412384323748927725445474867902751737022845780e-191, 0.0000000000000000e+00)
 (-3.5068949584134448636043089714257933322092939553984585972361673734249836021048555812386353466651272594814281507989108103470944144428258100837502625002547382089289230155260900474622052353479477341100727950e-192, 0.0000000000000000e+00)
 (3.5068949584134448636043089714257933322092939553984585972361673734249836021048555812386353466651272594814281507989108103470944144428258100837502625002547382089289230155260900474622052353479477341100727950e-192, 0.0000000000000000e+00)
 (-1.5123484508157980974293582439273733745152580182655852700580971797895241784077189694091614932493361306513658900320302869621844662284686305986173007032348558526005980504456263329680760077438024603349688930e-191, 0.0000000000000000e+00)
 (1.7534474792067224318021544857128966661046469776992292986180836867124918010524277906193176733325636297407140753994554051735472072214129050418751312501273691044644615077630450237311026176739738670550363980e-192, 0.0000000000000000e+00)
 (1.0959046745042015198763465535705604163154043610620183116363023041953073756577673691370735458328522685879462971246596282334670045133830656511719570313296056902902884423519031398319391360462336669093977490e-193, 0.0000000000000000e+00)
 (3.2877140235126045596290396607116812489462130831860549349089069125859221269733021074112206374985568057638388913739788847004010135401491969535158710939888170708708653270557094194958174081387010007281932460e-193, 0.0000000000000000e+00)
 (0.0000000000000000e+00, 0.0000000000000000e+00)
 (6.1644637940861335493044493638344023417741495309738530029542004610986039880749414513960386953097940108071979213262104088132519003877797442878422583012290320078828724882294551615546576402600643763653623360e-194, 0.0000000000000000e+00)
 (1.1986457377389704123647540429678004553449735199115825283522056452136174421256830599936741907546821687680662624800964683803545361865127280559693280030167562237550029838223940591911834300505680731821537880e-194, 0.0000000000000000e+00)
 (2.4581602043474979159824057521800595275629339763811751069722967333482388949843109628776521490086255414188858898517603355456489511637468055835308484436867070994975647129170190667006691436583915563305888220e-195, 0.0000000000000000e+00)
 (-1.4631905978258916166561939001071782902160321287983185160549385317549041041573279540938405648860866317969558868165240092533624709308016699901969335974325637497009313767363208730361125855109473549586838230e-197, 0.0000000000000000e+00)
 (1.6345929249997817774644908998340191756413387496004072565070884740461928706443292287162618882013139229503135764150311074801849318112670084747628601045603783603801833380111470324489143455279440451109867850e-196, 0.0000000000000000e+00)
 (4.3268636249994223521118876760312272296388378665893133260481753724752164222938126642489285275917133254567124081574352845063718783239420812567252179238362956598298970712059774388353615028680871782349650180e-197, 0.0000000000000000e+00)
 (-1.3064201766302603720144588393814091876928858292842129607633379747811643787118999590123576472197202069615677560861821511190736347596443482055329764262790747765186887292288579223536719513490601383559676990e-198, -0.0000000000000000e+00)]
endpoint:
  SUSYc1XM1 = 6.95714
  SUSYc1XM2 = 22.4525
  SUSYc1XM3 = 10.8992
  SUSYc1XM4 = -241.781
  SUSYc1XM5 = -1346.84
  SUSYc1XM6 = -4293.38
  SUSYc1XM8 = -66063
  SUSYc1XM9 = 132515
  SUSYc1XM10 = -272653
  SUSYc1XM11 = 239682
  SUSYc1XM12 = -106883
  SUSYc2XM1 = -5.21786
  SUSYc2XM2 = 15.7608
  SUSYc2XM3 = -26.6576
  SUSYc2XM4 = 25.8072
  SUSYc2XM5 = -10.88
residual at lambda0 = 0:
[(2.58493941422821148397315216271860e-26, 0.0000000000000000e+00)
 (1.34416849539866997166603912461370e-24, 0.0000000000000000e+00)
 (0.0000000000000000e+00, 0.0000000000000000e+00)
 (1.44756607196779843102496521112240e-24, 0.0000000000000000e+00)
 (1.39586728368323420134550216786810e-24, 0.0000000000000000e+00)
 (-2.58493941422821148397315216271860e-25, 0.0000000000000000e+00)
 (2.58493941422821148397315216271860e-26, 0.0000000000000000e+00)
 (-3.55429169456379079046308422373810e-26, 0.0000000000000000e+00)
 (-7.37111629838513430976719171400240e-27, 0.0000000000000000e+00)
 (-9.28962601988263502052851558477010e-27, 0.0000000000000000e+00)
 (-7.57306469012171333195259422671470e-28, 0.0000000000000000e+00)
 (-5.17492753824983744350093938825510e-28, 0.0000000000000000e+00)
 (-7.57306469012171333195259422671470e-29, 0.0000000000000000e+00)
 (2.52435489670723777731753140890490e-29, 0.0000000000000000e+00)
 (2.52435489670723777731753140890490e-29, 0.0000000000000000e+00)
 (-3.15544362088404722164691426113110e-30, -0.0000000000000000e+00)]
wrote: /home/zuxian/Documents/Bertini/.runs/syt-235d80fa-d443-4e29-925e-6075a384872f/saved_data/output.csv
