Input: /home/zuxian/Documents/Bertini/.runs/syt-abafc63e-2c17-47ad-b480-0ab09850e513/saved_data/initial_data.csv
lambda0: 500 -> 0
parameter symbol in expressions: h
status: Success
start residual:
[(0.0000000000000000e+00, 0.0000000000000000e+00)
 (0.0000000000000000e+00, 0.0000000000000000e+00)
 (1.53759981710062150996192144522481394872369892868721664188107684729849903131589693375448767303709864447264693765320047249017019526843838633656751373137100e-143, 0.0000000000000000e+00)
 (2.05013308946749534661589526029975193163159857158295552250810246306466537508786257833931689738279819263019591687093396332022692702458451511542335164182810e-143, 0.0000000000000000e+00)
 (1.60166647614648073954366817210918119658718638404918400195945504926926982428739263932759132608031108799234056005541715884392728673795665243392449347017820e-144, 0.0000000000000000e+00)
 (-6.40666590458592295817467268843672478634874553619673600783782019707707929714957055731036530432124435196936224022166863537570914695182660973569797388071270e-145, 0.0000000000000000e+00)
 (2.88299965706366533117860270979652615385693549128853120352701908868468568371730675078966438694455995838621300809975088591906911612832197438106408824632070e-144, 0.0000000000000000e+00)
 (-5.20541604747606240351692155935483888890835574815984800636822891012512692893402607781467180976101103597510682018010576624276368189835912041025460377807910e-145, 0.0000000000000000e+00)
 (1.00104154759155046221479260756823824786699149003074000122465940579329364017962039957974457880019442999521285003463572427745455421122290777120280841886140e-146, 0.0000000000000000e+00)
 (-1.01629178991814048878759608869916062742434018851167705593081632642842584797923180410459225011785364201467117079688212788949390093553450675677972620336740e-145, 0.0000000000000000e+00)
 (4.60244492779396442979223007463990788179472259283664445875556297116682271285708285275531003612433142228267783004205565419751566526019282205744416214453050e-146, 0.0000000000000000e+00)
 (-2.87408413078042808487450221313537153196187009833044492539111196585183916223445700660590728678962072674406814365412991149972303650487827035872681323384020e-147, 0.0000000000000000e+00)
 (3.61704465438353194354954360156492335655065284483763477005003886858904928580526902191899896636789003025614018078921111311189633845852027222016639760721390e-148, 0.0000000000000000e+00)
 (0.0000000000000000e+00, -0.0000000000000000e+00)]
endpoint:
  SUSYc1XM1 = 4.5002
  SUSYc1XM2 = 1.32391
  SUSYc1XM3 = -71.0555
  SUSYc1XM4 = -380.369
  SUSYc1XM6 = -5728.09
  SUSYc1XM7 = 6488.07
  SUSYc1XM8 = -15610.8
  SUSYc1XM9 = 9333.49
  SUSYc1XM10 = -4430.82
  SUSYc2XM1 = -3.00014
  SUSYc2XM2 = 8.54063
  SUSYc2XM3 = -10.9512
  SUSYc2XM4 = 9.8035
  SUSYc2XM5 = -3.43254
residual at lambda0 = 0:
[(6.029761715383630871969184149954906933636770e-28, 0.0000000000000000e+00)
 (1.934841802125384786192363083598626427421440e-26, 0.0000000000000000e+00)
 (7.461351795741758013607717981977412264155500e-26, 0.0000000000000000e+00)
 (-2.360773147985791319284442338384551255763250e-26, 0.0000000000000000e+00)
 (1.930090612484178263277202200163046047109300e-26, 0.0000000000000000e+00)
 (-7.445183332736802180769610941410131449541870e-27, 0.0000000000000000e+00)
 (-1.839551610533606570531498683968047863009720e-26, 0.0000000000000000e+00)
 (-2.233524417669755048909255683981075878863760e-27, 0.0000000000000000e+00)
 (-3.693027099967176368544546507650919600478390e-28, 0.0000000000000000e+00)
 (-2.802988718018434951527662509632272412456340e-28, 0.0000000000000000e+00)
 (-2.526871779987878024713749739845017258786790e-29, 0.0000000000000000e+00)
 (1.569123825990246919550249077669937569033820e-29, 0.0000000000000000e+00)
 (5.126481034073997338744732737399303878616450e-30, 0.0000000000000000e+00)
 (-1.262177448243416293269176250580388917112540e-30, -0.0000000000000000e+00)]
wrote: /home/zuxian/Documents/Bertini/.runs/syt-abafc63e-2c17-47ad-b480-0ab09850e513/saved_data/output.csv
