Input: /home/zuxian/Documents/Bertini/.runs/syt-a572a038-4757-42df-8cb8-3e1c006e5c3b/saved_data/initial_data.csv
lambda0: 500 -> 0
parameter symbol in expressions: h
status: Success
start residual:
[(-3.835229269763848869606071839833027846074387119140194972743397747802425980251340512859451471904165587720e-93, 0.0000000000000000e+00)
 (0.0000000000000000e+00, 0.0000000000000000e+00)
 (1.534091707905539547842428735933211138429754847656077989097359099120970392100536205143780588761666235090e-92, 0.0000000000000000e+00)
 (3.835229269763848869606071839833027846074387119140194972743397747802425980251340512859451471904165587720e-93, 0.0000000000000000e+00)
 (-3.835229269763848869606071839833027846074387119140194972743397747802425980251340512859451471904165587720e-93, 0.0000000000000000e+00)
 (2.684660488834694208724250287883119492252070983398136480920378423461698186175938359001616030332915911400e-92, 0.0000000000000000e+00)
 (6.838992818934363316309264823764754733331866093310542988505316686999247890565378687970076550485357776530e-93, 0.0000000000000000e+00)
 (3.335226235082722088265827122432921188407462626556976194558589545330137046302557350294278843486972124860e-93, 0.0000000000000000e+00)
 (-3.464440502472226762095328566255420661737117270707695654089495035856683624738759740620109972179055828750e-95, 0.0000000000000000e+00)
 (-1.093171428820628309390890838136000979075157949608441804364725798476399495103378918155129295275418291910e-94, 0.0000000000000000e+00)
 (-1.633905047787577216177391445436678122900343145239169977401667253397273763559225877670835649041203357070e-94, 0.0000000000000000e+00)
 (-1.404502906407659498146754824157602970974507001638254994901146636158114983002199894845990529261779390030e-96, 0.0000000000000000e+00)
 (8.778143165047871863417217650985018568590668760239093718132166475988218643763749342787440807886121187710e-97, 0.0000000000000000e+00)
 (-1.170419088673049581788962353464669142478755834698545829084288863465095819168499912371658774384816158360e-97, 0.0000000000000000e+00)
 (5.852095443365247908944811767323345712393779173492729145421444317325479095842499561858293871924080791800e-98, 0.0000000000000000e+00)
 (0.0000000000000000e+00, -0.0000000000000000e+00)]
endpoint:
  SUSYc1XM1 = -3.44027
  SUSYc1XM2 = 11.388
  SUSYc1XM4 = 67.8164
  SUSYc1XM5 = -24.1879
  SUSYc1XM6 = -93.6544
  SUSYc1XM7 = -96.8867
  SUSYc1XM8 = 132.711
  SUSYc1XM9 = 269.059
  SUSYc1XM10 = 100.472
  SUSYc2XM1 = 1.72013
  SUSYc2XM2 = 0.273041
  SUSYc2XM3 = -5.33001
  SUSYc2XM4 = -4.6425
  SUSYc2XM5 = 6.75857
  SUSYc2XM6 = 12.5462
  SUSYc2XM7 = 4.88871
residual at lambda0 = 0:
[(6.185226284408129481102466442690232418859080e-30, 0.0000000000000000e+00)
 (1.536107171023196136478099354047407217864500e-29, 0.0000000000000000e+00)
 (-5.830907366590054593705520313156858459956170e-30, 0.0000000000000000e+00)
 (-1.012716580991888213147807680869019538670100e-29, 0.0000000000000000e+00)
 (-1.010254988851280418277957921405051268996390e-29, 0.0000000000000000e+00)
 (2.970942259358643934631170061700275237186850e-30, 0.0000000000000000e+00)
 (8.061560711540952037452233828285908525555200e-30, 0.0000000000000000e+00)
 (5.805984652913355536190317957968326129319620e-31, 0.0000000000000000e+00)
 (-2.685143268714513063927130285308071174684530e-30, 0.0000000000000000e+00)
 (5.226033899703002448266770785612709689034210e-31, 0.0000000000000000e+00)
 (-4.137377768760811057925621247984706028691520e-32, 0.0000000000000000e+00)
 (3.414000438847059390626496700696141802887660e-32, 0.0000000000000000e+00)
 (9.149750479793134070503190619301975975203290e-33, 0.0000000000000000e+00)
 (7.134978876422657519384013010614798620046300e-34, 0.0000000000000000e+00)
 (1.988220124721278132032933772152669880909260e-35, 0.0000000000000000e+00)
 (0.0000000000000000e+00, -0.0000000000000000e+00)]
wrote: /home/zuxian/Documents/Bertini/.runs/syt-a572a038-4757-42df-8cb8-3e1c006e5c3b/saved_data/output.csv
