Input: /home/zuxian/Documents/Bertini/.runs/syt-9a54c67b-7a55-4845-8172-79a6e5214501/saved_data/initial_data.csv
lambda0: 5070 -> 0
parameter symbol in expressions: h
status: Success
start residual:
[(0.0000000000000000e+00, 0.0000000000000000e+00)
 (-4.1096425293907556995362995758896015611827663539825686686361336407324026587166276342640257968731960072047986142174736058755012669251864961918948388674860213385885816588196367743697717601733762509102415570e-194, 0.0000000000000000e+00)
 (0.0000000000000000e+00, 0.0000000000000000e+00)
 (1.0274106323476889248840748939724003902956915884956421671590334101831006646791569085660064492182990018011996535543684014688753167312966240479737097168715053346471454147049091935924429400433440627275603890e-193, 0.0000000000000000e+00)
 (-5.4795233725210075993817327678528020815770218053100915581815115209765368782888368456853677291642613429397314856232981411673350225669153282558597851566480284514514422117595156991596956802311683345469887430e-194, 0.0000000000000000e+00)
 (5.4795233725210075993817327678528020815770218053100915581815115209765368782888368456853677291642613429397314856232981411673350225669153282558597851566480284514514422117595156991596956802311683345469887430e-194, 0.0000000000000000e+00)
 (0.0000000000000000e+00, 0.0000000000000000e+00)
 (0.0000000000000000e+00, 0.0000000000000000e+00)
 (1.7123510539128148748067914899540006504928193141594036119317223503051677744652615142766774153638316696686660892572806691147921945521610400799561828614525088910785756911748486559874049000722401045459339820e-195, 0.0000000000000000e+00)
 (-6.9315519163577702714194351316363056116934059175830057586996880930749107139944503265294067103125026852884077375318218101215361283623305969349886450034944637862617979119933052101072184925897893196835591770e-195, 0.0000000000000000e+00)
 (3.7865282399451466622467075000630763896090602875973628454764587861057268352585708412014174047016370478574079842401903468035230229873531788389167788739272703322617674127969218021498827837901159050109367780e-195, 0.0000000000000000e+00)
 (-9.0621141972134640965154951852530829713504718434128716236309701958670248293729652556851200557043111876096108968674111094525661748737489857625000442785274300947995362391688958641984808577278905557200055390e-196, 0.0000000000000000e+00)
 (-1.9068508898095280389923041219611048503565361564232372375301681079905875271678891801744372218819036140811042967833914677733998772951768906407959323917969375438066780691824410234674195801890881779443704530e-196, 0.0000000000000000e+00)
 (-4.4627313233689694308013913953268937851588979928348714739675625218524575176798502599862137229025642269807154547903982282227555363389450934701006474721693194365878406990457786627601433858083894326239856590e-197, 0.0000000000000000e+00)
 (-5.9233090808416005267135563777553092569995443499746215641009743776577992930797544141620295724942114183637482060947498731738798600002274747638865151167493250367357346983236418199515486274166386673059575460e-197, 0.0000000000000000e+00)
 (6.0487254177981055224269444263359245390180613895859060083342548232367910734360968102272159066273045582320587106790233596813109289371533321916176808536721162152815288163296121804975011347461484405881304450e-198, -0.0000000000000000e+00)]
endpoint:
  SUSYc1XM1 = -1.26192
  SUSYc1XM2 = -19.1528
  SUSYc1XM4 = -238.778
  SUSYc1XM5 = -295.834
  SUSYc1XM6 = -227.463
  SUSYc1XM7 = -774.308
  SUSYc1XM8 = -590.834
  SUSYc1XM9 = 588.928
  SUSYc1XM10 = -519.152
  SUSYc2XM1 = 0.630958
  SUSYc2XM2 = 3.30829
  SUSYc2XM3 = 7.02172
  SUSYc2XM4 = 2.3729
  SUSYc2XM5 = 1.5081
  SUSYc2XM6 = 9.009
  SUSYc2XM7 = -4.35543
residual at lambda0 = 0:
[(2.2227890753315722198491996282512380424406480437653406752408418365444982585314075573035769819525849802513388247809161221142487090635176381747157728341094832628750336200807458746164201905853335053349998410e-63, 0.0000000000000000e+00)
 (-2.7268704792057623435988724777964974016988502999588414493903470820835649920995075337304037175903644475939050254056157096727784772729085088454657428587064933576857204810598251913482973829392237371710827490e-62, 0.0000000000000000e+00)
 (4.5862862958976552228381530737952079093184990851409643564398393081815828129885929690608890556973779527480385170269136225431844127673721847604670165726859144381454653005975170116668548619109110317541608760e-62, 0.0000000000000000e+00)
 (-5.2082844170148138406326551540312551772840241750323487201457394376926913686802342821683299639344223756898869743810520341297515458550950350480383250281250112720029126745554834335172814972654304195319306270e-62, 0.0000000000000000e+00)
 (2.2736215640282543657374224519686077320958863875329538451904194647236067849740913952596289978830337708866008436395724831613046341768004498309513253311199913144620311676901977646654764218498371863451657780e-62, 0.0000000000000000e+00)
 (-3.3718397452213430773339780316196952563261817155670468734380468784190466437359789843462824259392945247082267141015507802196136995795188365618826878706486655489697158627198313631671689358491587352487384550e-64, 0.0000000000000000e+00)
 (-3.3655964524273171120267402829864671017802708102006998780384334744217971787906608297905672101626193974922448258687857562131667441576640916540137574919291737376659829858826360459782583887604926403876934500e-62, 0.0000000000000000e+00)
 (1.7174312543483657221910796092469473693374517678207042243984584563068124906869570580569334387499557441852382501208149280954410566662119174439578757919269984767021175149139983239837713832982463878358942140e-62, 0.0000000000000000e+00)
 (-1.2605559976067764970305188193329686804331762737194970922024266652280170380085044913339051103720684047551515427486566296525888136003848692870211240981229621807990838266460507412461640757916634763206403700e-62, 0.0000000000000000e+00)
 (4.0102951678264541928341024346848918482790835172774548959577730078849233080115503596747213678600740804532959124033354051422388791044399228749468706764370362496689504148804907605707989446008409076567266350e-64, 0.0000000000000000e+00)
 (7.0376174688655272737472461198110941275011662158100373997498320967760538472419029838796892806851103769700332688276016019646178783289724501593328279483511048122147023796053984988927329434514997630236098120e-65, 0.0000000000000000e+00)
 (-6.5302920665521727428941775048545208765320255035363281396642555184646497203084425784733102766140662510692896503156694020406034046281483191377841342477405794940879298502813697246190807130764040188462250260e-64, 0.0000000000000000e+00)
 (3.2819494251298479948306694353237476416004949046488580159805450255248778380340847322540628746628849275982170692767448631310023802101212557421542355780115246469645597565158980270618255866776803908153010310e-64, 0.0000000000000000e+00)
 (-9.0407542411608254062340820965862916160173825379738271373658767033624317495501926336739808395176330216385333941231863068781653081724123620931343216869870051467758813290416173054369347475817826178078757420e-65, 0.0000000000000000e+00)
 (8.7945305807037715587694144630846409717453860236674500074646343721550265352582917981441466974231131034685571133433889559318660725572388935829548400004232984850091910981242905982503302688736350936965173530e-66, 0.0000000000000000e+00)
 (0.0000000000000000e+00, -0.0000000000000000e+00)]
wrote: /home/zuxian/Documents/Bertini/.runs/syt-9a54c67b-7a55-4845-8172-79a6e5214501/saved_data/output.csv
