Input: /home/zuxian/Documents/Bertini/.runs/syt-e5fe735e-0b39-4e3d-8d24-d08118440246/saved_data/initial_data.csv
lambda0: 5 -> 0
parameter symbol in expressions: h
status: Success
start residual:
[(0.0000000000000000e+00, 0.0000000000000000e+00)
 (-5.3510970434775464837712234061062520327900603567481362872866323447036492952039422321146169230119739677145815289290020909837256079755032502498630714420390902846205490349214020499606403127257503267060436940e-197, 0.0000000000000000e+00)
 (-5.0166534782601998285355219432246112807406815844513777693312178231596712142536958426074533653237255947324201833709394602972427574770342971092466294769116471418317647202388144218381002931803909312869159630e-198, 0.0000000000000000e+00)
 (5.3510970434775464837712234061062520327900603567481362872866323447036492952039422321146169230119739677145815289290020909837256079755032502498630714420390902846205490349214020499606403127257503267060436940e-197, 0.0000000000000000e+00)
 (-1.6053291130432639451313670218318756098370181070244408861859897034110947885611826696343850769035921903143744586787006272951176823926509750749589214326117270853861647104764206149881920938177250980118131080e-196, 0.0000000000000000e+00)
 (7.3577584347816264151854321833960965450863329905286873950191194739675177809054205691575982691414642056075496022773778751026227109663169690935617232328037491413532549230169278186958804299979066992208100800e-197, 0.0000000000000000e+00)
 (-2.3411049565214265866499102401714852643456514060773096256879016508078465666517247265501449038177386108751294189064384148053799534892826719843150937558921019995214902027781133968577801368175157679338941160e-197, 0.0000000000000000e+00)
 (6.6888713043469331047140292576328150409875754459351703591082904308795616190049277901432711537649674596432269111612526137296570099693790628123288393025488628557756862936517525624508003909071879083825546180e-198, 0.0000000000000000e+00)
 (2.6755485217387732418856117030531260163950301783740681436433161723518246476019711160573084615059869838572907644645010454918628039877516251249315357210195451423102745174607010249803201563628751633530218470e-197, 0.0000000000000000e+00)
 (-3.1354084239126248928347012145153820504629259902821111058320111394747945089085599016296583533273284967077626146068371626857767234231464356932791434230697794636448529501492590136488126832377443320543224770e-198, 0.0000000000000000e+00)
 (-1.6722178260867332761785073144082037602468938614837925897770726077198904047512319475358177884412418649108067277903131534324142524923447657030822098256372157139439215734129381406127000977267969770956386540e-198, 0.0000000000000000e+00)
 (-8.3610891304336663808925365720410188012344693074189629488853630385994520237561597376790889422062093245540336389515657671620712624617238285154110491281860785697196078670646907030635004886339848854781932720e-199, 0.0000000000000000e+00)
 (3.0047664062495988556332553305772411316936374073536898097556773419966780710373699057284225886053564760116058389982189475738693599471820008727258457804418719859929840772263732214134454881028383182187257070e-199, 0.0000000000000000e+00)
 (2.0902722826084165952231341430102547003086173268547407372213407596498630059390399344197722355515523311385084097378914417905178156154309571288527622820465196424299019667661726757658751221584962213695483180e-199, 0.0000000000000000e+00)
 (1.0451361413042082976115670715051273501543086634273703686106703798249315029695199672098861177757761655692542048689457208952589078077154785644263811410232598212149509833830863378829375610792481106847741590e-199, 0.0000000000000000e+00)
 (-6.5321008831513018600722941969070459384644291464210648038166898739058218935594997950617882360986010348078387804309107555953681737982217410276648821313953738825934436461442896117683597567453006917798384940e-201, -0.0000000000000000e+00)]
endpoint:
  SUSYc1XM1 = -3.37787
  SUSYc1XM2 = 10.7254
  SUSYc1XM4 = 52.5068
  SUSYc1XM5 = -5.30469
  SUSYc1XM6 = -97.8847
  SUSYc1XM7 = -63.046
  SUSYc1XM8 = 75.8143
  SUSYc1XM9 = 253.737
  SUSYc1XM10 = 115.772
  SUSYc2XM1 = 1.68893
  SUSYc2XM2 = 0.277923
  SUSYc2XM3 = -4.8493
  SUSYc2XM4 = -5.34321
  SUSYc2XM5 = 6.05857
  SUSYc2XM6 = 13.307
  SUSYc2XM7 = 6.73669
residual at lambda0 = 0:
[(-6.6643781254739384290312245886039194450997971630578564723862954246487096809739016440403999816567978271970738951315545089056964520996924884764129403039148465857098089359524721395629299984962102680499449390e-62, 0.0000000000000000e+00)
 (-3.0108556147630744872485489404807581085928848455983669539247878895295584599957163575742364849619565609570050959680598418129720723824886959482553941312665666186455413589321477634145088187856565368434639190e-61, 0.0000000000000000e+00)
 (-6.1505486169734958546145245358514452436082270033810663019150390499451289201474819233606104628599123301446071683718868491224548473883700013542912619617485229630014538113859347549051825889506120168046311020e-61, 0.0000000000000000e+00)
 (-6.2720967536337255310083183037874915200599818608943130002665319869417524021461405354619667860968293802712971151815821744080047762690653636742271721517898221390364072706402014124301435066887236349338136280e-61, 0.0000000000000000e+00)
 (-1.3989789111431248174367654150349860156831133969790045049090706965667478978534060402024100076253169480601866915533029747212542325134848830713083970528633441227062227843203742188597209780962545177925891370e-61, 0.0000000000000000e+00)
 (3.8744401882696008007287571622327586593152144262844705535493399061833689733485081128274808839895931453370514155501665651841114685484838471928878597910355219295681798114337655609458596088257014850597926440e-61, 0.0000000000000000e+00)
 (4.6522105219107464841640274265913080994870461378129828834459336339425929449584808146067313162126905689135502882488159084686546601517154355594437425730732690931393422007515602143774458129600816077934879390e-61, 0.0000000000000000e+00)
 (2.0164205768029886515822797614082314489211749121862189178784429670512299482355064970788163620880702782863402903355134608879499030193013048958748861555911034767169182507100327381813012714565658378558577500e-61, 0.0000000000000000e+00)
 (-3.1639883521390922137751592062130514698566246939761553269416778434388791415557663586260053535424398404427361377229835487591436288459375722662422636988967462309042164315096225268588775858729361053758986600e-62, 0.0000000000000000e+00)
 (-8.4804845709002888084797475004141141015781041411343146339123595529141538345975287110646251506147528219038061107386006635081469754658840725425668659230526020977216196128551481942266063367348489539408916320e-62, 0.0000000000000000e+00)
 (-4.3580833686747275559855935921197419465758948448485603283485561912423319483445603500497232222362106996356397552238657685263600170411762857875722377312236269675639652794626309030863599997907599886933349370e-62, 0.0000000000000000e+00)
 (-3.6995512157139601276840444029538216931837959518031471066340298550949261967490721220110061545212816589022591923191914040414480767237292766133332772136130773917610383812061562414279557338717432370657850290e-63, 0.0000000000000000e+00)
 (7.3230756621080404167850133024908235250540258545664276428324025775910923899748242293753490042276616466872107081402054163881104275514123475667912884397116136682618435728247247022873500899125150872868835270e-63, 0.0000000000000000e+00)
 (4.1464152593102919636539786256742285620602792722278389586566940482804647817854911202405787486108521473080202738029235812298309239731873604559812107231997209001567899166624061886167107954399953968756091430e-63, 0.0000000000000000e+00)
 (8.7950658586338041753036918713960832257257602547540593535857624305997156627026069043008127598972641039788491911437217361437963101881165681727564879533874881796933928650737011877584976186905832780385523500e-64, 0.0000000000000000e+00)
 (0.0000000000000000e+00, -0.0000000000000000e+00)]
wrote: /home/zuxian/Documents/Bertini/.runs/syt-e5fe735e-0b39-4e3d-8d24-d08118440246/saved_data/output.csv
