Input: /home/zuxian/Documents/Bertini/.runs/syt-19363cac-fcfa-4035-85f3-01e1aab4e579/saved_data/initial_data.csv
lambda0: 500 -> 0
parameter symbol in expressions: h
status: Success
start residual:
[(3.20333295229296147908733634421836239317437276809836800391891009853853964857478527865518265216062217598468112011083431768785457347591330486784898694035630e-145, 0.0000000000000000e+00)
 (-3.20333295229296147908733634421836239317437276809836800391891009853853964857478527865518265216062217598468112011083431768785457347591330486784898694035630e-145, 0.0000000000000000e+00)
 (-6.40666590458592295817467268843672478634874553619673600783782019707707929714957055731036530432124435196936224022166863537570914695182660973569797388071270e-145, 0.0000000000000000e+00)
 (-1.04108320949521248070338431187096777778167114963196960127364578202502538578680521556293436195220220719502136403602115324855273637967182408205092075561580e-144, 0.0000000000000000e+00)
 (-1.60166647614648073954366817210918119658718638404918400195945504926926982428739263932759132608031108799234056005541715884392728673795665243392449347017820e-145, 0.0000000000000000e+00)
 (0.0000000000000000e+00, 0.0000000000000000e+00)
 (-4.20437449988451194130212895178660064104136425812910800514356950433183328875440567823492723096081660597989397014547004196530912768713621263905179535921770e-145, 0.0000000000000000e+00)
 (-1.20124985710986055465775112908188589744038978803688800146959128695195236821554447949569349456023331599425542004156286913294546505346748932544337010263360e-145, 0.0000000000000000e+00)
 (2.30239555946056606309402299740694797009408042707070200281671663332457537241312691903341253124044718898898955507966216583814547468581268787376645936338110e-145, 0.0000000000000000e+00)
 (-1.09078335820571484935475155422328148141600498493779266930319820799234086300041058774519433693872748534048681452016263784060917147351808641709774768922410e-145, 0.0000000000000000e+00)
 (2.29926730462434246789960177050829722556949607866435594031288957268147132978756560528472582943169658139525451492330392919977842920390261628698145058707220e-146, 0.0000000000000000e+00)
 (1.91422312536885229377377028778765285068803975724261988759573847555565733318038983879598374351868234202575797067780378671952216695786216433543603440935830e-147, 0.0000000000000000e+00)
 (-1.08120307776978008907183654684616357630946541794335785288522783477283473245962906438984131264942874958467325404131553813561009468516849218256865831177800e-146, 0.0000000000000000e+00)
 (2.19955418171971537107742516311380474384836997321207519800340201468252997109779872954533720927777096434495010993938513635182885446801908445820929584222470e-147, 0.0000000000000000e+00)
 (-1.41749047266381657247211843845111861270228287162555957204663685390651931470747029237366175709011906591119007084982597676006748399050118776195710176498920e-148, 0.0000000000000000e+00)
 (2.68834399987965212020574186602798357581467441170364746422638024016753663134175400277763436689505340086605013437035961109667971101646776989336691714049680e-149, -0.0000000000000000e+00)]
endpoint:
  SUSYc1XM1 = -1.26192
  SUSYc1XM2 = -19.1528
  SUSYc1XM4 = -238.778
  SUSYc1XM5 = -295.834
  SUSYc1XM6 = -227.463
  SUSYc1XM7 = -774.308
  SUSYc1XM8 = -590.834
  SUSYc1XM9 = 588.928
  SUSYc1XM10 = -519.152
  SUSYc2XM1 = 0.630958
  SUSYc2XM2 = 3.30829
  SUSYc2XM3 = 7.02172
  SUSYc2XM4 = 2.3729
  SUSYc2XM5 = 1.5081
  SUSYc2XM6 = 9.009
  SUSYc2XM7 = -4.35543
residual at lambda0 = 0:
[(-8.149819455335860081856479382407957345098270e-28, 0.0000000000000000e+00)
 (2.590855613217352004976222179318707362830570e-27, 0.0000000000000000e+00)
 (-2.789033462472962259002908991027113513723540e-27, 0.0000000000000000e+00)
 (-1.420569433808812086327966103422979154534790e-27, 0.0000000000000000e+00)
 (8.642094775258387960570024042507823650757660e-28, 0.0000000000000000e+00)
 (2.960153089595836306284673726117176744390640e-27, 0.0000000000000000e+00)
 (3.808190941804167676087359727321583332641910e-27, 0.0000000000000000e+00)
 (1.622484431572900491099812861681891578025900e-27, 0.0000000000000000e+00)
 (7.174094653859025691429036810998185797930280e-28, 0.0000000000000000e+00)
 (2.829019280100301556843430729145462164285490e-28, 0.0000000000000000e+00)
 (-2.201339038760833725017815797641129478354300e-28, 0.0000000000000000e+00)
 (-8.383602446002794176793744712700340075891290e-29, 0.0000000000000000e+00)
 (-4.999130291499174043869022157751416958611800e-29, 0.0000000000000000e+00)
 (-5.849535908989587159510038533205120319861100e-30, 0.0000000000000000e+00)
 (-4.424739424860726614446270038706476556402750e-30, 0.0000000000000000e+00)
 (0.0000000000000000e+00, -0.0000000000000000e+00)]
wrote: /home/zuxian/Documents/Bertini/.runs/syt-19363cac-fcfa-4035-85f3-01e1aab4e579/saved_data/output.csv
