Input: /home/zuxian/Documents/Bertini/.runs/syt-ad8ac312-24e8-46b6-955c-f15d2ea32139/saved_data/initial_data.csv
lambda0: 500 -> 0
parameter symbol in expressions: h
status: Success
start residual:
[(1.227273366324431638273942988746568910743803878124862391277887279296776313680428964115024471009332988070e-91, 0.0000000000000000e+00)
 (4.909093465297726553095771954986275642975215512499449565111549117187105254721715856460097884037331952280e-91, 0.0000000000000000e+00)
 (9.818186930595453106191543909972551285950431024998899130223098234374210509443431712920195768074663904550e-91, 0.0000000000000000e+00)
 (-9.818186930595453106191543909972551285950431024998899130223098234374210509443431712920195768074663904550e-91, 0.0000000000000000e+00)
 (-1.534091707905539547842428735933211138429754847656077989097359099120970392100536205143780588761666235090e-90, 0.0000000000000000e+00)
 (3.381069209947868094285337199893425349380070535090448837592162971534337919347749154862051974362076604160e-91, 0.0000000000000000e+00)
 (3.800472504506613989225266813784541031219337985872986955802910705712966494805312739461662692940034087080e-91, 0.0000000000000000e+00)
 (-1.704879261324710942817074122550775659700254899055289796477338530077797174033603712357053037119898608910e-92, 0.0000000000000000e+00)
 (3.988039185981002223004438764701375049316413480918437116188642501816428890401979861418695241487847185350e-92, 0.0000000000000000e+00)
 (-5.337111044349106092957668331798891289703126606225368980624357217400836935408359600414764011194761682130e-95, 0.0000000000000000e+00)
 (-9.597436527119006570669491298410286968325797844528075798491168680413785717181699281447601949955492498560e-96, 0.0000000000000000e+00)
 (1.404502906407659498146754824157602970974507001638254994901146636158114983002199894845990529261779390030e-96, 0.0000000000000000e+00)
 (0.0000000000000000e+00, 0.0000000000000000e+00)
 (0.0000000000000000e+00, 0.0000000000000000e+00)
 (1.170419088673049581788962353464669142478755834698545829084288863465095819168499912371658774384816158360e-97, 0.0000000000000000e+00)
 (-1.463023860841311977236202941830836428098444793373182286355361079331369773960624890464573467981020197950e-98, -0.0000000000000000e+00)]
endpoint:
  SUSYc1XM1 = -3.37996
  SUSYc1XM2 = 0.303623
  SUSYc1XM3 = 58.4057
  SUSYc1XM4 = -304.802
  SUSYc1XM6 = -4160.76
  SUSYc1XM7 = -1134.18
  SUSYc1XM8 = -1862.6
  SUSYc1XM9 = 14111.2
  SUSYc1XM10 = 15952.9
  SUSYc1XM11 = 8998.45
  SUSYc2XM1 = 2.25331
  SUSYc2XM2 = 4.59566
  SUSYc2XM3 = -1.88532
  SUSYc2XM4 = -11.9207
  SUSYc2XM5 = -18.4035
  SUSYc2XM6 = -9.19568
residual at lambda0 = 0:
[(5.12948915010910716350922382289480e-26, 0.0000000000000000e+00)
 (-5.16987882845642296794630432543730e-26, 0.0000000000000000e+00)
 (1.29246970711410574198657608135930e-26, 0.0000000000000000e+00)
 (6.46234853557052870993288040679660e-27, 0.0000000000000000e+00)
 (7.75481824268463445191945648815590e-26, 0.0000000000000000e+00)
 (9.20884666318800341165435457968510e-26, 0.0000000000000000e+00)
 (1.61558713389263217748322010169910e-27, 0.0000000000000000e+00)
 (2.82727748431210631059563517797350e-27, 0.0000000000000000e+00)
 (-3.85595210472030570485252922710230e-27, 0.0000000000000000e+00)
 (7.32062920045098955422084108582430e-28, 0.0000000000000000e+00)
 (4.29140332440230422143980339513840e-28, 0.0000000000000000e+00)
 (5.04870979341447555463506281780980e-29, 0.0000000000000000e+00)
 (2.52435489670723777731753140890490e-29, 0.0000000000000000e+00)
 (9.46633086265214166494074278339340e-30, -0.0000000000000000e+00)
 (3.15544362088404722164691426113110e-30, -0.0000000000000000e+00)
 (0.0000000000000000e+00, -0.0000000000000000e+00)]
wrote: /home/zuxian/Documents/Bertini/.runs/syt-ad8ac312-24e8-46b6-955c-f15d2ea32139/saved_data/output.csv
