Input: /home/zuxian/Documents/Bertini/.runs/syt-db29b60f-7dd5-4044-bffe-e4f9cd74ccbf/saved_data/initial_data.csv
lambda0: 500 -> 0
parameter symbol in expressions: h
status: Success
start residual:
[(-8.7672373960336121590107724285644833305232348884961464930904184335624590052621389530965883666628181487035703769972770258677360361070645252093756562506368455223223075388152251186555130883698693352751819890e-193, 0.0000000000000000e+00)
 (0.0000000000000000e+00, 0.0000000000000000e+00)
 (1.3150856094050418238516158642846724995784852332744219739635627650343688507893208429644882549994227223055355565495915538801604054160596787814063484375955268283483461308222837677983269632554804002912772980e-192, 0.0000000000000000e+00)
 (4.3836186980168060795053862142822416652616174442480732465452092167812295026310694765482941833314090743517851884986385129338680180535322626046878281253184227611611537694076125593277565441849346676375909940e-193, 0.0000000000000000e+00)
 (-4.3836186980168060795053862142822416652616174442480732465452092167812295026310694765482941833314090743517851884986385129338680180535322626046878281253184227611611537694076125593277565441849346676375909940e-193, 0.0000000000000000e+00)
 (2.1918093490084030397526931071411208326308087221240366232726046083906147513155347382741470916657045371758925942493192564669340090267661313023439140626592113805805768847038062796638782720924673338187954970e-192, 0.0000000000000000e+00)
 (-6.5476023423991258775424689597116099873219178525170195611239233369793852776115437152154452669974513468955619587975269585276866539188257770057324542164790308722617037991298275483318394866512280997575150640e-193, 0.0000000000000000e+00)
 (4.9444136681732529510046104272421768782980157696352779294528482865061719487684426224739060368630639461682733327303979320689624617693650032308734780124441194229893873082673754941636316489585933018763843730e-193, 0.0000000000000000e+00)
 (-1.2692802187128740259505341919284029821778023166206579273443891921637056128223750974575871341384402251418987386619592959813397142117893709592675205460516722155119942310833565662506638821785479774946735640e-193, 0.0000000000000000e+00)
 (-6.5283383930426067102008925554496274800038736352327262704896914605384521401488095231798326460746082406117894652933825510001452417301139653048329471592876901472370698226041105009519811815254153985813733070e-194, 0.0000000000000000e+00)
 (1.4447962017389375506182303196486880488533162963219967975673907330699853097050644026709465692132329712829370128108305645656059141533858775674630292893505543768475482394287785534893728844359525882106317970e-194, 0.0000000000000000e+00)
 (-1.0702194086955092967542446812212504065580120713496272574573264689407298590407884464229233846023947935429163057858004181967451215951006500499726142884078180569241098069842804099921280625451500653412087390e-196, 0.0000000000000000e+00)
 (-6.0199841739122397942426263318695335368888179013416533231974613877916054571044350111289440383884707136789042200451273523566913089724411565310959553722939765701981176642865773062057203518164691175442991560e-197, 0.0000000000000000e+00)
 (-4.0133227826081598628284175545796890245925452675611022154649742585277369714029566740859626922589804757859361466967515682377942059816274376873973035815293177134654117761910515374704802345443127450295327710e-197, 0.0000000000000000e+00)
 (0.0000000000000000e+00, 0.0000000000000000e+00)
 (0.0000000000000000e+00, -0.0000000000000000e+00)]
endpoint:
  SUSYc1XM1 = -3.44027
  SUSYc1XM2 = 11.388
  SUSYc1XM4 = 67.8164
  SUSYc1XM5 = -24.1879
  SUSYc1XM6 = -93.6544
  SUSYc1XM7 = -96.8867
  SUSYc1XM8 = 132.711
  SUSYc1XM9 = 269.059
  SUSYc1XM10 = 100.472
  SUSYc2XM1 = 1.72013
  SUSYc2XM2 = 0.273041
  SUSYc2XM3 = -5.33001
  SUSYc2XM4 = -4.6425
  SUSYc2XM5 = 6.75857
  SUSYc2XM6 = 12.5462
  SUSYc2XM7 = 4.88871
residual at lambda0 = 0:
[(1.0543212483352685488626359329891725071791868402339409679206182604461288039000481301924909912219120495826753802267721404517056320905042353206838193914233626656115316934408981390855744484664608007349987510e-57, 0.0000000000000000e+00)
 (2.8909722039825390339342194222428262962170839978525461118972290815756309306448499846393005088599806440239708428516494750275935022297607296534231377657440990318470101433090232432318756002630793578654768700e-57, 0.0000000000000000e+00)
 (-1.4587769508949542556557301530177129754905440412596013841260622580889809300124289265329333808022236337419032290587584396659802640762553491599285749216731206253683676345958960991497972248653102948805320210e-57, 0.0000000000000000e+00)
 (-1.3744307918257862196757322864470894397154717350428599739623126514821606897336797411738560095189033768145322715441405715954798674519045489761126441958349189150424727853188014485956315024871867620509734060e-57, 0.0000000000000000e+00)
 (-1.9074135760941797829605922687500848787539191097530408023055757655207498834434933363886445836795068658121066433670196328678832935764086980750520485960858428470935064294384973587979994736111628828056116900e-57, 0.0000000000000000e+00)
 (3.8422564487126094988001131101415795718121725496846020995956954131351678202341385863797453808630815026478583048564264764979167944485008913823555170962284810362868740027833492712307742600551736412001357400e-58, 0.0000000000000000e+00)
 (1.5636099742388447320505598877669128479098142032157341114561272472878079056967383791695912606218888535353264131459064862440298819026637215468998360601836526957775393684767852598899172650263821502662625530e-57, 0.0000000000000000e+00)
 (-2.9607669722220078759297562384864517261076499999672299899232249696890224075199725217953676061766617893599333057416747730307817196770147007123897721030218345848963213323802251527305256954733241708643238930e-60, 0.0000000000000000e+00)
 (-4.3276667316882370702645024535092332615688520745615821556494509287101229032416767625453538358193717816084833624384352484325694253680184414192218096934972344732048484266083212168679414544183252459289991290e-58, 0.0000000000000000e+00)
 (8.6609031692490075715426854030094273264026042815603526478952004131458150711189093420946815808543505732465092223020784172978360705075047276274806733562692985080846470904371392184370233197865579165465219030e-59, 0.0000000000000000e+00)
 (1.5269682234219691688681414656921489760464280866549395421002040476735500076967534354685024450850508210580229580334775565044371040993449305438964443188561387534204188933579712197720523202844862512543975990e-59, 0.0000000000000000e+00)
 (-9.0781449797131676034504653857826448975014095843215512655374513001431528212077984436517046993906178246060356364086772663423734493160366746367020431332517632618777284329233225178391594453339190121537708700e-60, 0.0000000000000000e+00)
 (2.9629309363893512662330245137494928106059343097451733109511677334014561341022295145926926874283881878395944054416103971706412910785696902226036393299132137577642294645289616737542357530855323672957969860e-60, 0.0000000000000000e+00)
 (1.1201044208245775257500575560495113699149059871619538446992416378236106368459483628520608317438853960425390676492746851732454376228208051547462898341017124856123478446095735513529940591190561616414362720e-60, 0.0000000000000000e+00)
 (1.8156602630690610245124171889997385200922028521585005270591075204473983320582246379923027678009350820678008761069052428629334272860357322211309353112672827771482092111742153869166318405948632092726117090e-61, 0.0000000000000000e+00)
 (0.0000000000000000e+00, -0.0000000000000000e+00)]
wrote: /home/zuxian/Documents/Bertini/.runs/syt-db29b60f-7dd5-4044-bffe-e4f9cd74ccbf/saved_data/output.csv
