Input: /home/zuxian/Documents/Bertini/.runs/syt-354779d3-719f-4a57-acf1-a755bab12829/saved_data/initial_data.csv
lambda0: 500 -> 0
parameter symbol in expressions: h
status: Success
start residual:
[(0.0000000000000000e+00, 0.0000000000000000e+00)
 (-1.198509146801202771751897449947821201898245974731310928982311796188258118828543910268578584970051746160e-94, 0.0000000000000000e+00)
 (1.198509146801202771751897449947821201898245974731310928982311796188258118828543910268578584970051746160e-94, 0.0000000000000000e+00)
 (-1.198509146801202771751897449947821201898245974731310928982311796188258118828543910268578584970051746160e-94, 0.0000000000000000e+00)
 (-1.198509146801202771751897449947821201898245974731310928982311796188258118828543910268578584970051746160e-94, 0.0000000000000000e+00)
 (1.348322790151353118220884631191298852135526721572724795105100770711790383682111899052150908091308214430e-94, 0.0000000000000000e+00)
 (-1.198509146801202771751897449947821201898245974731310928982311796188258118828543910268578584970051746160e-94, 0.0000000000000000e+00)
 (-3.745341083753758661724679531086941255932018671035346653069724363088306621339199719589308078031411706750e-96, 0.0000000000000000e+00)
 (-9.363352709384396654311698827717353139830046677588366632674310907720766553347999298973270195078529266890e-96, 0.0000000000000000e+00)
 (-5.407701945634699395859315123742229147358876567505625025941003389478575527001959751379679681024845906680e-96, 0.0000000000000000e+00)
 (2.251227965869568804972207276742199553736481925802984243129311860821145239681911550202362423855794829600e-96, 0.0000000000000000e+00)
 (-2.130528497350160566850220534041155548418360230349696704504994571776307233330159996739035112747360663270e-97, 0.0000000000000000e+00)
 (5.852095443365247908944811767323345712393779173492729145421444317325479095842499561858293871924080791800e-97, 0.0000000000000000e+00)
 (-3.200364695590369950204193935254954686465347985503836251402352361037371380538866947891254461208481683020e-98, 0.0000000000000000e+00)
 (1.805920078225994471900938006322438715934017791820021884719898832299659564732646349167207874539071806850e-98, -0.0000000000000000e+00)]
endpoint:
  SUSYc1XM1 = 1.88143
  SUSYc1XM2 = -9.93665
  SUSYc1XM3 = -89.6314
  SUSYc1XM5 = -1219.3
  SUSYc1XM6 = -119.22
  SUSYc1XM7 = -1003.66
  SUSYc1XM8 = -3181.45
  SUSYc1XM9 = 2475.91
  SUSYc1XM10 = -1553.45
  SUSYc2XM1 = -1.12886
  SUSYc2XM2 = 3.8948
  SUSYc2XM3 = 2.22549
  SUSYc2XM4 = -5.06494
  SUSYc2XM5 = 9.48932
  SUSYc2XM6 = -4.05238
residual at lambda0 = 0:
[(-2.7755575615628913510590e-17, 0.0000000000000000e+00)
 (5.5511151231257827021180e-17, 0.0000000000000000e+00)
 (-6.9388939039072283776480e-17, 0.0000000000000000e+00)
 (4.1633363423443370265890e-17, 0.0000000000000000e+00)
 (5.5511151231257827021180e-17, 0.0000000000000000e+00)
 (9.7144514654701197287070e-17, 0.0000000000000000e+00)
 (1.7347234759768070944120e-17, 0.0000000000000000e+00)
 (3.3393426912553536567430e-17, 0.0000000000000000e+00)
 (4.9873299934333203964340e-18, 0.0000000000000000e+00)
 (1.1926223897340548774080e-18, 0.0000000000000000e+00)
 (-7.5894152073985310380520e-19, 0.0000000000000000e+00)
 (-3.2526065174565133020220e-19, 0.0000000000000000e+00)
 (0.0000000000000000e+00, 0.0000000000000000e+00)
 (2.7105054312137610850190e-20, 0.0000000000000000e+00)
 (6.7762635780344027125470e-21, -0.0000000000000000e+00)]
wrote: /home/zuxian/Documents/Bertini/.runs/syt-354779d3-719f-4a57-acf1-a755bab12829/saved_data/output.csv
