Input: /home/zuxian/Documents/Bertini/.runs/syt-d1210a63-2bc5-4174-ba5f-fb34f845daa1/saved_data/initial_data.csv
lambda0: 500 -> 0
parameter symbol in expressions: h
status: Success
start residual:
[(-2.247204650252255197034807718652164753559211202621207991841834617852983972803519831753584846818847024050e-95, 0.0000000000000000e+00)
 (-5.992545734006013858759487249739106009491229873656554644911558980941290594142719551342892924850258730810e-95, 0.0000000000000000e+00)
 (-2.996272867003006929379743624869553004745614936828277322455779490470645297071359775671446462425129365400e-94, 0.0000000000000000e+00)
 (-1.198509146801202771751897449947821201898245974731310928982311796188258118828543910268578584970051746160e-94, 0.0000000000000000e+00)
 (-1.872670541876879330862339765543470627966009335517673326534862181544153310669599859794654039015705853380e-94, 0.0000000000000000e+00)
 (0.0000000000000000e+00, 0.0000000000000000e+00)
 (1.591769960595347431232988800711950033771107935190022327554632854312530314069159880825455933163349975370e-95, 0.0000000000000000e+00)
 (6.671388805436382616197085414748614112128908257781711225780446521751046169260449500518455013993452102660e-96, 0.0000000000000000e+00)
 (4.798718263559503285334745649205143484162898922264037899245584340206892858590849640723800974977746249280e-96, 0.0000000000000000e+00)
 (-2.533431552777162498081284234818788236625158503524733232583326431514047737487285210714630540453071303720e-96, 0.0000000000000000e+00)
 (-7.456849740725561983975771869144044419464260806223938465767481001217075316655559988586622894615762321430e-97, 0.0000000000000000e+00)
 (3.049490359941109652551710506878649679817695866187226828121955749731323872599177506062095322322938975100e-97, 0.0000000000000000e+00)
 (4.343352086872644932419977483560295645917257980326634912617478204265004016445605143566702483068653712670e-98, 0.0000000000000000e+00)
 (1.314435499974616229548151080551142103369696494046218460397394719711777531292748925026765225139197834100e-98, -0.0000000000000000e+00)]
endpoint:
  SUSYc1XM1 = -4.5002
  SUSYc1XM2 = 1.32391
  SUSYc1XM3 = 71.0555
  SUSYc1XM4 = -380.369
  SUSYc1XM6 = -5728.09
  SUSYc1XM7 = -6488.07
  SUSYc1XM8 = -15610.8
  SUSYc1XM9 = -9333.49
  SUSYc1XM10 = -4430.82
  SUSYc2XM1 = 3.00014
  SUSYc2XM2 = 8.54063
  SUSYc2XM3 = 10.9512
  SUSYc2XM4 = 9.8035
  SUSYc2XM5 = 3.43254
residual at lambda0 = 0:
[(5.5511151231257827021180e-17, 0.0000000000000000e+00)
 (0.0000000000000000e+00, 0.0000000000000000e+00)
 (-1.1102230246251565404240e-16, 0.0000000000000000e+00)
 (-6.1062266354383609723300e-16, 0.0000000000000000e+00)
 (-3.9031278209478159624270e-16, 0.0000000000000000e+00)
 (-1.3183898417423733917530e-16, 0.0000000000000000e+00)
 (-8.6736173798840354720600e-18, 0.0000000000000000e+00)
 (-2.8460307027744491392700e-17, 0.0000000000000000e+00)
 (3.0791341698588325925810e-17, 0.0000000000000000e+00)
 (5.1499603193061460615350e-19, 0.0000000000000000e+00)
 (5.4210108624275221700370e-19, 0.0000000000000000e+00)
 (1.0842021724855044340070e-19, 0.0000000000000000e+00)
 (-1.0842021724855044340070e-19, 0.0000000000000000e+00)
 (2.7105054312137610850190e-20, -0.0000000000000000e+00)]
wrote: /home/zuxian/Documents/Bertini/.runs/syt-d1210a63-2bc5-4174-ba5f-fb34f845daa1/saved_data/output.csv
