Input: /home/zuxian/Documents/Bertini/.runs/syt-90cd5917-ca89-4ed3-baee-abc0d56328d5/saved_data/initial_data.csv
lambda0: 500 -> 0
parameter symbol in expressions: h
status: Success
start residual:
[(1.227273366324431638273942988746568910743803878124862391277887279296776313680428964115024471009332988070e-91, 0.0000000000000000e+00)
 (4.909093465297726553095771954986275642975215512499449565111549117187105254721715856460097884037331952280e-91, 0.0000000000000000e+00)
 (9.818186930595453106191543909972551285950431024998899130223098234374210509443431712920195768074663904550e-91, 0.0000000000000000e+00)
 (-9.818186930595453106191543909972551285950431024998899130223098234374210509443431712920195768074663904550e-91, 0.0000000000000000e+00)
 (-1.534091707905539547842428735933211138429754847656077989097359099120970392100536205143780588761666235090e-90, 0.0000000000000000e+00)
 (3.381069209947868094285337199893425349380070535090448837592162971534337919347749154862051974362076604160e-91, 0.0000000000000000e+00)
 (3.800472504506613989225266813784541031219337985872986955802910705712966494805312739461662692940034087080e-91, 0.0000000000000000e+00)
 (-1.704879261324710942817074122550775659700254899055289796477338530077797174033603712357053037119898608910e-92, 0.0000000000000000e+00)
 (3.988039185981002223004438764701375049316413480918437116188642501816428890401979861418695241487847185350e-92, 0.0000000000000000e+00)
 (-5.337111044349106092957668331798891289703126606225368980624357217400836935408359600414764011194761682130e-95, 0.0000000000000000e+00)
 (-9.597436527119006570669491298410286968325797844528075798491168680413785717181699281447601949955492498560e-96, 0.0000000000000000e+00)
 (1.404502906407659498146754824157602970974507001638254994901146636158114983002199894845990529261779390030e-96, 0.0000000000000000e+00)
 (0.0000000000000000e+00, 0.0000000000000000e+00)
 (0.0000000000000000e+00, 0.0000000000000000e+00)
 (1.170419088673049581788962353464669142478755834698545829084288863465095819168499912371658774384816158360e-97, 0.0000000000000000e+00)
 (-1.463023860841311977236202941830836428098444793373182286355361079331369773960624890464573467981020197950e-98, -0.0000000000000000e+00)]
endpoint:
  SUSYc1XM1 = -3.37996
  SUSYc1XM2 = 0.303623
  SUSYc1XM3 = 58.4057
  SUSYc1XM4 = -304.802
  SUSYc1XM6 = -4160.76
  SUSYc1XM7 = -1134.18
  SUSYc1XM8 = -1862.6
  SUSYc1XM9 = 14111.2
  SUSYc1XM10 = 15952.9
  SUSYc1XM11 = 8998.45
  SUSYc2XM1 = 2.25331
  SUSYc2XM2 = 4.59566
  SUSYc2XM3 = -1.88532
  SUSYc2XM4 = -11.9207
  SUSYc2XM5 = -18.4035
  SUSYc2XM6 = -9.19568
residual at lambda0 = 0:
[(3.987880436374079867031470414800917759175493733228090072882779329790069824929399470250835840763886645750e-74, 0.0000000000000000e+00)
 (2.574241957477584288320699423039630052019792922213367029933062939826633226516111555916834975266009736250e-73, 0.0000000000000000e+00)
 (6.316036986256852221789261769011154607411109917584372305334352607731038622870469716350918685343598210570e-73, 0.0000000000000000e+00)
 (9.722082517477766772597418759470697742538317725068988027339478852539229828311435196802540465112998032510e-73, 0.0000000000000000e+00)
 (1.039899660721578577761206286798041260000267883739431146783535125575808019396856322510040966006814932090e-72, 0.0000000000000000e+00)
 (8.050608842412313151331648942974084069389035344520566767633921186153566516511917647856463211249269954580e-73, 0.0000000000000000e+00)
 (4.483048872720105121350171872698379963821828556436768907382769818648781714863998954732339446104292334270e-73, 0.0000000000000000e+00)
 (1.859617433572042278721306349484945741484749157196937973219021797917754605304003531556601985181300255740e-73, 0.0000000000000000e+00)
 (5.304304241332134657098613321072774010972310209651315279644557971517787620604324265099231835987813416760e-74, 0.0000000000000000e+00)
 (1.095352318393946465613832486232391448027375114996304790767300889434397854377280648307267504746590590770e-74, 0.0000000000000000e+00)
 (1.299706713644129712320719431714324165049557322365338183957511694678544854964395075063137708964131528290e-75, 0.0000000000000000e+00)
 (5.454521352558042564473309744909412789901784992432347662128807285014306966485155378370120882350450418140e-76, 0.0000000000000000e+00)
 (3.708470165669369558088620295979796977864832607830952849181752925632071833500560508282229972561674907990e-76, 0.0000000000000000e+00)
 (1.404932607971596505937449609510177222288330773684991654399782657287000504775871383347440702295503571120e-76, -0.0000000000000000e+00)
 (2.159335837040804315155902510191456994055614147579773421895095928404803476083125730329127807554585926940e-77, -0.0000000000000000e+00)
 (0.0000000000000000e+00, -0.0000000000000000e+00)]
wrote: /home/zuxian/Documents/Bertini/.runs/syt-90cd5917-ca89-4ed3-baee-abc0d56328d5/saved_data/output.csv
