Input: /home/zuxian/Documents/Bertini/.runs/syt-8b3edb86-ff16-4863-8f5f-f427e4421cff/saved_data/initial_data.csv
lambda0: 500 -> 0
parameter symbol in expressions: h
status: Success
start residual:
[(-5.992545734006013858759487249739106009491229873656554644911558980941290594142719551342892924850258730810e-95, 0.0000000000000000e+00)
 (1.498136433501503464689871812434776502372807468414138661227889745235322648535679887835723231212564682700e-95, 0.0000000000000000e+00)
 (-5.992545734006013858759487249739106009491229873656554644911558980941290594142719551342892924850258730810e-95, 0.0000000000000000e+00)
 (1.872670541876879330862339765543470627966009335517673326534862181544153310669599859794654039015705853380e-94, 0.0000000000000000e+00)
 (1.498136433501503464689871812434776502372807468414138661227889745235322648535679887835723231212564682700e-95, 0.0000000000000000e+00)
 (-5.992545734006013858759487249739106009491229873656554644911558980941290594142719551342892924850258730810e-95, 0.0000000000000000e+00)
 (7.490682167507517323449359062173882511864037342070693306139448726176613242678399439178616156062823413510e-96, 0.0000000000000000e+00)
 (0.0000000000000000e+00, 0.0000000000000000e+00)
 (-1.217235852219971565060520847603255908177906068086487662247660418003699651935239908866525125360208804700e-95, 0.0000000000000000e+00)
 (4.515257390521499089745231329225418926218825243547983831264233131086439964885978568196289865556423585930e-96, 0.0000000000000000e+00)
 (-8.997596744174068660002648092259644032805435479245071061085470637887924109857843076357126828083274217400e-97, 0.0000000000000000e+00)
 (1.317007221605001348258136593534829120528463291534569757385128752859039704723539085967034983188383221160e-96, 0.0000000000000000e+00)
 (2.738597789512330857389017381739596938846776347595425592271441520373407795632544716838373460376972183040e-97, 0.0000000000000000e+00)
 (1.188706886933565981504414890237554597829986394615710607663730876956737941343007723502465942734578910840e-97, 0.0000000000000000e+00)
 (3.063206208636496952338299909458313771331118786125100412056537259850055464230058364410200698585261039460e-98, 0.0000000000000000e+00)
 (-1.371584869538729978658940257966409151342291993787358393458151011873159163088085834810537626232206435580e-99, -0.0000000000000000e+00)]
endpoint:
  SUSYc1XM1 = -1.26192
  SUSYc1XM2 = -19.1528
  SUSYc1XM4 = -238.778
  SUSYc1XM5 = -295.834
  SUSYc1XM6 = -227.463
  SUSYc1XM7 = -774.308
  SUSYc1XM8 = -590.834
  SUSYc1XM9 = 588.928
  SUSYc1XM10 = -519.152
  SUSYc2XM1 = 0.630958
  SUSYc2XM2 = 3.30829
  SUSYc2XM3 = 7.02172
  SUSYc2XM4 = 2.3729
  SUSYc2XM5 = 1.5081
  SUSYc2XM6 = 9.009
  SUSYc2XM7 = -4.35543
residual at lambda0 = 0:
[(1.507899980904083224038967789151092673509598427632319240717936191674692643125471058570655541593287602800e-63, 0.0000000000000000e+00)
 (-1.974205034386520298304681246583660792138326398724853790101284412458500173377880257367835726988625843730e-62, 0.0000000000000000e+00)
 (3.322858559386264170378025064751843079797666112800025136029122009428142101466289047312217656194405050860e-62, 0.0000000000000000e+00)
 (-3.838225672164302366280468296440601759813908829425392361036395550780381967677785438160553608444399905920e-62, 0.0000000000000000e+00)
 (1.810478906478047178308332888039882058006548960631626588281435789551506093484103484726330694376823727550e-62, 0.0000000000000000e+00)
 (-2.891188975756146350990046062471724049259569904420865454741193573540724615409971657927986143341734765780e-63, 0.0000000000000000e+00)
 (-2.203227834908840706304838696565958902880374932351894573400982229688962424741025707340121231532857313400e-62, 0.0000000000000000e+00)
 (1.056206653476428168906039543896255650622740012632188552277030316274025028589600323610018794156060908200e-62, 0.0000000000000000e+00)
 (-8.232930295981389402788546048679560813759310782676587044730674884889791186945613211526074116585349141410e-63, 0.0000000000000000e+00)
 (-8.008883173861593807668707426275556915334805089184023982218708259440324122297160813167814282838702826520e-65, 0.0000000000000000e+00)
 (9.825960828334376130487673956032503121304052287133440184011877494585018558204536224129450376069659239160e-65, 0.0000000000000000e+00)
 (-4.578744365350098191885010212263816940418674597262687454398362712969235736673111362199149850194658677280e-64, 0.0000000000000000e+00)
 (2.225506571523381259205352078902865636647414522281194414228381929243877218299947560676696737906052363990e-64, 0.0000000000000000e+00)
 (-6.000335974642955751780508775206990417670263903572972493178079439220930815146035021028013240185460829340e-65, 0.0000000000000000e+00)
 (5.788192675450042014673509273816564876150865631941272397698254026338131922785168070363856038132076225780e-66, 0.0000000000000000e+00)
 (0.0000000000000000e+00, -0.0000000000000000e+00)]
wrote: /home/zuxian/Documents/Bertini/.runs/syt-8b3edb86-ff16-4863-8f5f-f427e4421cff/saved_data/output.csv
