Input: /home/zuxian/Documents/Bertini/.runs/syt-051b45a6-8835-4ef8-aa59-e7149f4341d9/saved_data/initial_data.csv
lambda0: 500 -> 0
parameter symbol in expressions: h
status: Success
start residual:
[(-1.138583689461142633164302577450430141803333675994745382533196206378845212887116714755149655721549158850e-93, 0.0000000000000000e+00)
 (-9.588073174409622174015179599582569615185967797850487431858494369506064950628351282148628679760413969290e-94, 0.0000000000000000e+00)
 (-4.794036587204811087007589799791284807592983898925243715929247184753032475314175641074314339880206984650e-94, 0.0000000000000000e+00)
 (0.0000000000000000e+00, 0.0000000000000000e+00)
 (0.0000000000000000e+00, 0.0000000000000000e+00)
 (-1.018732774781022355989112832455648021613509078521614289634965026760019401004262323728291797224543984240e-93, 0.0000000000000000e+00)
 (1.078658232121082494576707704953039081708421377258179836084080616569432306945689519241720726473046571550e-93, 0.0000000000000000e+00)
 (-8.988818601009020788139230874608659014236844810484831967367338471411935891214079327014339387275388096210e-95, 0.0000000000000000e+00)
 (4.494409300504510394069615437304329507118422405242415983683669235705967945607039663507169693637694048110e-95, 0.0000000000000000e+00)
 (-6.554346896569077658018189179402147197881032674311856642872017635404536587343599509281289136554970486820e-96, 0.0000000000000000e+00)
 (-5.084007916423559120895805222862156587642095656971808445084879750676509964513171494364392801234045187880e-97, 0.0000000000000000e+00)
 (-6.477538143874908779213288524956028285405864322659764572838361178739639674210666702531899029485966926430e-96, 0.0000000000000000e+00)
 (-2.421304489692371322325915868730034288502926133032616683918122586293416975904834193718869089508588427610e-96, 0.0000000000000000e+00)
 (8.403243300707285669250440647140866733890442281937215757253605199409555139186339214605893856715984761980e-97, 0.0000000000000000e+00)
 (1.014972803458660184207615790895142771993296075402645211159031748786137780685183517759797843411832762330e-97, 0.0000000000000000e+00)
 (-4.571949565129099928863134193221363837807639979291194644860503372910530543626952782701792087440688118600e-100, -0.0000000000000000e+00)]
endpoint:
  SUSYc1XM1 = 3.37996
  SUSYc1XM2 = 0.303623
  SUSYc1XM3 = -58.4057
  SUSYc1XM4 = -304.802
  SUSYc1XM6 = -4160.76
  SUSYc1XM7 = 1134.18
  SUSYc1XM8 = -1862.6
  SUSYc1XM9 = -14111.2
  SUSYc1XM10 = 15952.9
  SUSYc1XM11 = -8998.45
  SUSYc2XM1 = -2.25331
  SUSYc2XM2 = 4.59566
  SUSYc2XM3 = 1.88532
  SUSYc2XM4 = -11.9207
  SUSYc2XM5 = 18.4035
  SUSYc2XM6 = -9.19568
residual at lambda0 = 0:
[(-2.01948391736579022185402512712390e-27, 0.0000000000000000e+00)
 (5.16987882845642296794630432543730e-26, 0.0000000000000000e+00)
 (6.46234853557052870993288040679660e-27, 0.0000000000000000e+00)
 (-6.46234853557052870993288040679660e-27, 0.0000000000000000e+00)
 (2.58493941422821148397315216271860e-26, 0.0000000000000000e+00)
 (4.84676140167789653244966030509740e-27, 0.0000000000000000e+00)
 (-1.61558713389263217748322010169910e-26, 0.0000000000000000e+00)
 (-6.46234853557052870993288040679660e-27, 0.0000000000000000e+00)
 (-1.71025044251915359413262752953310e-27, 0.0000000000000000e+00)
 (-1.76704842769506644412227198623340e-28, 0.0000000000000000e+00)
 (7.57306469012171333195259422671470e-29, 0.0000000000000000e+00)
 (0.0000000000000000e+00, 0.0000000000000000e+00)
 (1.51461293802434266639051884534290e-28, 0.0000000000000000e+00)
 (-4.73316543132607083247037139169670e-30, -0.0000000000000000e+00)
 (3.15544362088404722164691426113110e-30, -0.0000000000000000e+00)
 (0.0000000000000000e+00, -0.0000000000000000e+00)]
wrote: /home/zuxian/Documents/Bertini/.runs/syt-051b45a6-8835-4ef8-aa59-e7149f4341d9/saved_data/output.csv
