Input: /home/zuxian/Documents/Bertini/.runs/syt-a03e79d8-3d33-478a-9fff-fb03ac2cd409/saved_data/initial_data.csv
lambda0: 1000 -> 0
parameter symbol in expressions: h
status: Success
start residual:
[(8.12141387941007751447687857865773934983558031904350586113939302796632543324575831658370377297850971593492669138480286670910e-115, 0.0000000000000000e+00)
 (-4.06070693970503875723843928932886967491779015952175293056969651398316271662287915829185188648925485796746334569240143335460e-115, 0.0000000000000000e+00)
 (1.62428277588201550289537571573154786996711606380870117222787860559326508664915166331674075459570194318698533827696057334180e-114, 0.0000000000000000e+00)
 (-4.06070693970503875723843928932886967491779015952175293056969651398316271662287915829185188648925485796746334569240143335460e-114, 0.0000000000000000e+00)
 (0.0000000000000000e+00, 0.0000000000000000e+00)
 (0.0000000000000000e+00, 0.0000000000000000e+00)
 (-3.19780671501771802132527094034648486899775975062338043282363600476174063934051733715483336061028820064937738473276612876670e-114, 0.0000000000000000e+00)
 (1.01517673492625968930960982233221741872944753988043823264242412849579067915571978957296297162231371449186583642310035833860e-114, 0.0000000000000000e+00)
 (-3.29932438851034399025623192257970661087070450461142425608787841761131970725608931611212965777251957209856396837507616460060e-115, 0.0000000000000000e+00)
 (2.50324341375859933154957500135629783426938968574033841545128996528503072741034420768723779623666223544136839547688320781740e-117, 0.0000000000000000e+00)
 (-2.99149980238280137938647230360104107521104292147384996777198711692973474057850045413712477233430823581953629043623567508480e-116, 0.0000000000000000e+00)
 (-1.18137288954393303230586842499033449461977106672640414142569696288652765115068008044100984238854607293277203391735456586760e-116, 0.0000000000000000e+00)
 (-2.23061294295320732514318564477293866420044625462010353852095145421438381650426711576090496694356040781904114448435137330270e-116, 0.0000000000000000e+00)
 (1.80927494261760149706058391187138358318480640652519509235588284619611131783123888278384513985422121967544448385952944723440e-117, 0.0000000000000000e+00)
 (6.04124338716493650559612778792670888220954193959611375016091018849728950303239010518578428547214277117656976631178496936140e-118, 0.0000000000000000e+00)
 (-9.91383530201425477841415842121306072977976113164490461564867312984170585113007607004846651974915736808462730881933943690080e-119, -0.0000000000000000e+00)]
endpoint:
  SUSYc1XM1 = -1.26192
  SUSYc1XM2 = -19.1528
  SUSYc1XM4 = -238.778
  SUSYc1XM5 = -295.834
  SUSYc1XM6 = -227.463
  SUSYc1XM7 = -774.308
  SUSYc1XM8 = -590.834
  SUSYc1XM9 = 588.928
  SUSYc1XM10 = -519.152
  SUSYc2XM1 = 0.630958
  SUSYc2XM2 = 3.30829
  SUSYc2XM3 = 7.02172
  SUSYc2XM4 = 2.3729
  SUSYc2XM5 = 1.5081
  SUSYc2XM6 = 9.009
  SUSYc2XM7 = -4.35543
residual at lambda0 = 0:
[(2.50304471780348258785269555868506265150189923576848204909321205216456636297575576642502127669942477706082829488472435858220e-27, 0.0000000000000000e+00)
 (-2.90357309571857113637794351220359444919845746049250909302072230731379056111264337778496680928194272704046626285088593606020e-26, 0.0000000000000000e+00)
 (4.95461597310912749739297503326348091395684956128752077217583254874162937904748441360253712501037852475908379629007647022800e-26, 0.0000000000000000e+00)
 (-5.60060336501245953569231759754232445492075632966913467262992274004818814602448161488189856304408371010677182445462211638360e-26, 0.0000000000000000e+00)
 (2.39478914186619716943414861972960543917872210933640243955191416264231966079385630665348961104001178956999798763822175976470e-26, 0.0000000000000000e+00)
 (2.58735516966445622397136648270442343221001190593426099996072925679983285326643218212883813452564327662009261775367609616900e-27, 0.0000000000000000e+00)
 (-3.90443006252679200647542930583493445318779543215022362083740152451857305395156244375142390019076831329621326624698115499100e-26, 0.0000000000000000e+00)
 (2.22624106068097181071592312835234649778185253238416180681494732064853652418492917543800241430313549548763670184802288877500e-26, 0.0000000000000000e+00)
 (-1.57300276718397249978265642624256977705464335090219457790646527437244520941263350464526549036627230047773943656508781731500e-26, 0.0000000000000000e+00)
 (1.71193670277006867407809957737362818460878648381087337576348243289285428859512089338139223768643861623900453997494639274540e-27, 0.0000000000000000e+00)
 (-2.62060856408184208622674326901996416752157863076292286032013490927653479449879848822696499616435003567996369641026299503820e-28, 0.0000000000000000e+00)
 (-6.46412088223969098169083474313069517514507290558207371156691520488405768752929786973389035458797578777076336562193262200140e-28, 0.0000000000000000e+00)
 (3.56000160904407495410448652871057778578619220859399927561328194211043866005609634473337956062783044753709873255365028812770e-28, 0.0000000000000000e+00)
 (-1.03370677062187047427261879546421769618086521892075446466356677637558755178091623740106802054035948391430529299264953401500e-28, 0.0000000000000000e+00)
 (1.03445658339754833652302736805943284579262621028110797305695096790848382856470318770224453489525663146995954806751231057040e-29, 0.0000000000000000e+00)
 (0.0000000000000000e+00, -0.0000000000000000e+00)]
wrote: /home/zuxian/Documents/Bertini/.runs/syt-a03e79d8-3d33-478a-9fff-fb03ac2cd409/saved_data/output.csv
