Traceback (most recent call last):
  File "/home/zuxian/Documents/Bertini/continue_lambda0_to_zero.py", line 440, in <module>
    main()
    ~~~~^^
  File "/home/zuxian/Documents/Bertini/continue_lambda0_to_zero.py", line 436, in main
    run_one(input_path, args)
    ~~~~~~~^^^^^^^^^^^^^^^^^^
  File "/home/zuxian/Documents/Bertini/continue_lambda0_to_zero.py", line 305, in run_one
    status, endpoint, residual = continue_parameter(
                                 ~~~~~~~~~~~~~~~~~~^
        system=system,
        ^^^^^^^^^^^^^^
    ...<6 lines>...
        predictor=args.predictor,
        ^^^^^^^^^^^^^^^^^^^^^^^^^
    )
    ^
  File "/home/zuxian/Documents/Bertini/continue_lambda0_to_zero.py", line 201, in continue_parameter
    residual = system.eval(endpoint, bertini.multiprec.Complex("0"))
RuntimeError: precision of input point in SetVariables (80) must match the precision of the system (1210).
