Input: /home/zuxian/Documents/Bertini/.runs/syt-73969767-f87b-47d7-bed0-a30dcfb9f367/saved_data/initial_data.csv
lambda0: 500 -> 0
parameter symbol in expressions: h
status: Success
start residual:
[(-3.068183415811079095684857471866422276859509695312155978194718198241940784201072410287561177523332470170e-92, 0.0000000000000000e+00)
 (0.0000000000000000e+00, 0.0000000000000000e+00)
 (0.0000000000000000e+00, 0.0000000000000000e+00)
 (-9.204550247433237287054572415599266830578529085936467934584154594725822352603217230862683532569997410520e-92, 0.0000000000000000e+00)
 (1.840910049486647457410914483119853366115705817187293586916830918945164470520643446172536706513999482100e-91, 0.0000000000000000e+00)
 (7.352127955790401713957181698770734978777402226359079450892450610519615199605232419552059190351148876680e-92, 0.0000000000000000e+00)
 (6.588804034539612237706056231088147057435607246085381832080259099544949008259920146701510770872859474520e-92, 0.0000000000000000e+00)
 (-5.904822823309968792604404521346929057262447123845898635021691530624581662496040482910637099710116759740e-92, 0.0000000000000000e+00)
 (-1.761246644635205010676030549493634125602031780054371763606037881742276188684758668136872123694271355100e-93, 0.0000000000000000e+00)
 (2.223796268478794205399028471582871370709636085927237075260148840583682056420149833506151671331150700890e-96, 0.0000000000000000e+00)
 (1.872670541876879330862339765543470627966009335517673326534862181544153310669599859794654039015705853380e-96, 0.0000000000000000e+00)
 (-4.681676354692198327155849413858676569915023338794183316337155453860383276673999649486635097539264633440e-97, 0.0000000000000000e+00)
 (-2.340838177346099163577924706929338284957511669397091658168577726930191638336999824743317548769632316720e-97, 0.0000000000000000e+00)
 (5.852095443365247908944811767323345712393779173492729145421444317325479095842499561858293871924080791800e-98, 0.0000000000000000e+00)
 (-1.463023860841311977236202941830836428098444793373182286355361079331369773960624890464573467981020197950e-98, -0.0000000000000000e+00)]
endpoint:
  SUSYc1XM1 = -1.88143
  SUSYc1XM2 = -9.93665
  SUSYc1XM3 = 89.6314
  SUSYc1XM5 = 1219.3
  SUSYc1XM6 = -119.22
  SUSYc1XM7 = 1003.66
  SUSYc1XM8 = -3181.45
  SUSYc1XM9 = -2475.91
  SUSYc1XM10 = -1553.45
  SUSYc2XM1 = 1.12886
  SUSYc2XM2 = 3.8948
  SUSYc2XM3 = -2.22549
  SUSYc2XM4 = -5.06494
  SUSYc2XM5 = -9.48932
  SUSYc2XM6 = -4.05238
residual at lambda0 = 0:
[(4.84676140167789653244966030509740e-27, 0.0000000000000000e+00)
 (-3.23117426778526435496644020339830e-27, 0.0000000000000000e+00)
 (-1.61558713389263217748322010169910e-27, 0.0000000000000000e+00)
 (4.64481300994131751026425779238500e-27, 0.0000000000000000e+00)
 (0.0000000000000000e+00, 0.0000000000000000e+00)
 (4.13994203059986995480075151060410e-27, 0.0000000000000000e+00)
 (3.23117426778526435496644020339830e-27, 0.0000000000000000e+00)
 (1.11071615455118462201971381991820e-27, 0.0000000000000000e+00)
 (1.02236373316643129981360022060650e-27, 0.0000000000000000e+00)
 (-2.52435489670723777731753140890490e-29, 0.0000000000000000e+00)
 (1.89326617253042833298814855667870e-28, 0.0000000000000000e+00)
 (3.78653234506085666597629711335740e-29, 0.0000000000000000e+00)
 (-1.41994962939782124974111141750900e-29, 0.0000000000000000e+00)
 (-3.15544362088404722164691426113110e-30, 0.0000000000000000e+00)
 (0.0000000000000000e+00, -0.0000000000000000e+00)]
wrote: /home/zuxian/Documents/Bertini/.runs/syt-73969767-f87b-47d7-bed0-a30dcfb9f367/saved_data/output.csv
