Input: /home/zuxian/Documents/Bertini/.runs/syt-b7ce06fb-10c3-4325-83b8-2c13242ad571/saved_data/initial_data.csv
lambda0: 500 -> 0
parameter symbol in expressions: h
status: Success
start residual:
[(-5.992545734006013858759487249739106009491229873656554644911558980941290594142719551342892924850258730810e-95, 0.0000000000000000e+00)
 (1.498136433501503464689871812434776502372807468414138661227889745235322648535679887835723231212564682700e-95, 0.0000000000000000e+00)
 (-5.992545734006013858759487249739106009491229873656554644911558980941290594142719551342892924850258730810e-95, 0.0000000000000000e+00)
 (1.872670541876879330862339765543470627966009335517673326534862181544153310669599859794654039015705853380e-94, 0.0000000000000000e+00)
 (1.498136433501503464689871812434776502372807468414138661227889745235322648535679887835723231212564682700e-95, 0.0000000000000000e+00)
 (-5.992545734006013858759487249739106009491229873656554644911558980941290594142719551342892924850258730810e-95, 0.0000000000000000e+00)
 (7.490682167507517323449359062173882511864037342070693306139448726176613242678399439178616156062823413510e-96, 0.0000000000000000e+00)
 (0.0000000000000000e+00, 0.0000000000000000e+00)
 (-1.217235852219971565060520847603255908177906068086487662247660418003699651935239908866525125360208804700e-95, 0.0000000000000000e+00)
 (4.515257390521499089745231329225418926218825243547983831264233131086439964885978568196289865556423585930e-96, 0.0000000000000000e+00)
 (-8.997596744174068660002648092259644032805435479245071061085470637887924109857843076357126828083274217400e-97, 0.0000000000000000e+00)
 (1.317007221605001348258136593534829120528463291534569757385128752859039704723539085967034983188383221160e-96, 0.0000000000000000e+00)
 (2.738597789512330857389017381739596938846776347595425592271441520373407795632544716838373460376972183040e-97, 0.0000000000000000e+00)
 (1.188706886933565981504414890237554597829986394615710607663730876956737941343007723502465942734578910840e-97, 0.0000000000000000e+00)
 (3.063206208636496952338299909458313771331118786125100412056537259850055464230058364410200698585261039460e-98, 0.0000000000000000e+00)
 (-1.371584869538729978658940257966409151342291993787358393458151011873159163088085834810537626232206435580e-99, -0.0000000000000000e+00)]
endpoint:
  SUSYc1XM1 = -1.26192
  SUSYc1XM2 = -19.1528
  SUSYc1XM4 = -238.778
  SUSYc1XM5 = -295.834
  SUSYc1XM6 = -227.463
  SUSYc1XM7 = -774.308
  SUSYc1XM8 = -590.834
  SUSYc1XM9 = 588.928
  SUSYc1XM10 = -519.152
  SUSYc2XM1 = 0.630958
  SUSYc2XM2 = 3.30829
  SUSYc2XM3 = 7.02172
  SUSYc2XM4 = 2.3729
  SUSYc2XM5 = 1.5081
  SUSYc2XM6 = 9.009
  SUSYc2XM7 = -4.35543
residual at lambda0 = 0:
[(-1.0408340855860842566470e-17, 0.0000000000000000e+00)
 (-2.7755575615628913510590e-17, 0.0000000000000000e+00)
 (-2.7755575615628913510590e-17, 0.0000000000000000e+00)
 (2.7755575615628913510590e-17, 0.0000000000000000e+00)
 (-1.3877787807814456755300e-17, 0.0000000000000000e+00)
 (1.3877787807814456755300e-17, 0.0000000000000000e+00)
 (-1.4094628242311557642100e-17, 0.0000000000000000e+00)
 (-8.6736173798840354720600e-18, 0.0000000000000000e+00)
 (2.1684043449710088680150e-18, 0.0000000000000000e+00)
 (-8.9988780316296868022620e-18, 0.0000000000000000e+00)
 (-6.6136332521615770474450e-18, 0.0000000000000000e+00)
 (-8.4025668367626593635580e-19, 0.0000000000000000e+00)
 (2.9815559743351371935200e-19, 0.0000000000000000e+00)
 (0.0000000000000000e+00, 0.0000000000000000e+00)
 (2.7105054312137610850190e-20, 0.0000000000000000e+00)
 (0.0000000000000000e+00, -0.0000000000000000e+00)]
wrote: /home/zuxian/Documents/Bertini/.runs/syt-b7ce06fb-10c3-4325-83b8-2c13242ad571/saved_data/output.csv
