Input: /home/zuxian/Documents/Bertini/.runs/syt-5b4af8a0-14cc-40dc-9c54-7175dbfebd0d/saved_data/initial_data.csv
lambda0: 500 -> 0
parameter symbol in expressions: h
status: Success
start residual:
[(-1.558061890841563603277466684932167562467719767150704207677005335044735554477107083349152160461067270010e-93, 0.0000000000000000e+00)
 (5.273440245925292195708348779770413288352282288817768087522171903228335722845593205181745773868227683110e-93, 0.0000000000000000e+00)
 (0.0000000000000000e+00, 0.0000000000000000e+00)
 (7.670458539527697739212143679666055692148774238280389945486795495604851960502681025718902943808331175430e-93, 0.0000000000000000e+00)
 (8.749116771648780233788851384619094773857195615538569781570876112174284267448370544960623670281377746980e-93, 0.0000000000000000e+00)
 (4.794036587204811087007589799791284807592983898925243715929247184753032475314175641074314339880206984650e-93, 0.0000000000000000e+00)
 (1.797763720201804157627846174921731802847368962096966393473467694282387178242815865402867877455077619240e-94, 0.0000000000000000e+00)
 (2.771552401977781409676262853004336529389693816566156523271596028685346899791007792496087977743244663000e-94, 0.0000000000000000e+00)
 (-2.022484185227029677331326946786948278203290082359087192657651156067685575523167848578226362136962321650e-94, 0.0000000000000000e+00)
 (1.779037014783035364319222777266297096567708868741789660208119072466945645136119866804921337064920560710e-95, 0.0000000000000000e+00)
 (5.383927807896028076229226825937478055402276839613310813787728771939440768175099596909630362170154328460e-96, 0.0000000000000000e+00)
 (-2.518687015429621150810700627045649338248228864591519129853651308136411276484088287990417260971075084530e-96, 0.0000000000000000e+00)
 (-8.055775133757474074656842448456043082217061643511084964244206943068354817870690803120557658070492464970e-97, 0.0000000000000000e+00)
 (-4.754827547734263926017659560950218391319945578462842430654923507826951765372030894009863770938315643340e-97, 0.0000000000000000e+00)
 (9.098179634606908858437637044510514037237203558789477343272401712091955781817636037576566254006969356010e-98, 0.0000000000000000e+00)
 (1.325865373887438979370308916034195512964215593994446447009545978144053857651816306983519705357799554390e-98, -0.0000000000000000e+00)]
endpoint:
  SUSYc1XM1 = -6.95714
  SUSYc1XM2 = 22.4525
  SUSYc1XM3 = -10.8992
  SUSYc1XM4 = -241.781
  SUSYc1XM5 = 1346.84
  SUSYc1XM6 = -4293.38
  SUSYc1XM8 = -66063
  SUSYc1XM9 = -132515
  SUSYc1XM10 = -272653
  SUSYc1XM11 = -239682
  SUSYc1XM12 = -106883
  SUSYc2XM1 = 5.21786
  SUSYc2XM2 = 15.7608
  SUSYc2XM3 = 26.6576
  SUSYc2XM4 = 25.8072
  SUSYc2XM5 = 10.88
residual at lambda0 = 0:
[(-5.16987882845642296794630432543730e-26, 0.0000000000000000e+00)
 (-4.13590306276513837435704346034980e-25, 0.0000000000000000e+00)
 (-4.13590306276513837435704346034980e-25, 0.0000000000000000e+00)
 (2.06795153138256918717852173017490e-25, 0.0000000000000000e+00)
 (-6.46234853557052870993288040679660e-26, 0.0000000000000000e+00)
 (6.20385459414770756153556519052470e-25, 0.0000000000000000e+00)
 (-6.46234853557052870993288040679660e-26, 0.0000000000000000e+00)
 (-8.07793566946316088741610050849570e-27, 0.0000000000000000e+00)
 (9.18865182401434550943581432841390e-27, 0.0000000000000000e+00)
 (-4.03896783473158044370805025424790e-28, 0.0000000000000000e+00)
 (-1.51461293802434266639051884534290e-27, 0.0000000000000000e+00)
 (4.03896783473158044370805025424790e-28, 0.0000000000000000e+00)
 (-1.51461293802434266639051884534290e-28, 0.0000000000000000e+00)
 (-5.04870979341447555463506281780980e-29, 0.0000000000000000e+00)
 (1.26217744835361888865876570445250e-29, 0.0000000000000000e+00)
 (0.0000000000000000e+00, -0.0000000000000000e+00)]
wrote: /home/zuxian/Documents/Bertini/.runs/syt-5b4af8a0-14cc-40dc-9c54-7175dbfebd0d/saved_data/output.csv
