Input: /home/zuxian/Documents/Bertini/.runs/syt-76d18478-40da-4923-86a0-99854f9cac40/saved_data/initial_data.csv
lambda0: 500 -> 0
parameter symbol in expressions: h
status: Success
start residual:
[(5.19770488282244960926520229034095318389477140418784375112921153789844827727728532261357041470624621819835308248627383469380e-113, 0.0000000000000000e+00)
 (2.07908195312897984370608091613638127355790856167513750045168461515937931091091412904542816588249848727934123299450953387750e-112, 0.0000000000000000e+00)
 (-1.03954097656448992185304045806819063677895428083756875022584230757968965545545706452271408294124924363967061649725476693880e-112, 0.0000000000000000e+00)
 (5.19770488282244960926520229034095318389477140418784375112921153789844827727728532261357041470624621819835308248627383469380e-113, 0.0000000000000000e+00)
 (-4.67793439454020464833868206130685786550529426376905937601629038410860344954955679035221337323562159637851777423764645122450e-112, 0.0000000000000000e+00)
 (-7.79655732423367441389780343551142977584215710628176562669381730684767241591592798392035562205936932729752962372941075204080e-113, 0.0000000000000000e+00)
 (-2.18999001141967371476315578922617602655410070540707537736786945119754444260867651605627437053223626058757757562373324802600e-112, 0.0000000000000000e+00)
 (1.31972975540413759610249276903188264434828180184456970243515136704452788290243572644485186310900782883942558735003046584020e-113, 0.0000000000000000e+00)
 (2.23719572959374479031605264596462413652502001601151575518574217317259870918941748627141714871267384831144933701740741468880e-113, 0.0000000000000000e+00)
 (-8.65438166524636385136442373538215349466854027748073593327666569542661553980251120610950933308022441604315625550693055483690e-114, 0.0000000000000000e+00)
 (-8.56555370094031612854983287592808447052971361774119758792045358418323385537638572452187507306327196602511799481990927348230e-115, 0.0000000000000000e+00)
 (-6.34485459328912305818506138957635886705904712425273895401515080309869174472324868483101857263946071557416147764437723961650e-117, 0.0000000000000000e+00)
 (3.96553412080570191136566336848522429191190445265796184625946925193668234045203042801938660789966294723385092352773577476030e-117, 0.0000000000000000e+00)
 (1.58621364832228076454626534739408971676476178106318473850378770077467293618081217120775464315986517889354036941109430990410e-117, 0.0000000000000000e+00)
 (7.93106824161140382273132673697044858382380890531592369251893850387336468090406085603877321579932589446770184705547154952060e-118, 0.0000000000000000e+00)
 (0.0000000000000000e+00, -0.0000000000000000e+00)]
endpoint:
  SUSYc1XM1 = -3.44027
  SUSYc1XM2 = 11.388
  SUSYc1XM4 = 67.8164
  SUSYc1XM5 = -24.1879
  SUSYc1XM6 = -93.6544
  SUSYc1XM7 = -96.8867
  SUSYc1XM8 = 132.711
  SUSYc1XM9 = 269.059
  SUSYc1XM10 = 100.472
  SUSYc2XM1 = 1.72013
  SUSYc2XM2 = 0.273041
  SUSYc2XM3 = -5.33001
  SUSYc2XM4 = -4.6425
  SUSYc2XM5 = 6.75857
  SUSYc2XM6 = 12.5462
  SUSYc2XM7 = 4.88871
residual at lambda0 = 0:
[(2.08273119794580243345283820360878491239109837481796107992816749666278816500412971934138572283965467469411843053072818496530e-28, 0.0000000000000000e+00)
 (5.07310182050669716109788372045866380392222903709778460048818449193795760402786925027534132743027927775684722537514685425140e-28, 0.0000000000000000e+00)
 (-2.05352799916014862000538658522251656285831543324740369035933867398259844973440882376369302074196120021966947128010898968950e-28, 0.0000000000000000e+00)
 (-3.51530276679749568374276506559977570872411747406805457136782967429721320524500790217788918317802718670022416737493041821830e-28, 0.0000000000000000e+00)
 (-3.35643829122527121702601673886452604049281896665396512717106359545066850372392118761674948280848482808268160733267704611540e-28, 0.0000000000000000e+00)
 (1.09206423139318797951432298092475461678422387837416449451497753633391927197721919211216617578278082312691656814881903025140e-28, 0.0000000000000000e+00)
 (2.74631895412910477490502999856044169433347193378176414051900274853509067723033942914881606462740064398343006987738918114820e-28, 0.0000000000000000e+00)
 (2.10437979932317559961857084590475413369027545153508831767835717906264870566770450524779664630337499481633088820591807492740e-29, 0.0000000000000000e+00)
 (-9.01533099249795703805769876302673201012078315388547053724207832176614345710682396575537884761157944199917120950893071304480e-29, 0.0000000000000000e+00)
 (1.65507598804431615168284542583579551863869154664838687645260406576562164522335279716554511564353898837542470108528903551760e-29, 0.0000000000000000e+00)
 (-1.77981983675110345093598684303361730428247960965918773907887443093762882535557978857535778613264604529597510249382845006600e-30, 0.0000000000000000e+00)
 (1.14966031291908896543502081759455643336398613011932164803430490308710758494940146123034880821768772646585582193260318860790e-30, 0.0000000000000000e+00)
 (2.35611343522397775178865058430176817038775171062615224089534224457614011301432861689596712736042912177164998154718982155160e-31, 0.0000000000000000e+00)
 (1.11424454699890284872170735451359100320880517121701521648866180296623390282004597930494229553834585021571452513078675998710e-32, 0.0000000000000000e+00)
 (1.70776181245862729627662536145736339224881652016805998185950208258261486218496120134201528004204156455886368774222067137640e-34, 0.0000000000000000e+00)
 (1.54903676593972730912721225331454073902808767681951634619510517653776653923907438594507289371080583876322301700302178701570e-120, -0.0000000000000000e+00)]
wrote: /home/zuxian/Documents/Bertini/.runs/syt-76d18478-40da-4923-86a0-99854f9cac40/saved_data/output.csv
