Input: /home/zuxian/Documents/Bertini/.runs/syt-3bc9316c-b74a-448e-ada6-dd325186e6d1/saved_data/initial_data.csv
lambda0: 500 -> 0
parameter symbol in expressions: h
status: Success
start residual:
[(-5.992545734006013858759487249739106009491229873656554644911558980941290594142719551342892924850258730810e-95, 0.0000000000000000e+00)
 (1.498136433501503464689871812434776502372807468414138661227889745235322648535679887835723231212564682700e-95, 0.0000000000000000e+00)
 (-5.992545734006013858759487249739106009491229873656554644911558980941290594142719551342892924850258730810e-95, 0.0000000000000000e+00)
 (1.872670541876879330862339765543470627966009335517673326534862181544153310669599859794654039015705853380e-94, 0.0000000000000000e+00)
 (1.498136433501503464689871812434776502372807468414138661227889745235322648535679887835723231212564682700e-95, 0.0000000000000000e+00)
 (-5.992545734006013858759487249739106009491229873656554644911558980941290594142719551342892924850258730810e-95, 0.0000000000000000e+00)
 (7.490682167507517323449359062173882511864037342070693306139448726176613242678399439178616156062823413510e-96, 0.0000000000000000e+00)
 (0.0000000000000000e+00, 0.0000000000000000e+00)
 (-1.217235852219971565060520847603255908177906068086487662247660418003699651935239908866525125360208804700e-95, 0.0000000000000000e+00)
 (4.515257390521499089745231329225418926218825243547983831264233131086439964885978568196289865556423585930e-96, 0.0000000000000000e+00)
 (-8.997596744174068660002648092259644032805435479245071061085470637887924109857843076357126828083274217400e-97, 0.0000000000000000e+00)
 (1.317007221605001348258136593534829120528463291534569757385128752859039704723539085967034983188383221160e-96, 0.0000000000000000e+00)
 (2.738597789512330857389017381739596938846776347595425592271441520373407795632544716838373460376972183040e-97, 0.0000000000000000e+00)
 (1.188706886933565981504414890237554597829986394615710607663730876956737941343007723502465942734578910840e-97, 0.0000000000000000e+00)
 (3.063206208636496952338299909458313771331118786125100412056537259850055464230058364410200698585261039460e-98, 0.0000000000000000e+00)
 (-1.371584869538729978658940257966409151342291993787358393458151011873159163088085834810537626232206435580e-99, -0.0000000000000000e+00)]
endpoint:
  SUSYc1XM1 = -1.26192
  SUSYc1XM2 = -19.1528
  SUSYc1XM4 = -238.778
  SUSYc1XM5 = -295.834
  SUSYc1XM6 = -227.463
  SUSYc1XM7 = -774.308
  SUSYc1XM8 = -590.834
  SUSYc1XM9 = 588.928
  SUSYc1XM10 = -519.152
  SUSYc2XM1 = 0.630958
  SUSYc2XM2 = 3.30829
  SUSYc2XM3 = 7.02172
  SUSYc2XM4 = 2.3729
  SUSYc2XM5 = 1.5081
  SUSYc2XM6 = 9.009
  SUSYc2XM7 = -4.35543
residual at lambda0 = 0:
[(4.270014621663256259938888740755189368908575848276963059260482896940306372082889596294026460858037690190e-68, 0.0000000000000000e+00)
 (-5.254312725898218136597092576732812392777808423030664695315288137873367038254983001015649745015149322890e-67, 0.0000000000000000e+00)
 (8.830449575166373078964572194994257546589391129224789659802284104327217801662911345699600073218023227140e-67, 0.0000000000000000e+00)
 (-1.002267266229574819024810220745126148449234268855413325398658656656892851559405191628947724813939969970e-66, 0.0000000000000000e+00)
 (4.363769437084445923029894510673062361283660726925761355197248514235976559412585258326186152117734216100e-67, 0.0000000000000000e+00)
 (-5.632222220084890208944898822649248949802045077549727501339919403885331179154182562796134769111171540480e-69, 0.0000000000000000e+00)
 (-6.493501069104127183756267256904051615987768048305000413243970756746077144568975239038231325608574339480e-67, 0.0000000000000000e+00)
 (3.308540410740114628046349055753674724607750055348279324050799435457799687736684648675468438299073327030e-67, 0.0000000000000000e+00)
 (-2.428485509584936108814074892252168495692683109518881007101361112783938366337280073010284858096592798160e-67, 0.0000000000000000e+00)
 (7.564745605514247207008217862403401712733542026219956437390950932539995458232865336579360256585670988000e-69, 0.0000000000000000e+00)
 (1.388698342810378084502664009359687198151975730304818392795316822321924581512468354083827588856226337180e-69, 0.0000000000000000e+00)
 (-1.258574659572764764248182520035488706230468924414817904423055685039906199065908656402709993184142058370e-68, 0.0000000000000000e+00)
 (6.322271912916004886299234500773007409095742305441630976341071960118213481049720411452279912240261385670e-69, 0.0000000000000000e+00)
 (-1.740808807286622133619533231880803491877336016931295299941135726039382151237712359379391466498753338490e-69, 0.0000000000000000e+00)
 (1.692832632646459809559715529253966351528754458255404360081251549373564282895618105043445752071051678980e-70, 0.0000000000000000e+00)
 (0.0000000000000000e+00, -0.0000000000000000e+00)]
wrote: /home/zuxian/Documents/Bertini/.runs/syt-3bc9316c-b74a-448e-ada6-dd325186e6d1/saved_data/output.csv
