Input: /home/zuxian/Documents/Bertini/.runs/syt-c30d491b-5778-42b6-8018-cfd37e875d1f/saved_data/initial_data.csv
lambda0: 500 -> 0
parameter symbol in expressions: h
status: Success
start residual:
[(-5.992545734006013858759487249739106009491229873656554644911558980941290594142719551342892924850258730810e-95, 0.0000000000000000e+00)
 (1.498136433501503464689871812434776502372807468414138661227889745235322648535679887835723231212564682700e-95, 0.0000000000000000e+00)
 (-5.992545734006013858759487249739106009491229873656554644911558980941290594142719551342892924850258730810e-95, 0.0000000000000000e+00)
 (1.872670541876879330862339765543470627966009335517673326534862181544153310669599859794654039015705853380e-94, 0.0000000000000000e+00)
 (1.498136433501503464689871812434776502372807468414138661227889745235322648535679887835723231212564682700e-95, 0.0000000000000000e+00)
 (-5.992545734006013858759487249739106009491229873656554644911558980941290594142719551342892924850258730810e-95, 0.0000000000000000e+00)
 (7.490682167507517323449359062173882511864037342070693306139448726176613242678399439178616156062823413510e-96, 0.0000000000000000e+00)
 (0.0000000000000000e+00, 0.0000000000000000e+00)
 (-1.217235852219971565060520847603255908177906068086487662247660418003699651935239908866525125360208804700e-95, 0.0000000000000000e+00)
 (4.515257390521499089745231329225418926218825243547983831264233131086439964885978568196289865556423585930e-96, 0.0000000000000000e+00)
 (-8.997596744174068660002648092259644032805435479245071061085470637887924109857843076357126828083274217400e-97, 0.0000000000000000e+00)
 (1.317007221605001348258136593534829120528463291534569757385128752859039704723539085967034983188383221160e-96, 0.0000000000000000e+00)
 (2.738597789512330857389017381739596938846776347595425592271441520373407795632544716838373460376972183040e-97, 0.0000000000000000e+00)
 (1.188706886933565981504414890237554597829986394615710607663730876956737941343007723502465942734578910840e-97, 0.0000000000000000e+00)
 (3.063206208636496952338299909458313771331118786125100412056537259850055464230058364410200698585261039460e-98, 0.0000000000000000e+00)
 (-1.371584869538729978658940257966409151342291993787358393458151011873159163088085834810537626232206435580e-99, -0.0000000000000000e+00)]
endpoint:
  SUSYc1XM1 = -1.26192
  SUSYc1XM2 = -19.1528
  SUSYc1XM4 = -238.778
  SUSYc1XM5 = -295.834
  SUSYc1XM6 = -227.463
  SUSYc1XM7 = -774.308
  SUSYc1XM8 = -590.834
  SUSYc1XM9 = 588.928
  SUSYc1XM10 = -519.152
  SUSYc2XM1 = 0.630958
  SUSYc2XM2 = 3.30829
  SUSYc2XM3 = 7.02172
  SUSYc2XM4 = 2.3729
  SUSYc2XM5 = 1.5081
  SUSYc2XM6 = 9.009
  SUSYc2XM7 = -4.35543
residual at lambda0 = 0:
[(2.282317222912446684488476589256104827833573877662164366714363283756936847378574829124734610050391508800e-96, 0.0000000000000000e+00)
 (-2.937751912569354450290295507196319547621677145093350031001565047297390506112934780052863523705888557490e-95, 0.0000000000000000e+00)
 (4.927464363313538739331531508086257089835562064080877940444856115188053398699384631084683440160076026700e-95, 0.0000000000000000e+00)
 (-5.606307434743907496769129673095765192473240448206034521313743655997808973817114580260245529303269398550e-95, 0.0000000000000000e+00)
 (2.469584277100134617574710565810451890630174811213931699367849501911352178445534815104200013951962094140e-95, 0.0000000000000000e+00)
 (2.340838177346099163577924706929338284957511669397091658168577726930191638336999824743317548769632316720e-97, 0.0000000000000000e+00)
 (-3.663228869564040027002297640976685561404993457007276797248029722510833492775659647611983892140976948140e-95, 0.0000000000000000e+00)
 (1.867549958363934738942013055247062700467664778740867188532618417766493516460737672678028031877772282680e-95, 0.0000000000000000e+00)
 (-1.360337873608512392833936947851084596301285199438302054631794173575799257950763530965091217697102342810e-95, 0.0000000000000000e+00)
 (3.003770864289818653263079164946436041439619466394314881673350716002218567162907978235077401448532093920e-97, 0.0000000000000000e+00)
 (6.857924347693649893294701289832045756711459968936791967290755059365795815440429174052688131161032177900e-98, 0.0000000000000000e+00)
 (-7.113953523340879489311036804652442131628687807777098867402943248248785525883538529883988488057710712540e-97, 0.0000000000000000e+00)
 (3.627841979929940793552896982321152205300362323567562950696809426404505986367987033073872021384186022110e-97, 0.0000000000000000e+00)
 (-9.875411060678855846344369857358145889664502355268980432898687285486745974234218010635870908871886336170e-98, 0.0000000000000000e+00)
 (9.829691565027564847055738515425932251286425955476068486450082251757640668797948482808852987997479454980e-99, 0.0000000000000000e+00)
 (0.0000000000000000e+00, -0.0000000000000000e+00)]
wrote: /home/zuxian/Documents/Bertini/.runs/syt-c30d491b-5778-42b6-8018-cfd37e875d1f/saved_data/output.csv
