Input: /home/zuxian/Documents/Bertini/.runs/syt-595fe08f-326d-4d5c-867a-4fffb7ca3fc2/saved_data/initial_data.csv
lambda0: 500 -> 0
parameter symbol in expressions: h
status: Success
start residual:
[(-3.835229269763848869606071839833027846074387119140194972743397747802425980251340512859451471904165587720e-93, 0.0000000000000000e+00)
 (0.0000000000000000e+00, 0.0000000000000000e+00)
 (1.534091707905539547842428735933211138429754847656077989097359099120970392100536205143780588761666235090e-92, 0.0000000000000000e+00)
 (3.835229269763848869606071839833027846074387119140194972743397747802425980251340512859451471904165587720e-93, 0.0000000000000000e+00)
 (-3.835229269763848869606071839833027846074387119140194972743397747802425980251340512859451471904165587720e-93, 0.0000000000000000e+00)
 (2.684660488834694208724250287883119492252070983398136480920378423461698186175938359001616030332915911400e-92, 0.0000000000000000e+00)
 (6.838992818934363316309264823764754733331866093310542988505316686999247890565378687970076550485357776530e-93, 0.0000000000000000e+00)
 (3.335226235082722088265827122432921188407462626556976194558589545330137046302557350294278843486972124860e-93, 0.0000000000000000e+00)
 (-3.464440502472226762095328566255420661737117270707695654089495035856683624738759740620109972179055828750e-95, 0.0000000000000000e+00)
 (-1.093171428820628309390890838136000979075157949608441804364725798476399495103378918155129295275418291910e-94, 0.0000000000000000e+00)
 (-1.633905047787577216177391445436678122900343145239169977401667253397273763559225877670835649041203357070e-94, 0.0000000000000000e+00)
 (-1.404502906407659498146754824157602970974507001638254994901146636158114983002199894845990529261779390030e-96, 0.0000000000000000e+00)
 (8.778143165047871863417217650985018568590668760239093718132166475988218643763749342787440807886121187710e-97, 0.0000000000000000e+00)
 (-1.170419088673049581788962353464669142478755834698545829084288863465095819168499912371658774384816158360e-97, 0.0000000000000000e+00)
 (5.852095443365247908944811767323345712393779173492729145421444317325479095842499561858293871924080791800e-98, 0.0000000000000000e+00)
 (0.0000000000000000e+00, -0.0000000000000000e+00)]
endpoint:
  SUSYc1XM1 = -3.44027
  SUSYc1XM2 = 11.388
  SUSYc1XM4 = 67.8164
  SUSYc1XM5 = -24.1879
  SUSYc1XM6 = -93.6544
  SUSYc1XM7 = -96.8867
  SUSYc1XM8 = 132.711
  SUSYc1XM9 = 269.059
  SUSYc1XM10 = 100.472
  SUSYc2XM1 = 1.72013
  SUSYc2XM2 = 0.273041
  SUSYc2XM3 = -5.33001
  SUSYc2XM4 = -4.6425
  SUSYc2XM5 = 6.75857
  SUSYc2XM6 = 12.5462
  SUSYc2XM7 = 4.88871
residual at lambda0 = 0:
[(6.618656960948299278973572883952520117739808029773829810733100458476363512942704449215597241024700744880e-64, 0.0000000000000000e+00)
 (1.705942951494554094482768056797735512494844271571330865997155116470788784566219224245316113293454865720e-63, 0.0000000000000000e+00)
 (-6.013713984449037163504621167152421578492652861254772826045647558624132015038008322548724445865070550300e-64, 0.0000000000000000e+00)
 (-1.044713638236004579601419779187607565537846694150123956632552360853354941768748203736353343754357547310e-63, 0.0000000000000000e+00)
 (-1.115238182341796834292439116874747534789948685874532617846541420161331649535200320793140229971104327150e-63, 0.0000000000000000e+00)
 (2.729559355625117032309106216425635915740716784352498261440246898918439786825464285042224197458646514790e-64, 0.0000000000000000e+00)
 (8.649510573208814843799391487018943189576765612682670689285572564337871778735276526763714041056694548730e-64, 0.0000000000000000e+00)
 (6.521491489768887469601036214160736010185841750533260468861798457552816402050121448001261684121174538840e-65, 0.0000000000000000e+00)
 (-2.922086608735153789382885177925159972574540156185770636651750000471704642419372158524612457535172585600e-64, 0.0000000000000000e+00)
 (5.871223688850636486648806717006852494699057996264408089001534284614083874304379620581783620358003132450e-65, 0.0000000000000000e+00)
 (-2.465881828119743983616787712051960592194330282328273000381702137390641358018159994306813077742941531670e-66, 0.0000000000000000e+00)
 (3.162730391909246391078842077702774462328572648980490529292923493738153592251828558490715401342870430040e-66, 0.0000000000000000e+00)
 (1.345254013985590160240472237448418572893451861532451229631633714896501202397239300678343112023075165160e-66, 0.0000000000000000e+00)
 (1.615274681674115203994834372581690107440068368675309684977178625870830976141141319239775632696770039860e-67, 0.0000000000000000e+00)
 (7.776182063495858912092578586179241069730742261549459061532646649141822842279586565198106670607360601690e-69, 0.0000000000000000e+00)
 (-1.142987391282274982215783548305340959451909994822798661215125843227632635906738195675448021860172029650e-100, -0.0000000000000000e+00)]
wrote: /home/zuxian/Documents/Bertini/.runs/syt-595fe08f-326d-4d5c-867a-4fffb7ca3fc2/saved_data/output.csv
