Input: /home/zuxian/Documents/Bertini/.runs/syt-41286032-832a-4d17-86fc-b1c8f6e84bb4/saved_data/initial_data.csv
lambda0: 1000 -> 0
parameter symbol in expressions: h
status: Success
start residual:
[(4.15816390625795968741216183227276254711581712335027500090336923031875862182182825809085633176499697455868246598901906775510e-112, 0.0000000000000000e+00)
 (-4.15816390625795968741216183227276254711581712335027500090336923031875862182182825809085633176499697455868246598901906775510e-112, 0.0000000000000000e+00)
 (0.0000000000000000e+00, 0.0000000000000000e+00)
 (0.0000000000000000e+00, 0.0000000000000000e+00)
 (2.28699014844187782807668900775001940091369941784265125049685307667531724200200554194997098247074833600727535629396048726530e-111, 0.0000000000000000e+00)
 (-1.03954097656448992185304045806819063677895428083756875022584230757968965545545706452271408294124924363967061649725476693880e-112, 0.0000000000000000e+00)
 (1.74255086550092475669994526003325119924909670220477222633072101656302470077079301880199094078970149092528770822025176508830e-112, 0.0000000000000000e+00)
 (1.49738568401623304173167448794002069262593512132364639314757558953129125175468668962012038314291272887550210872407302854950e-113, 0.0000000000000000e+00)
 (-2.59377655773659350618605309605881550485373846439451968440139364830674518524286406235892039249501154052671721206102141555520e-113, 0.0000000000000000e+00)
 (-3.28028982473047662108167673841097753426952736323866603922583296520202363202191957005763660205460118995184148394214303288170e-113, 0.0000000000000000e+00)
 (1.44662684726992005726619399682340982168946274432962448151545438310650171779690070014147223456179704315090881690291801063260e-114, 0.0000000000000000e+00)
 (-8.88279643060477228145908594540690241388266597395383453562121112433816844261254815876342600169524500180382606870212813546310e-116, 0.0000000000000000e+00)
 (-4.75864094496684229363879604218226915029428534318955421551136310232401880854243651362326392947959553668062110823328292971240e-117, 0.0000000000000000e+00)
 (-6.34485459328912305818506138957635886705904712425273895401515080309869174472324868483101857263946071557416147764437723961650e-117, 0.0000000000000000e+00)
 (1.58621364832228076454626534739408971676476178106318473850378770077467293618081217120775464315986517889354036941109430990410e-117, 0.0000000000000000e+00)
 (-3.96553412080570191136566336848522429191190445265796184625946925193668234045203042801938660789966294723385092352773577476030e-118, -0.0000000000000000e+00)]
endpoint:
  SUSYc1XM1 = -3.44027
  SUSYc1XM2 = 11.388
  SUSYc1XM4 = 67.8164
  SUSYc1XM5 = -24.1879
  SUSYc1XM6 = -93.6544
  SUSYc1XM7 = -96.8867
  SUSYc1XM8 = 132.711
  SUSYc1XM9 = 269.059
  SUSYc1XM10 = 100.472
  SUSYc2XM1 = 1.72013
  SUSYc2XM2 = 0.273041
  SUSYc2XM3 = -5.33001
  SUSYc2XM4 = -4.6425
  SUSYc2XM5 = 6.75857
  SUSYc2XM6 = 12.5462
  SUSYc2XM7 = 4.88871
residual at lambda0 = 0:
[(2.08273119794580243345283820360878491239109837481796107992816749666278816500412971934138572085688761429126747484789650072270e-28, 0.0000000000000000e+00)
 (5.07310182050669716109788372045866380392222903709778460048818449193795760402786925027534133536134751936825104810647359122180e-28, 0.0000000000000000e+00)
 (-2.05352799916014862000538658522251656285831543324740369035933867398259844973440882376369302074196120021966947128010898968950e-28, 0.0000000000000000e+00)
 (-3.51530276679749568374276506559977570872411747406805457136782967429721320524500790217788921490230015314583945830023736610010e-28, 0.0000000000000000e+00)
 (-3.35643829122527121702601673886452604049281896665396512717106359545066850372392118761674945306697892203991727209020178247630e-28, 0.0000000000000000e+00)
 (1.09206423139318797951432298092475461678422387837416449451497753633391927197721919211216618767938318554402230224580913570710e-28, 0.0000000000000000e+00)
 (2.74631895412910477490502999856044169433347193378176414051900274853509067723033942914881603786004532854494216815916144387300e-28, 0.0000000000000000e+00)
 (2.10437979932317559961857084590475413369027545153508831767835717906264870566770450524779655707885727668803788247849228400990e-29, 0.0000000000000000e+00)
 (-9.01533099249795703805769876302673201012078315388547053724207832176614345710682396575537883026236766347422534728415347592190e-29, 0.0000000000000000e+00)
 (1.65507598804431615168284542583579551863869154664838687645260406576562164522335279716554513299275076690037056331006627264040e-29, 0.0000000000000000e+00)
 (-1.77981983675110345093598684303361730428247960965918773907887443093762882535557978857535778613264604529597510249382845006600e-30, 0.0000000000000000e+00)
 (1.14966031291908896543502081759455643336398613011932164803430490308710758494940146123034874625621708887676345684411305602630e-30, 0.0000000000000000e+00)
 (2.35611343522397775178865058430176817038775171062615224089534224457614011301432861689596694147601720900437288628171942380670e-31, 0.0000000000000000e+00)
 (1.11424454699890284872170735451359100320880517121701521648866180296623390282004597930494167592363947432479087424588543417080e-32, 0.0000000000000000e+00)
 (1.70776181245862729627662536145736339224881652016805998185950208258261486218496120134199591708246731796749959758905423961710e-34, 0.0000000000000000e+00)
 (1.54903676593972730912721225331454073902808767681951634619510517653776653923907438594507289371080583876322301700302178701570e-120, -0.0000000000000000e+00)]
wrote: /home/zuxian/Documents/Bertini/.runs/syt-41286032-832a-4d17-86fc-b1c8f6e84bb4/saved_data/output.csv
