Input: /home/zuxian/Documents/Bertini/.runs/syt-085ff0e8-de4a-455b-8eaa-e31296d72ad8/saved_data/initial_data.csv
lambda0: 500 -> 0
parameter symbol in expressions: h
status: Success
start residual:
[(-5.992545734006013858759487249739106009491229873656554644911558980941290594142719551342892924850258730810e-95, 0.0000000000000000e+00)
 (1.498136433501503464689871812434776502372807468414138661227889745235322648535679887835723231212564682700e-95, 0.0000000000000000e+00)
 (-5.992545734006013858759487249739106009491229873656554644911558980941290594142719551342892924850258730810e-95, 0.0000000000000000e+00)
 (1.872670541876879330862339765543470627966009335517673326534862181544153310669599859794654039015705853380e-94, 0.0000000000000000e+00)
 (1.498136433501503464689871812434776502372807468414138661227889745235322648535679887835723231212564682700e-95, 0.0000000000000000e+00)
 (-5.992545734006013858759487249739106009491229873656554644911558980941290594142719551342892924850258730810e-95, 0.0000000000000000e+00)
 (7.490682167507517323449359062173882511864037342070693306139448726176613242678399439178616156062823413510e-96, 0.0000000000000000e+00)
 (0.0000000000000000e+00, 0.0000000000000000e+00)
 (-1.217235852219971565060520847603255908177906068086487662247660418003699651935239908866525125360208804700e-95, 0.0000000000000000e+00)
 (4.515257390521499089745231329225418926218825243547983831264233131086439964885978568196289865556423585930e-96, 0.0000000000000000e+00)
 (-8.997596744174068660002648092259644032805435479245071061085470637887924109857843076357126828083274217400e-97, 0.0000000000000000e+00)
 (1.317007221605001348258136593534829120528463291534569757385128752859039704723539085967034983188383221160e-96, 0.0000000000000000e+00)
 (2.738597789512330857389017381739596938846776347595425592271441520373407795632544716838373460376972183040e-97, 0.0000000000000000e+00)
 (1.188706886933565981504414890237554597829986394615710607663730876956737941343007723502465942734578910840e-97, 0.0000000000000000e+00)
 (3.063206208636496952338299909458313771331118786125100412056537259850055464230058364410200698585261039460e-98, 0.0000000000000000e+00)
 (-1.371584869538729978658940257966409151342291993787358393458151011873159163088085834810537626232206435580e-99, -0.0000000000000000e+00)]
endpoint:
  SUSYc1XM1 = -1.26192
  SUSYc1XM2 = -19.1528
  SUSYc1XM4 = -238.778
  SUSYc1XM5 = -295.834
  SUSYc1XM6 = -227.463
  SUSYc1XM7 = -774.308
  SUSYc1XM8 = -590.834
  SUSYc1XM9 = 588.928
  SUSYc1XM10 = -519.152
  SUSYc2XM1 = 0.630958
  SUSYc2XM2 = 3.30829
  SUSYc2XM3 = 7.02172
  SUSYc2XM4 = 2.3729
  SUSYc2XM5 = 1.5081
  SUSYc2XM6 = 9.009
  SUSYc2XM7 = -4.35543
residual at lambda0 = 0:
[(1.470314632325500281613965474175622958190400494211267918432316988408279862433006844119483857800676815590e-63, 0.0000000000000000e+00)
 (-1.803509617203219656656692609943003570693589688616440082853995229578477592126904295889175196154724654700e-62, 0.0000000000000000e+00)
 (3.035600767829327371490126808143503274835461030605248128573707888223183536283135149757804153036977937960e-62, 0.0000000000000000e+00)
 (-3.432702994899265918356434973918081648204577485254044525610474797513175721222233374224866699347807863280e-62, 0.0000000000000000e+00)
 (1.506021936553053138756710033923843770076071491996090970229451713558277603134174874140489029851422007250e-62, 0.0000000000000000e+00)
 (-1.735026812370918091224285091089834588935846800825763810201656079165553122023720953857588815937496732740e-65, 0.0000000000000000e+00)
 (-2.220006647583403425266341643246241663855737296000827268619836959366951532559481561386723937862244774440e-62, 0.0000000000000000e+00)
 (1.161636273619804207004694038245041605537616261302555608712963152702066265205921331604017922055241034120e-62, 0.0000000000000000e+00)
 (-8.467878663611386906084858469759358676610425969948731700601890233380489787976524316274576827616640526170e-63, 0.0000000000000000e+00)
 (4.667437224571837335486460607333658244977983533072111741641258820246960691816432371100555985914359994640e-64, 0.0000000000000000e+00)
 (-5.640525328358980788570794818433162603166596925148621412160470033978781523539687762939331778664267967930e-65, 0.0000000000000000e+00)
 (-3.764127152090305627882769518272902001133281102168070902969720274753906414435381105886810365374720144130e-64, 0.0000000000000000e+00)
 (1.971141311750267726306817273010612714491851306464011964871003005386645843615575792356758672637445460750e-64, 0.0000000000000000e+00)
 (-5.484458421113808286726430103830505536400230413748659392329201198613625840156771415283249915227628544580e-65, 0.0000000000000000e+00)
 (5.348775987760550712373508836037006392098216149901773326556768400255505181420885792704112508577698585830e-66, 0.0000000000000000e+00)
 (0.0000000000000000e+00, -0.0000000000000000e+00)]
wrote: /home/zuxian/Documents/Bertini/.runs/syt-085ff0e8-de4a-455b-8eaa-e31296d72ad8/saved_data/output.csv
