Input: /home/zuxian/Documents/Bertini/.runs/syt-5b587a22-a186-4896-9daa-b2ec597b018b/saved_data/initial_data.csv
lambda0: 500 -> 0
parameter symbol in expressions: h
status: Success
start residual:
[(-3.835229269763848869606071839833027846074387119140194972743397747802425980251340512859451471904165587720e-93, 0.0000000000000000e+00)
 (0.0000000000000000e+00, 0.0000000000000000e+00)
 (1.534091707905539547842428735933211138429754847656077989097359099120970392100536205143780588761666235090e-92, 0.0000000000000000e+00)
 (3.835229269763848869606071839833027846074387119140194972743397747802425980251340512859451471904165587720e-93, 0.0000000000000000e+00)
 (-3.835229269763848869606071839833027846074387119140194972743397747802425980251340512859451471904165587720e-93, 0.0000000000000000e+00)
 (2.684660488834694208724250287883119492252070983398136480920378423461698186175938359001616030332915911400e-92, 0.0000000000000000e+00)
 (6.838992818934363316309264823764754733331866093310542988505316686999247890565378687970076550485357776530e-93, 0.0000000000000000e+00)
 (3.335226235082722088265827122432921188407462626556976194558589545330137046302557350294278843486972124860e-93, 0.0000000000000000e+00)
 (-3.464440502472226762095328566255420661737117270707695654089495035856683624738759740620109972179055828750e-95, 0.0000000000000000e+00)
 (-1.093171428820628309390890838136000979075157949608441804364725798476399495103378918155129295275418291910e-94, 0.0000000000000000e+00)
 (-1.633905047787577216177391445436678122900343145239169977401667253397273763559225877670835649041203357070e-94, 0.0000000000000000e+00)
 (-1.404502906407659498146754824157602970974507001638254994901146636158114983002199894845990529261779390030e-96, 0.0000000000000000e+00)
 (8.778143165047871863417217650985018568590668760239093718132166475988218643763749342787440807886121187710e-97, 0.0000000000000000e+00)
 (-1.170419088673049581788962353464669142478755834698545829084288863465095819168499912371658774384816158360e-97, 0.0000000000000000e+00)
 (5.852095443365247908944811767323345712393779173492729145421444317325479095842499561858293871924080791800e-98, 0.0000000000000000e+00)
 (0.0000000000000000e+00, -0.0000000000000000e+00)]
endpoint:
  SUSYc1XM1 = -3.44027
  SUSYc1XM2 = 11.388
  SUSYc1XM4 = 67.8164
  SUSYc1XM5 = -24.1879
  SUSYc1XM6 = -93.6544
  SUSYc1XM7 = -96.8867
  SUSYc1XM8 = 132.711
  SUSYc1XM9 = 269.059
  SUSYc1XM10 = 100.472
  SUSYc2XM1 = 1.72013
  SUSYc2XM2 = 0.273041
  SUSYc2XM3 = -5.33001
  SUSYc2XM4 = -4.6425
  SUSYc2XM5 = 6.75857
  SUSYc2XM6 = 12.5462
  SUSYc2XM7 = 4.88871
residual at lambda0 = 0:
[(1.618539190728225045642087789492862837231449249821415172839869330806200680168981547519314049501499013770e-22, 0.0000000000000000e+00)
 (4.070802127589502800756045933346936809954438349897046785519960491816523040359761055787964642226890071260e-22, 0.0000000000000000e+00)
 (-1.352159991922514595038430443815552264578953026055231216059811767150999337521433868151730694556326634810e-22, 0.0000000000000000e+00)
 (-2.646646587539323420974052873449584159844278014958288845890411401682061164205480373877939976944472271480e-22, 0.0000000000000000e+00)
 (-2.661126201948526254072601032259336243824424971674038762200284988308007229897810343634730980717641593200e-22, 0.0000000000000000e+00)
 (7.285039669668791158903261551797614992844002274377499810806985997042176263524412610188137188258325702750e-23, 0.0000000000000000e+00)
 (2.057668636555771662928859749184279805119104233955115589823257545235741321066501051844080673454447080210e-22, 0.0000000000000000e+00)
 (1.643457100848646845078138468203159700460906505470667184135980395135603127224182145960592753804723244570e-23, 0.0000000000000000e+00)
 (-7.246531242778913419086559467661729234855486143923313278236890829179812683581099609073004911488569543450e-23, 0.0000000000000000e+00)
 (1.547159881446649710252044650269295728670798422500032796447191686994345973821694156074285739421629842610e-23, 0.0000000000000000e+00)
 (-1.431940944464628686769852164967494621476197625705868288242442050859827566920270359549969524310026552030e-24, 0.0000000000000000e+00)
 (1.244275936374153802553940293617858230420411234416514062086623402740222106140824650563422010159576702050e-24, 0.0000000000000000e+00)
 (2.329981311411955715861518024515102302035839997415665469914756946584897201029909235728870817885528713140e-25, 0.0000000000000000e+00)
 (8.664738389443475374805017605772478112377850304271456443161283537810438333710824420293464402370730347620e-27, 0.0000000000000000e+00)
 (1.011018487916957260583641159278588858769878647404353514621926240817633996461407215220942377949430173250e-28, 0.0000000000000000e+00)
 (1.142987391282274982215783548305340959451909994822798661215125843227632635906738195675448021860172029650e-100, -0.0000000000000000e+00)]
wrote: /home/zuxian/Documents/Bertini/.runs/syt-5b587a22-a186-4896-9daa-b2ec597b018b/saved_data/output.csv
