Input: /home/zuxian/Documents/Bertini/.runs/syt-87aef155-10b2-40d7-bce0-6cae7dbdbba3/saved_data/initial_data.csv
lambda0: 500 -> 0
parameter symbol in expressions: h
status: Success
start residual:
[(-3.835229269763848869606071839833027846074387119140194972743397747802425980251340512859451471904165587720e-93, 0.0000000000000000e+00)
 (0.0000000000000000e+00, 0.0000000000000000e+00)
 (1.534091707905539547842428735933211138429754847656077989097359099120970392100536205143780588761666235090e-92, 0.0000000000000000e+00)
 (3.835229269763848869606071839833027846074387119140194972743397747802425980251340512859451471904165587720e-93, 0.0000000000000000e+00)
 (-3.835229269763848869606071839833027846074387119140194972743397747802425980251340512859451471904165587720e-93, 0.0000000000000000e+00)
 (2.684660488834694208724250287883119492252070983398136480920378423461698186175938359001616030332915911400e-92, 0.0000000000000000e+00)
 (6.838992818934363316309264823764754733331866093310542988505316686999247890565378687970076550485357776530e-93, 0.0000000000000000e+00)
 (3.335226235082722088265827122432921188407462626556976194558589545330137046302557350294278843486972124860e-93, 0.0000000000000000e+00)
 (-3.464440502472226762095328566255420661737117270707695654089495035856683624738759740620109972179055828750e-95, 0.0000000000000000e+00)
 (-1.093171428820628309390890838136000979075157949608441804364725798476399495103378918155129295275418291910e-94, 0.0000000000000000e+00)
 (-1.633905047787577216177391445436678122900343145239169977401667253397273763559225877670835649041203357070e-94, 0.0000000000000000e+00)
 (-1.404502906407659498146754824157602970974507001638254994901146636158114983002199894845990529261779390030e-96, 0.0000000000000000e+00)
 (8.778143165047871863417217650985018568590668760239093718132166475988218643763749342787440807886121187710e-97, 0.0000000000000000e+00)
 (-1.170419088673049581788962353464669142478755834698545829084288863465095819168499912371658774384816158360e-97, 0.0000000000000000e+00)
 (5.852095443365247908944811767323345712393779173492729145421444317325479095842499561858293871924080791800e-98, 0.0000000000000000e+00)
 (0.0000000000000000e+00, -0.0000000000000000e+00)]
endpoint:
  SUSYc1XM1 = -3.44027
  SUSYc1XM2 = 11.388
  SUSYc1XM4 = 67.8164
  SUSYc1XM5 = -24.1879
  SUSYc1XM6 = -93.6544
  SUSYc1XM7 = -96.8867
  SUSYc1XM8 = 132.711
  SUSYc1XM9 = 269.059
  SUSYc1XM10 = 100.472
  SUSYc2XM1 = 1.72013
  SUSYc2XM2 = 0.273041
  SUSYc2XM3 = -5.33001
  SUSYc2XM4 = -4.6425
  SUSYc2XM5 = 6.75857
  SUSYc2XM6 = 12.5462
  SUSYc2XM7 = 4.88871
residual at lambda0 = 0:
[(3.572704268174483848410807583950902557416402185417311143279791755727204988011845982514488408809651323400e-95, 0.0000000000000000e+00)
 (9.241921728934567760201093983545393716297875759738392502906815938136262862109267433064710597236104590460e-95, 0.0000000000000000e+00)
 (-3.404456524177732971028644245640356368185081034179395180348925231604097464006374120111062459991834000630e-95, 0.0000000000000000e+00)
 (-5.550712528031937641634153961306193408205499546057853594432239934983216922406610834422591737519990631030e-95, 0.0000000000000000e+00)
 (-6.063502391256817489655443092417901576254004446135153985799793993288862028179809858530424738047338210410e-95, 0.0000000000000000e+00)
 (1.460097813119629353281730535947174755242247903786435921782650357172707034412703640683644321045058157560e-95, 0.0000000000000000e+00)
 (4.719714975074072438563990690346278317045582903421886055782394841922998890796975896638714007706771158590e-95, 0.0000000000000000e+00)
 (3.050404749854135472537483133717293952585257394183085067050927850405905978707902896618635680740427112730e-96, 0.0000000000000000e+00)
 (-1.539832613535480856041103596276955340573613145025274356389017535996266687093557697213963575050023758340e-95, 0.0000000000000000e+00)
 (3.014743543246128493092350687010167314650357802344613748821015924097203840467612664913561702458389745400e-96, 0.0000000000000000e+00)
 (-5.669217460760083911790286399594491158881473574321081359627024182409057874097421450550222188426453267060e-98, 0.0000000000000000e+00)
 (1.142987391282274982215783548305340959451909994822798661215125843227632635906738195675448021860172029650e-97, 0.0000000000000000e+00)
 (8.000911738975924875510484838137386716163369963759590628505880902593428451347167369728136153021204207540e-98, 0.0000000000000000e+00)
 (1.142987391282274982215783548305340959451909994822798661215125843227632635906738195675448021860172029650e-98, 0.0000000000000000e+00)
 (5.714936956411374911078917741526704797259549974113993306075629216138163179533690978377240109300860148250e-100, 0.0000000000000000e+00)
 (0.0000000000000000e+00, -0.0000000000000000e+00)]
wrote: /home/zuxian/Documents/Bertini/.runs/syt-87aef155-10b2-40d7-bce0-6cae7dbdbba3/saved_data/output.csv
