Input: /home/zuxian/Documents/Bertini/.runs/syt-2701c92f-688b-424e-a018-90b76204875b/saved_data/initial_data.csv
lambda0: 500 -> 0
parameter symbol in expressions: h
status: MaxNumStepsTaken
start residual:
[(-4.681676354692198327155849413858676569915023338794183316337155453860383276673999649486635097539264633440e-97, 0.0000000000000000e+00)
 (0.0000000000000000e+00, 0.0000000000000000e+00)
 (0.0000000000000000e+00, 0.0000000000000000e+00)
 (0.0000000000000000e+00, -0.0000000000000000e+00)]
endpoint:
  SUSYc1XM2 = 0
  SUSYc1XM3 = 0
  SUSYc2XM1 = 0
  SUSYc2XM2 = 0
residual at lambda0 = 0:
[(-6.250000000000000000000000000000000000000000000000000000000000000000000000000000000000000000000000000000e-02, 0.0000000000000000e+00)
 (0.0000000000000000e+00, 0.0000000000000000e+00)
 (-5.000000000000000000000000000000000000000000000000000000000000000000000000000000000000000000000000000000e-01, 0.0000000000000000e+00)
 (-0.0000000000000000e+00, -0.0000000000000000e+00)]
wrote: /home/zuxian/Documents/Bertini/.runs/syt-2701c92f-688b-424e-a018-90b76204875b/saved_data/output.csv
