Input: /home/zuxian/Documents/Bertini/.runs/syt-fc660635-1f7f-4386-a44c-d790a870e79d/saved_data/initial_data.csv
lambda0: 500 -> 0
parameter symbol in expressions: h
status: Success
start residual:
[(-8.20053235786998138646358104119900772652639428633182209003240985225866150035145031335726758953119277052078366748373585328090770809833806046169340656731220e-143, 0.0000000000000000e+00)
 (1.64010647157399627729271620823980154530527885726636441800648197045173230007029006267145351790623855410415673349674717065618154161966761209233868131346240e-142, 0.0000000000000000e+00)
 (1.23007985368049720796953715617985115897895914294977331350486147783879922505271754700359013842967891557811755012256037799213615621475070906925401098509680e-142, 0.0000000000000000e+00)
 (-4.10026617893499069323179052059950386326319714316591104501620492612933075017572515667863379476559638526039183374186792664045385404916903023084670328365610e-143, 0.0000000000000000e+00)
 (1.23007985368049720796953715617985115897895914294977331350486147783879922505271754700359013842967891557811755012256037799213615621475070906925401098509680e-142, 0.0000000000000000e+00)
 (6.15039926840248603984768578089925579489479571474886656752430738919399612526358773501795069214839457789058775061280188996068078107375354534627005492548420e-143, 0.0000000000000000e+00)
 (3.40754542800163777337915403616228299573923903206463896416874061732037155117142784016945054623586183970370454151790000544045530253500277805317435985780410e-143, 0.0000000000000000e+00)
 (-3.23736836491107419480263929287568249360185047875941316396054851833551163234089237224089396783982878660451835701201193231328802831909488373206988242659760e-143, 0.0000000000000000e+00)
 (-4.73492652010803368627596903379776691241086974784540020579263898940227891804960449001219185772491965387735678066382697583236004141908435375778928382121420e-144, 0.0000000000000000e+00)
 (5.19790823586912577505031061479807710204935331198461745635904396458167722663267892481782372542000957775014272380484599831068277274177494860197058271493760e-144, 0.0000000000000000e+00)
 (4.23941095405021620747964669305148897971670896028018390518643258353459856616069239222021829121882341102972641989668229231502003708452901441104389365387780e-144, 0.0000000000000000e+00)
 (-3.50364541657042661775177412648883386753447021510759000428630792027652774062867139852910602580068050498324497512122503497109093973928017719920982946601470e-146, 0.0000000000000000e+00)
 (-1.87695290173415711665273613919044671475060904380763750229623638586242557533678824921202108525036455624102409381494198302022728914604295207100526578536500e-147, 0.0000000000000000e+00)
 (0.0000000000000000e+00, 0.0000000000000000e+00)
 (-6.25650967244719038884245379730148904916869681269212500765412128620808525112262749737340361750121518747008031271647327673409096382014317357001755261788350e-148, 0.0000000000000000e+00)
 (0.0000000000000000e+00, -0.0000000000000000e+00)]
endpoint:
  SUSYc1XM1 = -3.44027
  SUSYc1XM2 = 11.388
  SUSYc1XM4 = 67.8164
  SUSYc1XM5 = -24.1879
  SUSYc1XM6 = -93.6544
  SUSYc1XM7 = -96.8867
  SUSYc1XM8 = 132.711
  SUSYc1XM9 = 269.059
  SUSYc1XM10 = 100.472
  SUSYc2XM1 = 1.72013
  SUSYc2XM2 = 0.273041
  SUSYc2XM3 = -5.33001
  SUSYc2XM4 = -4.6425
  SUSYc2XM5 = 6.75857
  SUSYc2XM6 = 12.5462
  SUSYc2XM7 = 4.88871
residual at lambda0 = 0:
[(-5.152305271249477265599066879157340804811270e-28, 0.0000000000000000e+00)
 (-2.136400229074776257118989305003483647223160e-28, 0.0000000000000000e+00)
 (-2.745289219341320685942441521636511457436790e-28, 0.0000000000000000e+00)
 (-8.092599480007182827269047232803092860452590e-28, 0.0000000000000000e+00)
 (-3.571277843269353753167235797638058755727400e-28, 0.0000000000000000e+00)
 (-2.962267427962852434511072934426945499201980e-28, 0.0000000000000000e+00)
 (5.193158273260098348151644601593748732123390e-28, 0.0000000000000000e+00)
 (4.927853384743863793638946020399428372806580e-29, 0.0000000000000000e+00)
 (1.789860533477214010219261734676511383892620e-28, 0.0000000000000000e+00)
 (-1.693454089200240817492616407050614417834360e-28, 0.0000000000000000e+00)
 (-1.429353824299120705257084812421230906478000e-29, 0.0000000000000000e+00)
 (-1.422734694808572290951333706373756636415010e-29, 0.0000000000000000e+00)
 (8.932423263666233720012152641719615171335190e-30, 0.0000000000000000e+00)
 (-7.027281312391916147194363196404177868291290e-30, 0.0000000000000000e+00)
 (2.028389693555014873478631327333459771648950e-30, 0.0000000000000000e+00)
 (0.0000000000000000e+00, -0.0000000000000000e+00)]
wrote: /home/zuxian/Documents/Bertini/.runs/syt-fc660635-1f7f-4386-a44c-d790a870e79d/saved_data/output.csv
