Input: /home/zuxian/Documents/Bertini/.runs/syt-f3324b63-e4ac-41cb-8e31-9c9ab88c2595/saved_data/initial_data.csv
lambda0: 500 -> 0
parameter symbol in expressions: h
status: Success
start residual:
[(-7.670458539527697739212143679666055692148774238280389945486795495604851960502681025718902943808331175430e-93, 0.0000000000000000e+00)
 (0.0000000000000000e+00, 0.0000000000000000e+00)
 (1.534091707905539547842428735933211138429754847656077989097359099120970392100536205143780588761666235090e-92, 0.0000000000000000e+00)
 (7.670458539527697739212143679666055692148774238280389945486795495604851960502681025718902943808331175430e-93, 0.0000000000000000e+00)
 (0.0000000000000000e+00, 0.0000000000000000e+00)
 (-9.588073174409622174015179599582569615185967797850487431858494369506064950628351282148628679760413969290e-92, 0.0000000000000000e+00)
 (-3.593654769861731435924830010077920135066771914858415113620400526383230203174962130945941100871139532630e-92, 0.0000000000000000e+00)
 (5.384489609058591140028485527867141096590666642413966115785689230593904014168300476867568758381859040220e-92, 0.0000000000000000e+00)
 (-8.106322608149541403470353260096298480807862911122128412237784668359253643561030393086108671389236712810e-93, 0.0000000000000000e+00)
 (5.396802417871431621628905411825589415969543153794994817907655949437556822185953095945718608688387306200e-93, 0.0000000000000000e+00)
 (2.270613032025716188670586965721458136408786319315178908423520395122285889186889830001018022306543347220e-94, 0.0000000000000000e+00)
 (2.340838177346099163577924706929338284957511669397091658168577726930191638336999824743317548769632316720e-97, 0.0000000000000000e+00)
 (1.755628633009574372683443530197003713718133752047818743626433295197643728752749868557488161577224237540e-97, 0.0000000000000000e+00)
 (0.0000000000000000e+00, 0.0000000000000000e+00)
 (-2.926047721682623954472405883661672856196889586746364572710722158662739547921249780929146935962040395900e-98, 0.0000000000000000e+00)
 (1.463023860841311977236202941830836428098444793373182286355361079331369773960624890464573467981020197950e-98, -0.0000000000000000e+00)]
endpoint:
  SUSYc1XM1 = 1.26192
  SUSYc1XM2 = -19.1528
  SUSYc1XM4 = -238.778
  SUSYc1XM5 = 295.834
  SUSYc1XM6 = -227.463
  SUSYc1XM7 = 774.308
  SUSYc1XM8 = -590.834
  SUSYc1XM9 = -588.928
  SUSYc1XM10 = -519.152
  SUSYc2XM1 = -0.630958
  SUSYc2XM2 = 3.30829
  SUSYc2XM3 = -7.02172
  SUSYc2XM4 = 2.3729
  SUSYc2XM5 = -1.5081
  SUSYc2XM6 = 9.009
  SUSYc2XM7 = 4.35543
residual at lambda0 = 0:
[(6.9388939039072283776480e-18, 0.0000000000000000e+00)
 (6.9388939039072283776480e-18, 0.0000000000000000e+00)
 (1.3877787807814456755300e-17, 0.0000000000000000e+00)
 (-3.4694469519536141888240e-17, 0.0000000000000000e+00)
 (4.1633363423443370265890e-17, 0.0000000000000000e+00)
 (0.0000000000000000e+00, 0.0000000000000000e+00)
 (-2.1900883884207189566950e-17, 0.0000000000000000e+00)
 (1.2143064331837649660880e-17, 0.0000000000000000e+00)
 (-1.0950441942103594783480e-17, 0.0000000000000000e+00)
 (-1.4582519219930034637400e-17, 0.0000000000000000e+00)
 (-1.6263032587282566510110e-18, 0.0000000000000000e+00)
 (2.7105054312137610850190e-20, 0.0000000000000000e+00)
 (8.1315162936412832550560e-20, 0.0000000000000000e+00)
 (-5.4210108624275221700370e-20, 0.0000000000000000e+00)
 (0.0000000000000000e+00, 0.0000000000000000e+00)
 (0.0000000000000000e+00, -0.0000000000000000e+00)]
wrote: /home/zuxian/Documents/Bertini/.runs/syt-f3324b63-e4ac-41cb-8e31-9c9ab88c2595/saved_data/output.csv
