Input: /home/zuxian/Documents/Bertini/.runs/syt-78092613-3cb0-4521-8591-0003f21c0a0b/saved_data/initial_data.csv
lambda0: 5 -> 0
parameter symbol in expressions: h
status: Success
start residual:
[(-5.3510970434775464837712234061062520327900603567481362872866323447036492952039422321146169230119739677145815289290020909837256079755032502498630714420390902846205490349214020499606403127257503267060436940e-197, 0.0000000000000000e+00)
 (0.0000000000000000e+00, 0.0000000000000000e+00)
 (-1.0702194086955092967542446812212504065580120713496272574573264689407298590407884464229233846023947935429163057858004181967451215951006500499726142884078180569241098069842804099921280625451500653412087390e-196, 0.0000000000000000e+00)
 (0.0000000000000000e+00, 0.0000000000000000e+00)
 (2.6755485217387732418856117030531260163950301783740681436433161723518246476019711160573084615059869838572907644645010454918628039877516251249315357210195451423102745174607010249803201563628751633530218470e-197, 0.0000000000000000e+00)
 (5.3510970434775464837712234061062520327900603567481362872866323447036492952039422321146169230119739677145815289290020909837256079755032502498630714420390902846205490349214020499606403127257503267060436940e-197, 0.0000000000000000e+00)
 (1.2541633695650499571338804858061528201851703961128444423328044557899178035634239606518633413309313986831050458427348650743106893692585742773116573692279117854579411800597036054595250732950977328217289910e-196, 0.0000000000000000e+00)
 (-6.6888713043469331047140292576328150409875754459351703591082904308795616190049277901432711537649674596432269111612526137296570099693790628123288393025488628557756862936517525624508003909071879083825546180e-198, 0.0000000000000000e+00)
 (5.0166534782601998285355219432246112807406815844513777693312178231596712142536958426074533653237255947324201833709394602972427574770342971092466294769116471418317647202388144218381002931803909312869159630e-198, 0.0000000000000000e+00)
 (-1.2646147309780920401099961565212040936867134827471181460189111595881671185931191603239622025086891603387975878914243222832632784473357290629559211806381443836700906898935344688383544489058902139285767320e-197, 0.0000000000000000e+00)
 (-2.2992995108692582547454475573112801703394790595402148109434748356148493065329439278617494591067075642523592507116805859695695971769740528417380385102511716066728921634427899433424626343743458435065031500e-198, 0.0000000000000000e+00)
 (1.6330252207878254650180735492267614846161072866052662009541724684764554733898749487654470590246502587019596951077276888988420434495554352569162205328488434706483609115360724029420899391863251729449596230e-199, 0.0000000000000000e+00)
 (-5.2256807065210414880578353575256367507715433171368518430533518991246575148475998360494305888788808278462710243447286044762945390385773928221319057051162991060747549169154316894146878053962405534238707950e-200, 0.0000000000000000e+00)
 (5.2256807065210414880578353575256367507715433171368518430533518991246575148475998360494305888788808278462710243447286044762945390385773928221319057051162991060747549169154316894146878053962405534238707950e-200, 0.0000000000000000e+00)
 (2.6128403532605207440289176787628183753857716585684259215266759495623287574237999180247152944394404139231355121723643022381472695192886964110659528525581495530373774584577158447073439026981202767119353980e-200, 0.0000000000000000e+00)
 (0.0000000000000000e+00, -0.0000000000000000e+00)]
endpoint:
  SUSYc1XM1 = -1.26192
  SUSYc1XM2 = -19.1528
  SUSYc1XM4 = -238.778
  SUSYc1XM5 = -295.834
  SUSYc1XM6 = -227.463
  SUSYc1XM7 = -774.308
  SUSYc1XM8 = -590.834
  SUSYc1XM9 = 588.928
  SUSYc1XM10 = -519.152
  SUSYc2XM1 = 0.630958
  SUSYc2XM2 = 3.30829
  SUSYc2XM3 = 7.02172
  SUSYc2XM4 = 2.3729
  SUSYc2XM5 = 1.5081
  SUSYc2XM6 = 9.009
  SUSYc2XM7 = -4.35543
residual at lambda0 = 0:
[(-8.526512829121202230e-14, 0.0000000000000000e+00)
 (-2.273736754432320590e-13, 0.0000000000000000e+00)
 (7.958078640513122080e-13, 0.0000000000000000e+00)
 (-2.273736754432320590e-13, 0.0000000000000000e+00)
 (0.0000000000000000e+00, 0.0000000000000000e+00)
 (2.273736754432320590e-13, 0.0000000000000000e+00)
 (9.947598300641402600e-14, 0.0000000000000000e+00)
 (8.526512829121202230e-14, 0.0000000000000000e+00)
 (-1.243449787580175330e-14, 0.0000000000000000e+00)
 (1.239008895481674700e-13, 0.0000000000000000e+00)
 (-8.881784197001252320e-16, 0.0000000000000000e+00)
 (-6.661338147750939240e-16, 0.0000000000000000e+00)
 (3.330669073875469620e-15, 0.0000000000000000e+00)
 (-8.881784197001252320e-16, 0.0000000000000000e+00)
 (-2.220446049250313080e-16, 0.0000000000000000e+00)
 (0.0000000000000000e+00, -0.0000000000000000e+00)]
wrote: /home/zuxian/Documents/Bertini/.runs/syt-78092613-3cb0-4521-8591-0003f21c0a0b/saved_data/output.csv
