Input: /home/zuxian/Documents/Bertini/.runs/syt-413ec71a-c14e-4769-adf8-55dfa0c5deec/saved_data/initial_data.csv
lambda0: 500 -> 0
parameter symbol in expressions: h
status: Success
start residual:
[(4.4217183002083556481978121537538045804113921865913760691321361767263190032191626540e-75, 0.0000000000000000e+00)
 (2.2108591501041778240989060768769022902056960932956880345660680883631595016095813270e-75, 0.0000000000000000e+00)
 (-8.8434366004167112963956243075076091608227843731827521382642723534526380064383253070e-75, 0.0000000000000000e+00)
 (2.1003161925989689328939607730330571756954112886309036328377646839450015265291022600e-74, 0.0000000000000000e+00)
 (-2.2108591501041778240989060768769022902056960932956880345660680883631595016095813270e-75, 0.0000000000000000e+00)
 (-8.8434366004167112963956243075076091608227843731827521382642723534526380064383253070e-75, 0.0000000000000000e+00)
 (-8.2907218128906668403708977882883835882713603498588301296227553313618481310359299760e-76, 0.0000000000000000e+00)
 (-1.6581443625781333680741795576576767176542720699717660259245510662723696262071859950e-75, 0.0000000000000000e+00)
 (1.9345017563411555960865428172672895039299840816337270302453095773177645639083836610e-75, 0.0000000000000000e+00)
 (7.2112007435038612621976038054383336418818603043042949564947923975907741556406265930e-76, 0.0000000000000000e+00)
 (-1.8567762393453055944580656505020859077899400783538004977800962460862472376799218170e-76, 0.0000000000000000e+00)
 (1.8824992023267880711254761711871847541687523841267796562022859878675111097498880310e-76, 0.0000000000000000e+00)
 (2.5571155331099957132979901218760558105101282329073051913468621993702314792176248870e-77, 0.0000000000000000e+00)
 (-8.0964080204010418362997048713753745979212503416590137984597220032830548154647753670e-79, 0.0000000000000000e+00)
 (-9.7494246578995878778775612826145135783301722864143957823119152456200118402888336710e-78, 0.0000000000000000e+00)
 (1.3662688534426758098755751970445944633992109951549585784900780880540155001096808430e-78, -0.0000000000000000e+00)]
endpoint:
  SUSYc1XM1 = -1.26192
  SUSYc1XM2 = -19.1528
  SUSYc1XM4 = -238.778
  SUSYc1XM5 = -295.834
  SUSYc1XM6 = -227.463
  SUSYc1XM7 = -774.308
  SUSYc1XM8 = -590.834
  SUSYc1XM9 = 588.928
  SUSYc1XM10 = -519.152
  SUSYc2XM1 = 0.630958
  SUSYc2XM2 = 3.30829
  SUSYc2XM3 = 7.02172
  SUSYc2XM4 = 2.3729
  SUSYc2XM5 = 1.5081
  SUSYc2XM6 = 9.009
  SUSYc2XM7 = -4.35543
residual at lambda0 = 0:
[(2.5030447178034825878526955586850626515018992357684703023315819936777615852979524980e-27, 0.0000000000000000e+00)
 (-2.9035730957185711363779435122035944491984574604925088529129166838858652510014885090e-26, 0.0000000000000000e+00)
 (4.9546159731091274973929750332634809139568495612875156111777201295720738531807291080e-26, 0.0000000000000000e+00)
 (-5.6006033650124595356923175975423244549207563296691391947291088507536509587399537590e-26, 0.0000000000000000e+00)
 (2.3947891418661971694341486197296054391787221093364074693559275915094426445823334740e-26, 0.0000000000000000e+00)
 (2.5873551696644562239713664827044234322100119059342355570893731559985745257116909360e-27, 0.0000000000000000e+00)
 (-3.9044300625267920064754293058349344531877954321502247101078097025125726943471932110e-26, 0.0000000000000000e+00)
 (2.2262410606809718107159231283523464977818525323841598014950220447691259484989677860e-26, 0.0000000000000000e+00)
 (-1.5730027671839724997826564262425697770546433509021933143202372764647568793856036360e-26, 0.0000000000000000e+00)
 (1.7119367027700686740780995773736281846087864838108727226811554230379197606436624900e-27, 0.0000000000000000e+00)
 (-2.6206085640818420862267432690199641675215786307628962229086978597362589824662262680e-28, 0.0000000000000000e+00)
 (-6.4641208822396909816908347431306951751450729055820785469850665427817071094794474400e-28, 0.0000000000000000e+00)
 (3.5600016090440749541044865287105777857861922085940052025708513822250796965493281310e-28, 0.0000000000000000e+00)
 (-1.0337067706218704742726187954642176961808652189207538210132975176546683640253361770e-28, 0.0000000000000000e+00)
 (1.0344565833975483365230273680594328457926262102811087004538111727675719945906144560e-29, 0.0000000000000000e+00)
 (0.0000000000000000e+00, -0.0000000000000000e+00)]
wrote: /home/zuxian/Documents/Bertini/.runs/syt-413ec71a-c14e-4769-adf8-55dfa0c5deec/saved_data/output.csv
