Input: /home/zuxian/Documents/BAE_Bertini/.runs/syt-e6e94dfa-780d-4671-a631-b770219aa9a3/saved_data/initial_data.csv
lambda0: 70 -> 0
parameter symbol in expressions: h
status: Success
start residual:
[(-9.5539360749874696447650e-22, 0.0000000000000000e+00)
 (7.3056591700683404244640e-21, 0.0000000000000000e+00)
 (-6.0351097491868899158620e-21, 0.0000000000000000e+00)
 (3.7269449679189214919010e-20, 0.0000000000000000e+00)
 (-1.1424356876092375823180e-19, 0.0000000000000000e+00)
 (-7.4538899358378429838010e-20, 0.0000000000000000e+00)
 (5.7905289856672106929560e-19, 0.0000000000000000e+00)
 (-7.5894152073985310380520e-19, 0.0000000000000000e+00)
 (5.6242987697685542514140e-19, 0.0000000000000000e+00)
 (-1.5958100726271018388050e-18, 0.0000000000000000e+00)
 (-2.0125502826762176056260e-18, 0.0000000000000000e+00)
 (-1.8287441331220344320490e-18, 0.0000000000000000e+00)
 (-6.1395330297155841295380e-19, 0.0000000000000000e+00)
 (-8.6033136452619285439170e-18, 0.0000000000000000e+00)
 (-1.0833551395382501336680e-18, 0.0000000000000000e+00)
 (-6.4120394107150535667470e-18, 0.0000000000000000e+00)
 (2.2401903872508108217510e-18, 0.0000000000000000e+00)
 (-9.2834811019071317161890e-19, 0.0000000000000000e+00)
 (-7.8604657505199071465540e-19, 0.0000000000000000e+00)
 (-1.3552527156068805425090e-20, -0.0000000000000000e+00)]
endpoint:
  SUSYc1XM1 = -4.00268
  SUSYc1XM2 = 8.63247
  SUSYc1XM3 = -10.6086
  SUSYc1XM4 = 6.50757
  SUSYc1XM6 = -7.309
  SUSYc1XM7 = -0.510703
  SUSYc1XM8 = -1.74039
  SUSYc1XM9 = 0.826709
  SUSYc1XM10 = -1.31176
  SUSYc1XM11 = 0.476655
  SUSYc1XM12 = -0.0481484
  SUSYc1XM13 = 0.000995213
  SUSYc2XM1 = 2.66845
  SUSYc2XM2 = 2.8582
  SUSYc2XM3 = 1.38258
  SUSYc2XM4 = 0.232719
  SUSYc2XM5 = -0.0741393
  SUSYc2XM6 = -0.0585636
  SUSYc2XM7 = 0.0092346
  SUSYc2XM8 = -0.00020885
residual at lambda0 = 0:
[(-1.2392716539692891496460e-21, 0.0000000000000000e+00)
 (8.0075219198195844065930e-21, 0.0000000000000000e+00)
 (3.1898565961882406226070e-20, 0.0000000000000000e+00)
 (1.0679728888672140310260e-20, 0.0000000000000000e+00)
 (-9.7258242062759887956030e-20, 0.0000000000000000e+00)
 (-2.2382928349256141762650e-19, 0.0000000000000000e+00)
 (-1.0123367208668973896150e-18, 0.0000000000000000e+00)
 (-1.8968244062575988218010e-18, 0.0000000000000000e+00)
 (-2.2362993296493613795680e-18, 0.0000000000000000e+00)
 (-1.6342441926087657166900e-18, 0.0000000000000000e+00)
 (-1.0164395367051604068820e-18, 0.0000000000000000e+00)
 (-1.9373231690481950567630e-19, 0.0000000000000000e+00)
 (-2.0868774237977824603800e-19, 0.0000000000000000e+00)
 (9.7408788934244538992860e-20, 0.0000000000000000e+00)
 (-2.2869889575866109154840e-20, 0.0000000000000000e+00)
 (7.9621097041904231872420e-20, 0.0000000000000000e+00)
 (-2.0667603913004928273270e-19, 0.0000000000000000e+00)
 (1.4907779871675685967600e-19, 0.0000000000000000e+00)
 (-5.4210108624275221700370e-20, 0.0000000000000000e+00)
 (0.0000000000000000e+00, -0.0000000000000000e+00)]
wrote: /home/zuxian/Documents/BAE_Bertini/.runs/syt-e6e94dfa-780d-4671-a631-b770219aa9a3/saved_data/output.csv
