Input: /home/zuxian/Documents/Bertini/.runs/syt-11849500-4b22-445d-8e8d-61f2bcd82fbe/saved_data/initial_data.csv
lambda0: 500 -> 0
parameter symbol in expressions: h
status: GoingToInfinity
start residual:
[(-2.4109902839092433437279624178552329158938895943364402855998650692296762264470882121015618008322749908934818536742511821136274099294427444325783054689251325186386345731741869076302660993017140672006750470e-192, 0.0000000000000000e+00)
 (3.9452568282151254715548475928540174987354556998232659218906882951031065523679625288934647649982681669166066696487746616404812162481790363442190453127865804850450383924668513033949808897664412008738318950e-192, 0.0000000000000000e+00)
 (0.0000000000000000e+00, 0.0000000000000000e+00)
 (6.1370661772235285113075406999951383313662644219473025451632929034937213036834972671676118566639727040924992638980939181074152252749451676465629593754457918656256152771706575830588591618589085346926273920e-192, 0.0000000000000000e+00)
 (-1.4246760768554619758392505196417285412100256693806238051271929954538995883550975798781956095827079491643301862620575167035071058673979853465235441407284873973773749750574740817815208768601037669822170730e-192, 0.0000000000000000e+00)
 (8.7672373960336121590107724285644833305232348884961464930904184335624590052621389530965883666628181487035703769972770258677360361070645252093756562506368455223223075388152251186555130883698693352751819890e-193, 0.0000000000000000e+00)
 (3.2877140235126045596290396607116812489462130831860549349089069125859221269733021074112206374985568057638388913739788847004010135401491969535158710939888170708708653270557094194958174081387010007281932460e-193, 0.0000000000000000e+00)
 (-4.1096425293907556995362995758896015611827663539825686686361336407324026587166276342640257968731960072047986142174736058755012669251864961918948388674860213385885816588196367743697717601733762509102415570e-194, 0.0000000000000000e+00)
 (0.0000000000000000e+00, 0.0000000000000000e+00)
 (-2.6541441335648630559505268094287010082638699369470755984941696429730100504211553471288499938139390879864324383487850371279279015558496121239320834352513887811717923213210154167804775951119721620461976720e-194, 0.0000000000000000e+00)
 (-3.5317240486951806792890074480301263416414398354537699496091773475044085348346018731956471691879028186916238090931413800492589012638321451649096271517457995878495623630481253529740226063989952156259888380e-195, 0.0000000000000000e+00)
 (-1.8781096459236623108079860274947138482272926681789845523933746725454019108362273810761653536430697695279498061494954604487802573304647149802742069104187978987232669171394061491756387972594088549005391640e-195, 0.0000000000000000e+00)
 (-3.2190193152169615566436265802357922384752706833563007353208647698607890291461214990064492427493905899533029509963528203573974360477636739784332539143516402493420490288199059206794476881240841809091044100e-196, 0.0000000000000000e+00)
 (-1.5175376771737104481319953878254449124240561792965417752226933915058005423117429923887546430104269924065571054697091867399159341368028748755471054167657732604041088278722413626060253386870682567142920790e-196, 0.0000000000000000e+00)
 (-1.3168715380433024549905745100964604611944289159184866644494446785794136937415951586844565083974779686172602981348716083280262238377215029911772402376893073747308382390626887857325013269598526194628154400e-197, 0.0000000000000000e+00)
 (-8.8836572010857705296983201077935824763116236391326481331906982285119177752409197212840320010940974073386607413860386276097007163655815677976242396986977084803270833587562338720049692691736089408205803520e-199, -0.0000000000000000e+00)]
endpoint:
  SUSYc1XM1 = 0
  SUSYc1XM2 = 0
  SUSYc1XM3 = 0
  SUSYc1XM4 = 0
  SUSYc1XM5 = 0
  SUSYc1XM6 = 0
  SUSYc1XM8 = 0
  SUSYc1XM9 = 0
  SUSYc1XM10 = 0
  SUSYc1XM11 = 0
  SUSYc1XM12 = 0
  SUSYc2XM1 = 0
  SUSYc2XM2 = 0
  SUSYc2XM3 = 0
  SUSYc2XM4 = 0
  SUSYc2XM5 = 0
residual at lambda0 = 0:
[(2.1798270089285714285714285714285714285714285714285714285714285714285714285714285714285714285714285714285714285714285714285714285714285714285714285714285714285714285714285714285714285714285714285714285770e-06, 0.0000000000000000e+00)
 (0.0000000000000000e+00, 0.0000000000000000e+00)
 (-1.3950892857142857142857142857142857142857142857142857142857142857142857142857142857142857142857142857142857142857142857142857142857142857142857142857142857142857142857142857142857142857142857142857142890e-04, 0.0000000000000000e+00)
 (0.0000000000000000e+00, 0.0000000000000000e+00)
 (-2.0926339285714285714285714285714285714285714285714285714285714285714285714285714285714285714285714285714285714285714285714285714285714285714285714285714285714285714285714285714285714285714285714285714250e-03, 0.0000000000000000e+00)
 (0.0000000000000000e+00, 0.0000000000000000e+00)
 (-4.4642857142857142857142857142857142857142857142857142857142857142857142857142857142857142857142857142857142857142857142857142857142857142857142857142857142857142857142857142857142857142857142857142857250e-03, 0.0000000000000000e+00)
 (0.0000000000000000e+00, 0.0000000000000000e+00)
 (6.1383928571428571428571428571428571428571428571428571428571428571428571428571428571428571428571428571428571428571428571428571428571428571428571428571428571428571428571428571428571428571428571428571428600e-02, 0.0000000000000000e+00)
 (0.0000000000000000e+00, 0.0000000000000000e+00)
 (3.9285714285714285714285714285714285714285714285714285714285714285714285714285714285714285714285714285714285714285714285714285714285714285714285714285714285714285714285714285714285714285714285714285714240e-01, 0.0000000000000000e+00)
 (0.0000000000000000e+00, 0.0000000000000000e+00)
 (7.5000000000000000000000000000000000000000000000000000000000000000000000000000000000000000000000000000000000000000000000000000000000000000000000000000000000000000000000000000000000000000000000000000000000e-01, 0.0000000000000000e+00)
 (0.0000000000000000e+00, 0.0000000000000000e+00)
 (0.0000000000000000e+00, -0.0000000000000000e+00)
 (-0.0000000000000000e+00, -0.0000000000000000e+00)]
wrote: /home/zuxian/Documents/Bertini/.runs/syt-11849500-4b22-445d-8e8d-61f2bcd82fbe/saved_data/output.csv
