Input: /home/zuxian/Documents/Bertini/.runs/syt-12b2631c-865e-4039-bf17-5a7c51eb39d0/saved_data/initial_data.csv
lambda0: 5070 -> 0
parameter symbol in expressions: h
status: Success
start residual:
[(3.5373746401666845185582497230030436643291137492731008553057089413810552025753301230e-74, 0.0000000000000000e+00)
 (1.4149498560666738074232998892012174657316454997092403421222835765524220810301320490e-73, 0.0000000000000000e+00)
 (-2.1224247841000107111349498338018261985974682495638605131834253648286331215451980740e-73, 0.0000000000000000e+00)
 (-4.2448495682000214222698996676036523971949364991277210263668507296572662430903961480e-73, 0.0000000000000000e+00)
 (9.9488661754688002084450773459460603059256324198305961555473063976342177572431159710e-75, 0.0000000000000000e+00)
 (-9.7277802604583824260351867382583700769050628105010273520906995887979018070821578380e-74, 0.0000000000000000e+00)
 (-2.2108591501041778240989060768769022902056960932956880345660680883631595016095813270e-75, 0.0000000000000000e+00)
 (-6.0798626627864890162719917114114812980656642565631420950566872429986886294263486490e-75, 0.0000000000000000e+00)
 (-1.4923299263203200312667616018919090458888448629745894233320959596451326635864673960e-74, 0.0000000000000000e+00)
 (-1.9279571598579980872688672224962610761299977376075526607582213020317774279325496340e-77, 0.0000000000000000e+00)
 (4.8173627721386198925983243984683478857631439532871132100835345919534176152015413430e-76, 0.0000000000000000e+00)
 (3.5172145841958859243858634578733189815802898359223699109475442335928803960848228320e-76, 0.0000000000000000e+00)
 (9.1691820831041798796094157668326117321458160119288331267556351687180595785138581030e-77, 0.0000000000000000e+00)
 (1.6715709058786317624527099015693742138624914767883505571403301052611473587761650810e-77, -0.0000000000000000e+00)]
endpoint:
  SUSYc1XM1 = -4.5002
  SUSYc1XM2 = 1.32391
  SUSYc1XM3 = 71.0555
  SUSYc1XM4 = -380.369
  SUSYc1XM6 = -5728.09
  SUSYc1XM7 = -6488.07
  SUSYc1XM8 = -15610.8
  SUSYc1XM9 = -9333.49
  SUSYc1XM10 = -4430.82
  SUSYc2XM1 = 3.00014
  SUSYc2XM2 = 8.54063
  SUSYc2XM3 = 10.9512
  SUSYc2XM4 = 9.8035
  SUSYc2XM5 = 3.43254
residual at lambda0 = 0:
[(1.4260636987255380049657023618069453399980279799202727556306697417084392866837442460e-32, 0.0000000000000000e+00)
 (6.0931337197988003928208058844157041182021665283529444426423688415812834739594898960e-31, 0.0000000000000000e+00)
 (2.0064546154883951689308446103975826674330916199791144646976330169506952786843603920e-30, 0.0000000000000000e+00)
 (3.3349130992059409679936766297459446544770475641719456516078102102356238546730722560e-30, 0.0000000000000000e+00)
 (4.1147773398535236964290846036139424429100685953253859870149380703247910846075744250e-30, 0.0000000000000000e+00)
 (3.0172913013629654284623925086874696167120842334916559310000283346125606381429811560e-30, 0.0000000000000000e+00)
 (1.7315151620827682063493597768815826622872515070364562489929471692110759554583176750e-30, 0.0000000000000000e+00)
 (4.5839649288958801522143151942759756732585796256645436195979052385858998997352827930e-31, 0.0000000000000000e+00)
 (1.0887210363190397495351210092002297648681458607932925248469637938445012201316301350e-31, 0.0000000000000000e+00)
 (-2.3068445281120834706787784996674963702104051269826532388298029421894388782551900970e-33, 0.0000000000000000e+00)
 (-6.7421987765783074067457687465287226497826934764286952283954151235122803780092576450e-33, 0.0000000000000000e+00)
 (3.1191259693442635746322659793131912020381727206244880672092099759387066474455638150e-33, 0.0000000000000000e+00)
 (3.5422851486828207634748602740612403794567602365840000917194311859982796263972617990e-34, 0.0000000000000000e+00)
 (0.0000000000000000e+00, -0.0000000000000000e+00)]
wrote: /home/zuxian/Documents/Bertini/.runs/syt-12b2631c-865e-4039-bf17-5a7c51eb39d0/saved_data/output.csv
