Input: /home/zuxian/Documents/Bertini/.runs/syt-bf5e1162-9613-4f71-b3ca-831e123a832a/saved_data/initial_data.csv
lambda0: 500 -> 0
parameter symbol in expressions: h
status: Success
start residual:
[(7.191054880807216630511384699686927211389475848387865573893870777129548712971263461611471509820310476970e-94, 0.0000000000000000e+00)
 (0.0000000000000000e+00, 0.0000000000000000e+00)
 (4.794036587204811087007589799791284807592983898925243715929247184753032475314175641074314339880206984650e-94, 0.0000000000000000e+00)
 (0.0000000000000000e+00, 0.0000000000000000e+00)
 (-9.438259531059471827546192418339091964948687051009073565735705394982532685774783293365056356639157501020e-94, 0.0000000000000000e+00)
 (2.996272867003006929379743624869553004745614936828277322455779490470645297071359775671446462425129365400e-94, 0.0000000000000000e+00)
 (8.988818601009020788139230874608659014236844810484831967367338471411935891214079327014339387275388096210e-95, 0.0000000000000000e+00)
 (2.996272867003006929379743624869553004745614936828277322455779490470645297071359775671446462425129365400e-95, 0.0000000000000000e+00)
 (-6.132996024646779808574162732154866306588680573820380144401673644557102092442939540827491977776436669810e-95, 0.0000000000000000e+00)
 (1.215132755420012179093243805874374080812514553696013712711024586452160807885171510586482300999986088160e-95, 0.0000000000000000e+00)
 (7.680875269416887880490065444611891247516835165209207003365645666489691313293280674939010706900356039240e-97, 0.0000000000000000e+00)
 (3.547832862540181544797792133939778338138728623929967044411750617378571701854515359376590659853973980030e-97, 0.0000000000000000e+00)
 (-1.645901843446475974390728309559690981610750392544830072149781214247790995705703001772645151478647722690e-98, 0.0000000000000000e+00)
 (-1.097267895630983982927152206373127321073833595029886714766520809498527330470468667848430100985765148460e-98, -0.0000000000000000e+00)]
endpoint:
  SUSYc1XM1 = 4.5002
  SUSYc1XM2 = 1.32391
  SUSYc1XM3 = -71.0555
  SUSYc1XM4 = -380.369
  SUSYc1XM6 = -5728.09
  SUSYc1XM7 = 6488.07
  SUSYc1XM8 = -15610.8
  SUSYc1XM9 = 9333.49
  SUSYc1XM10 = -4430.82
  SUSYc2XM1 = -3.00014
  SUSYc2XM2 = 8.54063
  SUSYc2XM3 = -10.9512
  SUSYc2XM4 = 9.8035
  SUSYc2XM5 = -3.43254
residual at lambda0 = 0:
[(0.0000000000000000e+00, 0.0000000000000000e+00)
 (0.0000000000000000e+00, 0.0000000000000000e+00)
 (6.46234853557052870993288040679660e-27, 0.0000000000000000e+00)
 (-1.29246970711410574198657608135930e-26, 0.0000000000000000e+00)
 (-2.22143230910236924403942763983630e-27, 0.0000000000000000e+00)
 (-2.66571877092284309284731316780360e-26, 0.0000000000000000e+00)
 (7.47209049425342382085989297035860e-27, 0.0000000000000000e+00)
 (7.88860905221011805411728565282790e-29, 0.0000000000000000e+00)
 (-7.19441145561562766535496451537900e-28, 0.0000000000000000e+00)
 (-1.13595970351825699979288913400720e-28, 0.0000000000000000e+00)
 (7.57306469012171333195259422671470e-29, 0.0000000000000000e+00)
 (3.78653234506085666597629711335740e-29, 0.0000000000000000e+00)
 (6.31088724176809444329382852226230e-30, 0.0000000000000000e+00)
 (0.0000000000000000e+00, -0.0000000000000000e+00)]
wrote: /home/zuxian/Documents/Bertini/.runs/syt-bf5e1162-9613-4f71-b3ca-831e123a832a/saved_data/output.csv
