Input: /home/zuxian/Documents/Bertini/.runs/syt-a0047606-5064-4db0-a17e-54a1e3226c35/saved_data/initial_data.csv
lambda0: 5070 -> 0
parameter symbol in expressions: h
status: Success
start residual:
[(-5.7956346104490959152058363461681867396368199668090484413328735295587208438994208730e-70, 0.0000000000000000e+00)
 (-4.6365076883592767321646690769345493917094559734472387530662988236469766751195366990e-69, 0.0000000000000000e+00)
 (2.3182538441796383660823345384672746958547279867236193765331494118234883375597683490e-69, 0.0000000000000000e+00)
 (-1.1591269220898191830411672692336373479273639933618096882665747059117441687798841750e-69, 0.0000000000000000e+00)
 (6.9547615325389150982470036154018240875641839601708581295994482354704650126793050480e-69, 0.0000000000000000e+00)
 (3.1518715518813192397257716681901719657905269328773183240944927809493478065986706460e-69, 0.0000000000000000e+00)
 (1.2925920672633081899263700312825421853825014551218837835372591042700513815730513800e-69, 0.0000000000000000e+00)
 (-3.7177807468151854290047204588761988912098985504860289989263000973914890179066719590e-71, 0.0000000000000000e+00)
 (-5.9171434293388215284183122241533412895065250240965794557126246316951600901078834630e-71, 0.0000000000000000e+00)
 (-1.3265154900625066944593436461261413741234176559774128207396408530178957009657487960e-74, 0.0000000000000000e+00)
 (1.0225223569231822436457440605555673092201344431492557159868064908679612694944313640e-74, 0.0000000000000000e+00)
 (-5.5271478752604445602472651921922557255142402332392200864151702209078987540239533170e-75, 0.0000000000000000e+00)
 (5.5271478752604445602472651921922557255142402332392200864151702209078987540239533170e-75, 0.0000000000000000e+00)
 (-1.1054295750520889120494530384384511451028480466478440172830340441815797508047906630e-75, 0.0000000000000000e+00)
 (2.7635739376302222801236325960961278627571201166196100432075851104539493770119766590e-76, 0.0000000000000000e+00)
 (-3.4544674220377778501545407451201598284464001457745125540094813880674367212649708230e-77, -0.0000000000000000e+00)]
endpoint:
  SUSYc1XM1 = -5.73608
  SUSYc1XM2 = 22.0773
  SUSYc1XM3 = -55.6775
  SUSYc1XM4 = 101.734
  SUSYc1XM6 = 543.907
  SUSYc1XM7 = 730.509
  SUSYc1XM8 = -460.324
  SUSYc1XM9 = -2034.37
  SUSYc1XM10 = -2874.37
  SUSYc1XM11 = -1118.78
  SUSYc2XM1 = 3.82405
  SUSYc2XM2 = 5.4919
  SUSYc2XM3 = -2.27656
  SUSYc2XM4 = -18.1774
  SUSYc2XM5 = -22.3895
  SUSYc2XM6 = -9.34163
residual at lambda0 = 0:
[(-7.5325295082753771888952317034513538654352063960094411960692062007409682775856965670e-27, 0.0000000000000000e+00)
 (-3.9907453637658936796648063771803112596046924664740068142967314905702523468729607530e-26, 0.0000000000000000e+00)
 (-1.0630239053678810513046247204236146572251931511463468514721385035261089441531715260e-25, 0.0000000000000000e+00)
 (-1.7544302913079964768808808877469725431688774253715886523666421834705641689911966880e-25, 0.0000000000000000e+00)
 (-1.9234394434783126230936951745880568237816806341402536994172415510568227920232269400e-25, 0.0000000000000000e+00)
 (-1.4680928551199823673450501553918068529097921191206208825114240678510641885750465620e-25, 0.0000000000000000e+00)
 (-7.9312852735239176413554447687930653364203685186797336936750005206549037286936880720e-26, 0.0000000000000000e+00)
 (-2.8899750827148080766861766077481546566637131921278457286360108717679576962950110410e-26, 0.0000000000000000e+00)
 (-5.4469327315167344297613667520610842696601788178621035225997885076192309829877315870e-27, 0.0000000000000000e+00)
 (8.2220087054980459737344214916545628587143991338332813661763701341696215880988274860e-28, 0.0000000000000000e+00)
 (1.1653940065568547930805553960750410284617355421064865012993322097196370228248173760e-27, 0.0000000000000000e+00)
 (7.3504711475427323074404881315240577469057739167191431980019821696533697083483755960e-28, 0.0000000000000000e+00)
 (3.9583891053789685707941560843926411809930346205126145166711175726432657982854471070e-28, 0.0000000000000000e+00)
 (1.4706420459773365052098607763638764004790237046288673031928081010861068001925478540e-28, -0.0000000000000000e+00)
 (2.8221474978122566937153760354151451711753353467188455623468862731176901514092245430e-29, -0.0000000000000000e+00)
 (0.0000000000000000e+00, -0.0000000000000000e+00)]
wrote: /home/zuxian/Documents/Bertini/.runs/syt-a0047606-5064-4db0-a17e-54a1e3226c35/saved_data/output.csv
