Input: /home/zuxian/Documents/Bertini/.runs/syt-ae70c9e8-1f54-4906-bd8b-a47a15e9dcf0/saved_data/initial_data.csv
lambda0: 500 -> 0
parameter symbol in expressions: h
status: Success
start residual:
[(-3.4247021078256297496135829799080013009856386283188072238634447006103355489305230285533548307276633393373321785145613382295843891043220801599123657229050177821571513823496973119748098001444802090918679640e-195, 0.0000000000000000e+00)
 (-1.7123510539128148748067914899540006504928193141594036119317223503051677744652615142766774153638316696686660892572806691147921945521610400799561828614525088910785756911748486559874049000722401045459339820e-195, 0.0000000000000000e+00)
 (6.8494042156512594992271659598160026019712772566376144477268894012206710978610460571067096614553266786746643570291226764591687782086441603198247314458100355643143027646993946239496196002889604181837359290e-195, 0.0000000000000000e+00)
 (1.1130281850433296686244144684701004228203325542036123477556195276983590534024199842798403199864905852846329580172324349246149264589046760519715188599441307792010741992636516263918131850469560679548570880e-194, 0.0000000000000000e+00)
 (1.7123510539128148748067914899540006504928193141594036119317223503051677744652615142766774153638316696686660892572806691147921945521610400799561828614525088910785756911748486559874049000722401045459339820e-195, 0.0000000000000000e+00)
 (6.8494042156512594992271659598160026019712772566376144477268894012206710978610460571067096614553266786746643570291226764591687782086441603198247314458100355643143027646993946239496196002889604181837359290e-195, 0.0000000000000000e+00)
 (0.0000000000000000e+00, 0.0000000000000000e+00)
 (1.2842632904346111561050936174655004878696144856195527089487917627288758308489461357075080615228737522514995669429605018360941459141207800599671371460893816683089317683811364919905536750541800784094504870e-195, 0.0000000000000000e+00)
 (2.1404388173910185935084893624425008131160241426992545149146529378814597180815768928458467692047895870858326115716008363934902431902013000999452285768156361138482196139685608199842561250903001306824174780e-196, 0.0000000000000000e+00)
 (1.3335937163041697877523595832405424987968978545333245903472154046566125977891074781598146862818903872663683654127747398623503663626449506482080623359456795318702774547968181671386283279371205892337718270e-196, 0.0000000000000000e+00)
 (-1.3231423548911277047762439125254912252953547678990508866611087008583632827594122784877158251041326256106758233640852826533977772845677958625637985245354469336581279449629873037597989523263281081269240850e-196, 0.0000000000000000e+00)
 (-1.6950801791777628326887603440973784210315193634962663165904310222785607813786901968185340472675869685326341635218213410769980411006385417966790369130970995225329986261744431542538893568754055295168680890e-197, 0.0000000000000000e+00)
 (5.9102448790752979229934117893614951651226154916817794344933409979099876492926354145719059960220142162941325285338880516626891236526310312818311853524865342889705478110313532407280119079031480659223978690e-197, 0.0000000000000000e+00)
 (-1.1287470326085449614204924372255375381666533565015599980995240102109260232070815645866770071978382588147945412584613785668796204323327168495804916323051206069121470620537332449135725659655879595395560920e-197, 0.0000000000000000e+00)
 (2.9002527921191780258720986234267283966782065410109527728946103040141849207404179090074339768277788594546804185113243754843434691664104530162832076663395460038714889788880645876251517319949135071502482910e-198, 0.0000000000000000e+00)
 (-2.6128403532605207440289176787628183753857716585684259215266759495623287574237999180247152944394404139231355121723643022381472695192886964110659528525581495530373774584577158447073439026981202767119353980e-200, -0.0000000000000000e+00)]
endpoint:
  SUSYc1XM1 = -1.26192
  SUSYc1XM2 = -19.1528
  SUSYc1XM4 = -238.778
  SUSYc1XM5 = -295.834
  SUSYc1XM6 = -227.463
  SUSYc1XM7 = -774.308
  SUSYc1XM8 = -590.834
  SUSYc1XM9 = 588.928
  SUSYc1XM10 = -519.152
  SUSYc2XM1 = 0.630958
  SUSYc2XM2 = 3.30829
  SUSYc2XM3 = 7.02172
  SUSYc2XM4 = 2.3729
  SUSYc2XM5 = 1.5081
  SUSYc2XM6 = 9.009
  SUSYc2XM7 = -4.35543
residual at lambda0 = 0:
[(1.9587006622564509561550996475230800363249045463350765500759921821459812968621484004567758166777585035743203277243445750604355991514617791142426366012005720745658511540337512754533136138368893594640510340e-54, 0.0000000000000000e+00)
 (-2.3696543441584037321087673475685758201734236214915498058411776699356908807223927788121451587997390127395620572807369669292744628904438058433503498649104603978970510718446692158703137076788460284537447120e-53, 0.0000000000000000e+00)
 (3.9883438367862745888994118104002769853662392294131347232971923790597708547570668703602434956985463608456421247312797942665957870939773954948076168650058464693611333247019612457759469249833678400882532320e-53, 0.0000000000000000e+00)
 (-4.5258434603390666387652510430877464656600884765407516913113863825603972192812535440532058411422952183849836231987775630014007463613793926172155884434034239446528959809023785682297146548634586014482330290e-53, 0.0000000000000000e+00)
 (1.9641298001225756233904085959945215419696161184665840625488485836804639709170464293603676028399489972540547211525053558620254362441961084069918571833082201798052577819996573492487294970066565587146225190e-53, 0.0000000000000000e+00)
 (-3.0193239080100883926584074773214186231091028306594814523675486845037397233465032525503063243524553710762498677091059515483651011522844046433181154990301151628000546891179182307140868268280351196136807510e-56, 0.0000000000000000e+00)
 (-2.9468602689364627653129001246909558578151488632310721230182377591234843964582705684370702927775941048373201380897592062041404413078245741932950880496056237088756185567329993905355794797332033554126353050e-53, 0.0000000000000000e+00)
 (1.5075520981899268189299812881416252860948729133426014788078875924687417890958557274735006647043190747062372530068595037883990447334966144511529426354015771265487672590897159158960523459100578768115529470e-53, 0.0000000000000000e+00)
 (-1.1006393621174144988798305607944795507634804283235747005853114409090065338944952103995378826143211359702778663909918150939445807077551982353040968723121849116380766294747419504939769197957834199665017260e-53, 0.0000000000000000e+00)
 (3.5150561133819062022832416369786763964037055941178093727570823838987478148474734397664778776174411347947775867898301447135158635644052708475453232946595416430584570912027871519673678350570516566248272820e-55, 0.0000000000000000e+00)
 (7.5741258689603247726219091716336719280940907520158694475795396214686442951948581224143582674866087458236399902161110804167255245494009301444352529899702815954341574326625601405409076559154465126760567060e-56, 0.0000000000000000e+00)
 (-5.7918417878564705155313088348919755844322529938020626698553422286982706278266134071199695672180023690242501792754676462111330772965396330465850046310327927450797523338653764724679751533092106824484208350e-55, 0.0000000000000000e+00)
 (2.9036589259021686212535392727673529628006326775423466373469119152734744936073853028297796645707011276806518386829246850676909790969533630139855281558063599262786762351059471961870507734220271088904208150e-55, 0.0000000000000000e+00)
 (-8.0016926445148994298689970383033742512942287519327784583843604974025632679090338942344785160834677761696857305419288553597456218761334401233338677132724471075240777030173833119917714987687707202827904640e-56, 0.0000000000000000e+00)
 (7.7864775056597927861809401373302169330734232660914893588155823026451828258248493468817349190108893008190328974228157758467387537650766631018367166531346728163022123678882628114392586480397887920414779470e-57, 0.0000000000000000e+00)
 (6.5321008831513018600722941969070459384644291464210648038166898739058218935594997950617882360986010348078387804309107555953681737982217410276648821313953738825934436461442896117683597567453006917798384940e-201, -0.0000000000000000e+00)]
wrote: /home/zuxian/Documents/Bertini/.runs/syt-ae70c9e8-1f54-4906-bd8b-a47a15e9dcf0/saved_data/output.csv
