Input: /home/zuxian/Documents/Bertini/.runs/syt-49f51b50-5e14-4f79-8c58-56cd7218b779/saved_data/initial_data.csv
lambda0: 500 -> 0
parameter symbol in expressions: h
status: Success
start residual:
[(-3.835229269763848869606071839833027846074387119140194972743397747802425980251340512859451471904165587720e-93, 0.0000000000000000e+00)
 (0.0000000000000000e+00, 0.0000000000000000e+00)
 (1.534091707905539547842428735933211138429754847656077989097359099120970392100536205143780588761666235090e-92, 0.0000000000000000e+00)
 (3.835229269763848869606071839833027846074387119140194972743397747802425980251340512859451471904165587720e-93, 0.0000000000000000e+00)
 (-3.835229269763848869606071839833027846074387119140194972743397747802425980251340512859451471904165587720e-93, 0.0000000000000000e+00)
 (2.684660488834694208724250287883119492252070983398136480920378423461698186175938359001616030332915911400e-92, 0.0000000000000000e+00)
 (6.838992818934363316309264823764754733331866093310542988505316686999247890565378687970076550485357776530e-93, 0.0000000000000000e+00)
 (3.335226235082722088265827122432921188407462626556976194558589545330137046302557350294278843486972124860e-93, 0.0000000000000000e+00)
 (-3.464440502472226762095328566255420661737117270707695654089495035856683624738759740620109972179055828750e-95, 0.0000000000000000e+00)
 (-1.093171428820628309390890838136000979075157949608441804364725798476399495103378918155129295275418291910e-94, 0.0000000000000000e+00)
 (-1.633905047787577216177391445436678122900343145239169977401667253397273763559225877670835649041203357070e-94, 0.0000000000000000e+00)
 (-1.404502906407659498146754824157602970974507001638254994901146636158114983002199894845990529261779390030e-96, 0.0000000000000000e+00)
 (8.778143165047871863417217650985018568590668760239093718132166475988218643763749342787440807886121187710e-97, 0.0000000000000000e+00)
 (-1.170419088673049581788962353464669142478755834698545829084288863465095819168499912371658774384816158360e-97, 0.0000000000000000e+00)
 (5.852095443365247908944811767323345712393779173492729145421444317325479095842499561858293871924080791800e-98, 0.0000000000000000e+00)
 (0.0000000000000000e+00, -0.0000000000000000e+00)]
endpoint:
  SUSYc1XM1 = -3.44027
  SUSYc1XM2 = 11.388
  SUSYc1XM4 = 67.8164
  SUSYc1XM5 = -24.1879
  SUSYc1XM6 = -93.6544
  SUSYc1XM7 = -96.8867
  SUSYc1XM8 = 132.711
  SUSYc1XM9 = 269.059
  SUSYc1XM10 = 100.472
  SUSYc2XM1 = 1.72013
  SUSYc2XM2 = 0.273041
  SUSYc2XM3 = -5.33001
  SUSYc2XM4 = -4.6425
  SUSYc2XM5 = 6.75857
  SUSYc2XM6 = 12.5462
  SUSYc2XM7 = 4.88871
residual at lambda0 = 0:
[(1.384354691885470313433029901041712737907713249758848991909748254811650049889524435111943285104260072460e-57, 0.0000000000000000e+00)
 (3.571212744129645376781094284895673783728840964864036976643121863729815952939809736769244130860246859230e-57, 0.0000000000000000e+00)
 (-1.286094210570877235739345519963694679718815651807458958063977669867434297044748963047211581112245887670e-57, 0.0000000000000000e+00)
 (-2.165622846438785951842026486077178110398133193725774137068729020067334011311939567547428841438721459990e-57, 0.0000000000000000e+00)
 (-2.339546974903703520623087278452119093736196300087282633941704457905576492622831435155328254599041016650e-57, 0.0000000000000000e+00)
 (5.709675942644665292983317896792328432119582579022494488381368381382345613270348644901452915033152500800e-58, 0.0000000000000000e+00)
 (1.817513335638475801818924562997553704900367606440608631319955090087162026143583320788600239590806435460e-57, 0.0000000000000000e+00)
 (1.249733254787201009858739333464239610269484519675703476029226797282119322356723106650748730109007581280e-58, 0.0000000000000000e+00)
 (-6.013857661844788964191356187188316899635299979539674937541081235974379197347262069909173962481026619880e-58, 0.0000000000000000e+00)
 (1.192395971102134169700356343351769093246822777567480003863150806446188477994882369161157715467099724210e-58, 0.0000000000000000e+00)
 (-3.692055664900805486162592529109028491908453776656405155802208159757953822338495571341550430162489057690e-60, 0.0000000000000000e+00)
 (5.615147543179639327218202359788117527495270216867381271614863819754318614384572136055041230653018778210e-60, 0.0000000000000000e+00)
 (2.911368789502941502004892160809625182602271518903077638955744567136415845833469244546365778377788585520e-60, 0.0000000000000000e+00)
 (3.897108375697051743963795198877073655921575453760720295240198730813057382229051253753855300407514986790e-61, 0.0000000000000000e+00)
 (2.158410270299924879754978279850567195688446677355681446329226371043406994079436062841911925301577797100e-62, 0.0000000000000000e+00)
 (0.0000000000000000e+00, -0.0000000000000000e+00)]
wrote: /home/zuxian/Documents/Bertini/.runs/syt-49f51b50-5e14-4f79-8c58-56cd7218b779/saved_data/output.csv
