Input: /home/zuxian/Documents/Bertini/.runs/syt-9e53f372-1cae-4b32-85f2-c4cade5803a9/saved_data/initial_data.csv
lambda0: 5070 -> 0
parameter symbol in expressions: h
status: Success
start residual:
[(2.8055159667307558908834471771406346657674351643187668777889338987399868816838844649909082773321018075851425206391286482776755315542606480670002100002037905671431384124208720379697641882783581872880582360e-191, 0.0000000000000000e+00)
 (0.0000000000000000e+00, 0.0000000000000000e+00)
 (-5.6110319334615117817668943542812693315348703286375337555778677974799737633677689299818165546642036151702850412782572965553510631085212961340004200004075811342862768248417440759395283765567163745761164730e-191, 0.0000000000000000e+00)
 (0.0000000000000000e+00, 0.0000000000000000e+00)
 (-5.6110319334615117817668943542812693315348703286375337555778677974799737633677689299818165546642036151702850412782572965553510631085212961340004200004075811342862768248417440759395283765567163745761164730e-191, 0.0000000000000000e+00)
 (7.0137899168268897272086179428515866644185879107969171944723347468499672042097111624772706933302545189628563015978216206941888288856516201675005250005094764178578460310521800949244104706958954682201455910e-191, 0.0000000000000000e+00)
 (9.3699849670109229949427630330282915594967072870802565644903847008698780618739110061219788168708868964269408404158398213961428885894252113175202326178681286519819661821087718455630796131952978520753507500e-191, 0.0000000000000000e+00)
 (1.0408354646103653935025601392536397553955552919186518914765781134094931800309645588379356001547514420914019956941454819147352875365855666022005661905052930043532014481237200070553841944599104251472005120e-190, 0.0000000000000000e+00)
 (-4.1918353799785708135270255674073935924064216810622200420088563135470507118909601869493063128106599273488945865018230779930112922636902261157327356448357417653603532919960295098571671953768437759284463880e-192, 0.0000000000000000e+00)
 (-1.0591533400095977306258057912174226773542022265318721116152177132518827122983066938869103568056060313776825511839752418725907770378073093284558974566656812182155145115800629505528094583784332136655806400e-191, 0.0000000000000000e+00)
 (-2.0398381929736407196135903624077032748995710079923895527136642498010311113317427788820919710521644764927984788277355970829962017602618389952478028337053012164973532921120384614449960872110560245403438560e-192, 0.0000000000000000e+00)
 (8.5617552695640743740339574497700032524640965707970180596586117515258388723263075713833870768191583483433304462864033455739609727608052003997809143072625444553928784558742432799370245003612005227296699110e-196, 0.0000000000000000e+00)
 (4.2808776347820371870169787248850016262320482853985090298293058757629194361631537856916935384095791741716652231432016727869804863804026001998904571536312722276964392279371216399685122501806002613648349550e-196, 0.0000000000000000e+00)
 (-1.0702194086955092967542446812212504065580120713496272574573264689407298590407884464229233846023947935429163057858004181967451215951006500499726142884078180569241098069842804099921280625451500653412087390e-196, 0.0000000000000000e+00)
 (0.0000000000000000e+00, 0.0000000000000000e+00)
 (0.0000000000000000e+00, -0.0000000000000000e+00)]
endpoint:
  SUSYc1XM1 = -3.44027
  SUSYc1XM2 = 11.388
  SUSYc1XM4 = 67.8164
  SUSYc1XM5 = -24.1879
  SUSYc1XM6 = -93.6544
  SUSYc1XM7 = -96.8867
  SUSYc1XM8 = 132.711
  SUSYc1XM9 = 269.059
  SUSYc1XM10 = 100.472
  SUSYc2XM1 = 1.72013
  SUSYc2XM2 = 0.273041
  SUSYc2XM3 = -5.33001
  SUSYc2XM4 = -4.6425
  SUSYc2XM5 = 6.75857
  SUSYc2XM6 = 12.5462
  SUSYc2XM7 = 4.88871
residual at lambda0 = 0:
[(2.8530887418399876590601085022264885072212769559794280505769618327116169295215545883294885633984490274584941362259102874480200721789656327281952353841564658558785390568464485342697492769779881950746895440e-56, 0.0000000000000000e+00)
 (7.4845158960018968037924807677459264895444494720395672514997161239330789679591053604213330287744454136240261362648853964227103283077456169799305359946267048372079161823968548929909614050233832079320358630e-56, 0.0000000000000000e+00)
 (-2.0895952045557441864733768053831805038922715270308386006158802729619276812071541770857322659939143382960828039694850647215256346886345641729414881760782303395116904241405013763557268344200962941549201780e-56, 0.0000000000000000e+00)
 (-4.2365814908219439015900576321869070055414103892078456232820345953874448499879489367321179525286193475275490110831469276268467947010182599646579208364542531384106471813402899090592924977606871267158796410e-56, 0.0000000000000000e+00)
 (-4.6926605347462428640249547659584677796595765343854118018565564777814858234598717932970300454249908305252658022830804839244876011671121040258285410251568762740137399956248340846467227306200932173783131700e-56, 0.0000000000000000e+00)
 (9.8921494734452672641160579987443353195429000916413613261531794958536284928326202858475233331534238265747833959610372534068970663736439309260627030852126365370081838913875270502951048047948515460055169350e-57, 0.0000000000000000e+00)
 (3.4510261083598587782067810224936281626347410617975488770098562970204303397482496019919682009661997037238927832121811367517857700740146458403283084390987884699345455714777053361884783068427480543577623980e-56, 0.0000000000000000e+00)
 (2.2320779084238107690852652441748368954999238553295828540904992522456249453398453702524921725104122504406877642830105326828678895197309789211169969432098456728073106292992805069207205224411255659820187340e-57, 0.0000000000000000e+00)
 (-1.3251751559882120090211106189874977426197430982919807773020213557874980542583992447993681942639295468638803186565105354258711374638590955965900500844089496622340215977843128094959303149695986087196387430e-56, 0.0000000000000000e+00)
 (3.1435623791753252496247699611567256505057593771692231612597110333173348422430230391256677269750391870156914958352678655724889005814928904085082438262172120175437715412034400354223251083681694568042609010e-57, 0.0000000000000000e+00)
 (-9.8194037148245398238498696689118099219973059638128868406194128653957350184799954539930216925388030050794541127404047986057055107044274617192701436037943729008867296923708259716205585334453695933337919940e-59, 0.0000000000000000e+00)
 (2.2250969774868535183195283618832128298592922688633608205347650355084739690986344703062396889438203240899510347841240752466989005388170576372326764973797930212734177248612083220921951337513979581395449850e-58, 0.0000000000000000e+00)
 (7.2602028098286208940498447079342593350308278688751313581425778675573608495258067963657790599002063299842363648304789104007751059395409945500038068671957050903103646986054668847318207274085204345377813570e-59, 0.0000000000000000e+00)
 (7.4341765725542392588631625250373004190858548678256692969741614598663620595026702197768414461370275512095788488903993608025469056973234498394698356971581152758166196800988726481959720047252988485016943010e-60, 0.0000000000000000e+00)
 (2.9262407696632670048545035777262561125193764499038491840612411775983238785989202264326706278338601699685278339935378326170775854352252675182499589487303916428802212504365512566645820488437607045354041860e-61, 0.0000000000000000e+00)
 (1.3064201766302603720144588393814091876928858292842129607633379747811643787118999590123576472197202069615677560861821511190736347596443482055329764262790747765186887292288579223536719513490601383559676990e-200, -0.0000000000000000e+00)]
wrote: /home/zuxian/Documents/Bertini/.runs/syt-9e53f372-1cae-4b32-85f2-c4cade5803a9/saved_data/output.csv
