Input: /home/zuxian/Documents/Bertini/.runs/syt-b36f97cb-b459-427b-8091-1a21f7066b2f/saved_data/initial_data.csv
lambda0: 500 -> 0
parameter symbol in expressions: h
status: Success
start residual:
[(2.9043755333600091483080321511248902366240943608425238300464237134172937521621687680e-79, 0.0000000000000000e+00)
 (0.0000000000000000e+00, 0.0000000000000000e+00)
 (-1.6192816040802083672599409742750749195842500683318027596919444006566109630929550730e-78, 0.0000000000000000e+00)
 (4.3180842775472223126931759314001997855580001822181406925118517350842959015812135290e-78, 0.0000000000000000e+00)
 (-1.9271137840225396454109193365721594746093809406969631801542150809897687763892720530e-78, 0.0000000000000000e+00)
 (7.9699016450822755576075219827601343698287308050705917078587888469817570839731382520e-79, -0.0000000000000000e+00)]
endpoint:
  SUSYc1XM1 = -2.4063
  SUSYc1XM3 = -1.56415
  SUSYc1XM5 = -0.290276
  SUSYc2XM1 = -0.3791
  SUSYc2XM3 = -0.217325
  SUSYc3XM1 = 0.6329
residual at lambda0 = 0:
[(5.3402546778411703280344963991210037138238329314994041426015860829145701255332234080e-29, 0.0000000000000000e+00)
 (3.1858465820601960178986892015917629690996100005027716947234543602401059881882601920e-28, 0.0000000000000000e+00)
 (5.5710236179520025439877326353946748167039717120914435086656350688708639921958362120e-28, 0.0000000000000000e+00)
 (1.2743386328240784071594756806367051876398440002011086778893817440960423952753040770e-27, 0.0000000000000000e+00)
 (7.9028272275870934046858349916071220556016069402937898066135685155601622110702918940e-28, 0.0000000000000000e+00)
 (8.4337583545844185794788592410160152061679691058948060400622104200865154327758076740e-81, -0.0000000000000000e+00)]
wrote: /home/zuxian/Documents/Bertini/.runs/syt-b36f97cb-b459-427b-8091-1a21f7066b2f/saved_data/output.csv
