Input: /home/zuxian/Documents/Bertini/.runs/syt-ba866f37-e194-411e-a388-1d205f255668/saved_data/initial_data.csv
lambda0: 500 -> 0
parameter symbol in expressions: h
status: Success
start residual:
[(-5.6597994242666952296931995568048698629265819988369613684891343062096883241205281970e-73, 0.0000000000000000e+00)
 (-2.2639197697066780918772798227219479451706327995347845473956537224838753296482112790e-72, 0.0000000000000000e+00)
 (-2.2639197697066780918772798227219479451706327995347845473956537224838753296482112790e-72, 0.0000000000000000e+00)
 (-1.1319598848533390459386399113609739725853163997673922736978268612419376648241056390e-72, 0.0000000000000000e+00)
 (1.6979398272800085689079598670414609588779745996510884105467402918629064972361584590e-72, 0.0000000000000000e+00)
 (-1.6979398272800085689079598670414609588779745996510884105467402918629064972361584590e-72, 0.0000000000000000e+00)
 (4.1638768518274559094622772325380358508161528797107664521008684859209655263439452310e-72, 0.0000000000000000e+00)
 (-8.7328936429115024051906790036637640463124995685179677365359689490344800313578462410e-74, 0.0000000000000000e+00)
 (2.2384948894804800469001424028378635688332672944618841349981439394676989953797010930e-74, 0.0000000000000000e+00)
 (3.9311839262789911934758673679467418847720033658913952864627898196207429887995367970e-74, 0.0000000000000000e+00)
 (6.3078575126409823543821914005894118467431266661842599236213130146111394530298367230e-74, 0.0000000000000000e+00)
 (-6.9089348440755557003090814902403196568928002915490251080189627761348734425299416460e-77, 0.0000000000000000e+00)
 (-1.0363402266113333550463622235360479485339200437323537662028444164202310163794912470e-76, 0.0000000000000000e+00)
 (1.7272337110188889250772703725600799142232000728872562770047406940337183606324854120e-77, 0.0000000000000000e+00)
 (0.0000000000000000e+00, 0.0000000000000000e+00)
 (-2.1590421387736111563465879657000998927790000911090703462559258675421479507906067640e-78, -0.0000000000000000e+00)]
endpoint:
  SUSYc1XM1 = -3.44027
  SUSYc1XM2 = 11.388
  SUSYc1XM4 = 67.8164
  SUSYc1XM5 = -24.1879
  SUSYc1XM6 = -93.6544
  SUSYc1XM7 = -96.8867
  SUSYc1XM8 = 132.711
  SUSYc1XM9 = 269.059
  SUSYc1XM10 = 100.472
  SUSYc2XM1 = 1.72013
  SUSYc2XM2 = 0.273041
  SUSYc2XM3 = -5.33001
  SUSYc2XM4 = -4.6425
  SUSYc2XM5 = 6.75857
  SUSYc2XM6 = 12.5462
  SUSYc2XM7 = 4.88871
residual at lambda0 = 0:
[(2.0827311979458024334528382036087849123910983748179429599996429311991326973459715640e-28, 0.0000000000000000e+00)
 (5.0731018205066971610978837204586638039222290370977286915654076222787644110575806160e-28, 0.0000000000000000e+00)
 (-2.0535279991601486200053865852225165628583154332474498525574439464690694171106788610e-28, 0.0000000000000000e+00)
 (-3.5153027667974956837427650655997757087241174740684657569061060135961511775067082520e-28, 0.0000000000000000e+00)
 (-3.3564382912252712170260167388645260404928189666542190320974759811313754353891634940e-28, 0.0000000000000000e+00)
 (1.0920642313931879795143229809247546167842238783741688093580738736381791055238850090e-28, 0.0000000000000000e+00)
 (2.7463189541291047749050299985604416943334719337817081933442196016950893306996060560e-28, 0.0000000000000000e+00)
 (2.1043797993231755996185708459047541336902754515354231710692727352207213026356063840e-29, 0.0000000000000000e+00)
 (-9.0153309924979570380576987630267320101207831538854199392655245393759311351169071450e-29, 0.0000000000000000e+00)
 (1.6550759880443161516828454258357955186386915466486777518964470730040797969303532690e-29, 0.0000000000000000e+00)
 (-1.7798198367511034509359868430336173042824796096586720527265928345494383304055276040e-30, 0.0000000000000000e+00)
 (1.1496603129190889654350208175945564333639861301191594191412489468626272325326261440e-30, 0.0000000000000000e+00)
 (2.3561134352239777517886505843017681703877517106248253252999669017126100756476877550e-31, 0.0000000000000000e+00)
 (1.1142445469989028487217073545135910032088051712223377046691349418684960504686382850e-32, 0.0000000000000000e+00)
 (1.7077618124586272962766253614573633922488165198231317032768131345050744993476745460e-34, 0.0000000000000000e+00)
 (0.0000000000000000e+00, -0.0000000000000000e+00)]
wrote: /home/zuxian/Documents/Bertini/.runs/syt-ba866f37-e194-411e-a388-1d205f255668/saved_data/output.csv
