Input: /home/zuxian/Documents/BAE_Bertini/.runs/syt-a1147252-dc5d-40af-9da9-7920ab567eb2/saved_data/initial_data.csv
lambda0: 70 -> 0
parameter symbol in expressions: h
status: Success
start residual:
[(2.5384518638027313286450e-20, 0.0000000000000000e+00)
 (1.3976043629695955594630e-20, 0.0000000000000000e+00)
 (1.5077186461126546035420e-19, 0.0000000000000000e+00)
 (9.1648964892915296687190e-19, 0.0000000000000000e+00)
 (1.5043305143236374021850e-18, 0.0000000000000000e+00)
 (2.0870891820345960354640e-18, 0.0000000000000000e+00)
 (-5.2990381180229029212110e-18, 0.0000000000000000e+00)
 (8.1044112393291456442060e-18, 0.0000000000000000e+00)
 (1.9339456251710185341610e-17, 0.0000000000000000e+00)
 (7.1760631291384324725870e-18, 0.0000000000000000e+00)
 (8.6532885891499322639220e-18, 0.0000000000000000e+00)
 (-1.2357363667492987646670e-17, 0.0000000000000000e+00)
 (-2.1557656869556886475650e-17, 0.0000000000000000e+00)
 (-2.8484341587622832164820e-17, 0.0000000000000000e+00)
 (-1.8382309021312825958460e-17, 0.0000000000000000e+00)
 (-2.7545511444709847026500e-17, 0.0000000000000000e+00)
 (6.3493589726182353416560e-18, 0.0000000000000000e+00)
 (8.1315162936412832550560e-20, 0.0000000000000000e+00)
 (-5.4210108624275221700370e-19, 0.0000000000000000e+00)
 (-6.7762635780344027125470e-20, -0.0000000000000000e+00)]
endpoint:
  SUSYc1XM1 = -5.10142
  SUSYc1XM2 = 14.6139
  SUSYc1XM3 = -26.6812
  SUSYc1XM4 = 31.1948
  SUSYc1XM6 = 48.7719
  SUSYc1XM7 = 118.795
  SUSYc1XM8 = 29.2476
  SUSYc1XM9 = 13.8805
  SUSYc1XM10 = -10.4904
  SUSYc1XM11 = 0.171666
  SUSYc1XM12 = 0.188453
  SUSYc1XM13 = -0.00842567
  SUSYc2XM1 = 3.40094
  SUSYc2XM2 = 5.05807
  SUSYc2XM3 = 3.29787
  SUSYc2XM4 = 0.105195
  SUSYc2XM5 = -0.510588
  SUSYc2XM6 = 0.0188487
  SUSYc2XM7 = 0.00852445
  SUSYc2XM8 = -0.00040074
residual at lambda0 = 0:
[(1.8694281843698425452090e-22, 0.0000000000000000e+00)
 (-1.1646703024746629662190e-21, 0.0000000000000000e+00)
 (8.1262223377209438779370e-21, 0.0000000000000000e+00)
 (-8.7879668277633660178340e-21, 0.0000000000000000e+00)
 (3.2822526706104138138900e-20, 0.0000000000000000e+00)
 (-4.8704394467122269496430e-20, 0.0000000000000000e+00)
 (1.9037065489540400120560e-19, 0.0000000000000000e+00)
 (6.9668459911666202888370e-19, 0.0000000000000000e+00)
 (1.3453000784766425135250e-18, 0.0000000000000000e+00)
 (4.5655075857006788275780e-19, 0.0000000000000000e+00)
 (6.1065781541114715069710e-19, 0.0000000000000000e+00)
 (-1.1977310571971823763280e-18, 0.0000000000000000e+00)
 (2.2657469594562491647940e-19, 0.0000000000000000e+00)
 (1.1810815658277150352880e-18, 0.0000000000000000e+00)
 (-4.1695196828592934190640e-19, 0.0000000000000000e+00)
 (5.0144350477454580072840e-19, 0.0000000000000000e+00)
 (-1.8126505071242027256060e-19, 0.0000000000000000e+00)
 (-5.4210108624275221700370e-20, 0.0000000000000000e+00)
 (5.4210108624275221700370e-20, 0.0000000000000000e+00)
 (0.0000000000000000e+00, -0.0000000000000000e+00)]
wrote: /home/zuxian/Documents/BAE_Bertini/.runs/syt-a1147252-dc5d-40af-9da9-7920ab567eb2/saved_data/output.csv
