Input: /home/zuxian/Documents/Bertini/.runs/syt-23fd1cbf-21ad-42a9-b8e4-159a14138d10/saved_data/initial_data.csv
lambda0: 500 -> 0
parameter symbol in expressions: h
status: Success
start residual:
[(1.3494013367335069727166174785625624329868750569431689664099536672138424692441292280e-79, 0.0000000000000000e+00)
 (0.0000000000000000e+00, 0.0000000000000000e+00)
 (0.0000000000000000e+00, 0.0000000000000000e+00)
 (0.0000000000000000e+00, 0.0000000000000000e+00)
 (0.0000000000000000e+00, 0.0000000000000000e+00)
 (0.0000000000000000e+00, -0.0000000000000000e+00)]
endpoint:
  SUSYc1XM1 = 2.4063
  SUSYc1XM3 = 1.56415
  SUSYc1XM5 = 0.290276
  SUSYc2XM1 = 0.3791
  SUSYc2XM3 = 0.217325
  SUSYc3XM1 = -0.6329
residual at lambda0 = 0:
[(3.0745407129874811613719263186681208183760560238468767257056993231470376920575534520e-27, 0.0000000000000000e+00)
 (-3.3828706999911686964335326466175676321221615619981692836327834555673392300791578540e-26, 0.0000000000000000e+00)
 (5.9194081434106747105295474623844616093616344937049025862596808895832295850250812260e-26, 0.0000000000000000e+00)
 (-1.3531482799964674785734130586470270528488646247992677135374509657727798778264517340e-25, 0.0000000000000000e+00)
 (7.5332793794418660369832080428951449827317290539576067977880694325689483536783127800e-26, 0.0000000000000000e+00)
 (-8.4337583545844185794788592410160152061679691058948060400622104200865154327758076740e-81, -0.0000000000000000e+00)]
wrote: /home/zuxian/Documents/Bertini/.runs/syt-23fd1cbf-21ad-42a9-b8e4-159a14138d10/saved_data/output.csv
