Input: /home/zuxian/Documents/Bertini/.runs/syt-2d366655-d934-4bd6-bd39-8e4d9a66b1a6/saved_data/initial_data.csv
lambda0: 500 -> 0
parameter symbol in expressions: h
status: Success
start residual:
[(0.0000000000000000e+00, 0.0000000000000000e+00)
 (2.03035346985251937861921964466443483745889507976087646528484825699158135831143957914592594324462742898373167284620071667730e-115, 0.0000000000000000e+00)
 (0.0000000000000000e+00, 0.0000000000000000e+00)
 (1.52276510238938953396441473349832612809417130982065734896363619274368601873357968435944445743347057173779875463465053750800e-114, 0.0000000000000000e+00)
 (0.0000000000000000e+00, 0.0000000000000000e+00)
 (0.0000000000000000e+00, 0.0000000000000000e+00)
 (-2.53794183731564922327402455583054354682361884970109558160606032123947669788929947393240742905578428622966459105775089584660e-115, 0.0000000000000000e+00)
 (-1.52276510238938953396441473349832612809417130982065734896363619274368601873357968435944445743347057173779875463465053750800e-115, 0.0000000000000000e+00)
 (-3.80691275597347383491103683374581532023542827455164337240909048185921504683394921089861114358367642934449688658662634376990e-116, 0.0000000000000000e+00)
 (-8.80100728936315467953716913843189466286198294461776407254210957101697436934072503118552615290731445351712789340436858510870e-116, 0.0000000000000000e+00)
 (-6.59270047583947942764541535010668538530354115254386156940636763134473439100150058658223023563318964977627716036486072553900e-117, 0.0000000000000000e+00)
 (-1.30792919332120875346156166608613247299836582992255862690983705580966317740651245777272229780471890995972735440650144586670e-116, 0.0000000000000000e+00)
 (3.64333447349023863106720321979579981819406221587950244625088737521682690029030295574281144600781533277110053599110724306100e-117, 0.0000000000000000e+00)
 (1.68535200134242331233040693160622032406255939237963378466027443207308999469211293190823930835735675257438664249928770427310e-117, 0.0000000000000000e+00)
 (5.60751309270181285904050835699863747528167739008664917322628073906671487204544927712116387523311713632286732155093886899700e-118, 0.0000000000000000e+00)
 (-1.05334500083901457020650433225388770253909962023727111541267152004568124668257058244264956772334797035899165156205481517070e-118, -0.0000000000000000e+00)]
endpoint:
  SUSYc1XM1 = -1.26192
  SUSYc1XM2 = -19.1528
  SUSYc1XM4 = -238.778
  SUSYc1XM5 = -295.834
  SUSYc1XM6 = -227.463
  SUSYc1XM7 = -774.308
  SUSYc1XM8 = -590.834
  SUSYc1XM9 = 588.928
  SUSYc1XM10 = -519.152
  SUSYc2XM1 = 0.630958
  SUSYc2XM2 = 3.30829
  SUSYc2XM3 = 7.02172
  SUSYc2XM4 = 2.3729
  SUSYc2XM5 = 1.5081
  SUSYc2XM6 = 9.009
  SUSYc2XM7 = -4.35543
residual at lambda0 = 0:
[(2.50304471780348258785269555868506265150189923576848204909321205216456636297575576642502127669942477706082829488472435858220e-27, 0.0000000000000000e+00)
 (-2.90357309571857113637794351220359444919845746049250909302072230731379056111264337778496680944056409187269433930551247079960e-26, 0.0000000000000000e+00)
 (4.95461597310912749739297503326348091395684956128752077217583254874162937904748441360253712501037852475908379629007647022800e-26, 0.0000000000000000e+00)
 (-5.60060336501245953569231759754232445492075632966913467262992274004818814602448161488189856328201575735511393913656191849270e-26, 0.0000000000000000e+00)
 (2.39478914186619716943414861972960543917872210933640243955191416264231966079385630665348961119863315440222606409284829450410e-26, 0.0000000000000000e+00)
 (2.58735516966445622397136648270442343221001190593426099996072925679983285326643218212883812976700233165325032411488005398670e-27, 0.0000000000000000e+00)
 (-3.90443006252679200647542930583493445318779543215022362083740152451857305395156244375142390031716971339689501467176167486140e-26, 0.0000000000000000e+00)
 (2.22624106068097181071592312835234649778185253238416180681494732064853652418492917543800241414451413065540862539339635403560e-26, 0.0000000000000000e+00)
 (-1.57300276718397249978265642624256977705464335090219457790646527437244520941263350464526549027333009452135579801745508211610e-26, 0.0000000000000000e+00)
 (1.71193670277006867407809957737362818460878648381087337576348243289285428859512089338139223726510061590339871189234465984390e-27, 0.0000000000000000e+00)
 (-2.62060856408184208622674326901996416752157863076292286032013490927653479449879848822696499517296650547853821856884715291680e-28, 0.0000000000000000e+00)
 (-6.46412088223969098169083474313069517514507290558207371156691520488405768752929786973389035279109313928067968703436640815650e-28, 0.0000000000000000e+00)
 (3.56000160904407495410448652871057778578619220859399927561328194211043866005609634473337956093763780072504419437909273879060e-28, 0.0000000000000000e+00)
 (-1.03370677062187047427261879546421769618086521892075446466356677637558755178091623740106802047839801327671620062756104388240e-28, 0.0000000000000000e+00)
 (1.03445658339754833652302736805943284579262621028110797305695096790848382856470318770224453551487133784585047171839721189620e-29, 0.0000000000000000e+00)
 (0.0000000000000000e+00, -0.0000000000000000e+00)]
wrote: /home/zuxian/Documents/Bertini/.runs/syt-2d366655-d934-4bd6-bd39-8e4d9a66b1a6/saved_data/output.csv
