Input: /home/zuxian/Documents/Bertini/.runs/syt-f16928ff-8324-416a-9af7-2f635bc87a89/saved_data/initial_data.csv
lambda0: 500 -> 0
parameter symbol in expressions: h
status: Success
start residual:
[(-5.992545734006013858759487249739106009491229873656554644911558980941290594142719551342892924850258730810e-95, 0.0000000000000000e+00)
 (1.498136433501503464689871812434776502372807468414138661227889745235322648535679887835723231212564682700e-95, 0.0000000000000000e+00)
 (-5.992545734006013858759487249739106009491229873656554644911558980941290594142719551342892924850258730810e-95, 0.0000000000000000e+00)
 (1.872670541876879330862339765543470627966009335517673326534862181544153310669599859794654039015705853380e-94, 0.0000000000000000e+00)
 (1.498136433501503464689871812434776502372807468414138661227889745235322648535679887835723231212564682700e-95, 0.0000000000000000e+00)
 (-5.992545734006013858759487249739106009491229873656554644911558980941290594142719551342892924850258730810e-95, 0.0000000000000000e+00)
 (7.490682167507517323449359062173882511864037342070693306139448726176613242678399439178616156062823413510e-96, 0.0000000000000000e+00)
 (0.0000000000000000e+00, 0.0000000000000000e+00)
 (-1.217235852219971565060520847603255908177906068086487662247660418003699651935239908866525125360208804700e-95, 0.0000000000000000e+00)
 (4.515257390521499089745231329225418926218825243547983831264233131086439964885978568196289865556423585930e-96, 0.0000000000000000e+00)
 (-8.997596744174068660002648092259644032805435479245071061085470637887924109857843076357126828083274217400e-97, 0.0000000000000000e+00)
 (1.317007221605001348258136593534829120528463291534569757385128752859039704723539085967034983188383221160e-96, 0.0000000000000000e+00)
 (2.738597789512330857389017381739596938846776347595425592271441520373407795632544716838373460376972183040e-97, 0.0000000000000000e+00)
 (1.188706886933565981504414890237554597829986394615710607663730876956737941343007723502465942734578910840e-97, 0.0000000000000000e+00)
 (3.063206208636496952338299909458313771331118786125100412056537259850055464230058364410200698585261039460e-98, 0.0000000000000000e+00)
 (-1.371584869538729978658940257966409151342291993787358393458151011873159163088085834810537626232206435580e-99, -0.0000000000000000e+00)]
endpoint:
  SUSYc1XM1 = -1.26192
  SUSYc1XM2 = -19.1528
  SUSYc1XM4 = -238.778
  SUSYc1XM5 = -295.834
  SUSYc1XM6 = -227.463
  SUSYc1XM7 = -774.308
  SUSYc1XM8 = -590.834
  SUSYc1XM9 = 588.928
  SUSYc1XM10 = -519.152
  SUSYc2XM1 = 0.630958
  SUSYc2XM2 = 3.30829
  SUSYc2XM3 = 7.02172
  SUSYc2XM4 = 2.3729
  SUSYc2XM5 = 1.5081
  SUSYc2XM6 = 9.009
  SUSYc2XM7 = -4.35543
residual at lambda0 = 0:
[(3.880052720257331498822862536534831035078277103652415928331500139605846565669326721472285763920695854900e-62, 0.0000000000000000e+00)
 (-4.677478704956735207134683155652893936309184792429444159497811779320414997004902961221359231346336669110e-61, 0.0000000000000000e+00)
 (7.004588842135787351324886703293133989761974285009627441428691985124771799344357291317371088803255361570e-61, 0.0000000000000000e+00)
 (-7.127741565050369809345130461583527152639354474913648320376410113312144786513167822335390127187290075480e-61, 0.0000000000000000e+00)
 (4.865388331760517344921382440681093079739718036421757928537458682384234429664357413861627433572700364040e-62, 0.0000000000000000e+00)
 (2.523909755157849619771643760947429668356606138000593529105210616284322228348379490841269237575794187840e-61, 0.0000000000000000e+00)
 (-8.153400944562475572729901479015769054512457713002276667534776843370939059321680721936779335659829581850e-61, 0.0000000000000000e+00)
 (2.736353442559471305868329709049840996824505934914968300655514786571059081709544440949001059498878090960e-61, 0.0000000000000000e+00)
 (-1.610972648959743713084744559628309733542157420853005379610125340160916303205762186629541971780504271290e-61, 0.0000000000000000e+00)
 (-9.186134085961898134162900426471774060008020794309608073027156333310360543757387087549315140842995204670e-62, 0.0000000000000000e+00)
 (5.503625853844814586204183697159355843629588183378838647691653008517931949730404800719556004159324929980e-62, 0.0000000000000000e+00)
 (-3.784688781238032121814357896470376381048446310996139661938600313865488024933822747294922761131746269460e-62, 0.0000000000000000e+00)
 (1.513408390571849847552044113045035589003184878883250213059696877747152594647756364443564476326016202930e-62, 0.0000000000000000e+00)
 (-3.841339382431888705729035698753700963551459470178040895628824307797379811183531355896451833521898983600e-63, 0.0000000000000000e+00)
 (3.593147638810885493079855742116499994591483751198391475238897392045166853203112808866795680320444098190e-64, 0.0000000000000000e+00)
 (0.0000000000000000e+00, -0.0000000000000000e+00)]
wrote: /home/zuxian/Documents/Bertini/.runs/syt-f16928ff-8324-416a-9af7-2f635bc87a89/saved_data/output.csv
