Input: /home/zuxian/Documents/Bertini/.runs/syt-49ceb0c8-ea53-443f-99d0-6d5d80c84f71/saved_data/initial_data.csv
lambda0: 500 -> 0
parameter symbol in expressions: h
status: Success
start residual:
[(-3.835229269763848869606071839833027846074387119140194972743397747802425980251340512859451471904165587720e-93, 0.0000000000000000e+00)
 (0.0000000000000000e+00, 0.0000000000000000e+00)
 (1.534091707905539547842428735933211138429754847656077989097359099120970392100536205143780588761666235090e-92, 0.0000000000000000e+00)
 (3.835229269763848869606071839833027846074387119140194972743397747802425980251340512859451471904165587720e-93, 0.0000000000000000e+00)
 (-3.835229269763848869606071839833027846074387119140194972743397747802425980251340512859451471904165587720e-93, 0.0000000000000000e+00)
 (2.684660488834694208724250287883119492252070983398136480920378423461698186175938359001616030332915911400e-92, 0.0000000000000000e+00)
 (6.838992818934363316309264823764754733331866093310542988505316686999247890565378687970076550485357776530e-93, 0.0000000000000000e+00)
 (3.335226235082722088265827122432921188407462626556976194558589545330137046302557350294278843486972124860e-93, 0.0000000000000000e+00)
 (-3.464440502472226762095328566255420661737117270707695654089495035856683624738759740620109972179055828750e-95, 0.0000000000000000e+00)
 (-1.093171428820628309390890838136000979075157949608441804364725798476399495103378918155129295275418291910e-94, 0.0000000000000000e+00)
 (-1.633905047787577216177391445436678122900343145239169977401667253397273763559225877670835649041203357070e-94, 0.0000000000000000e+00)
 (-1.404502906407659498146754824157602970974507001638254994901146636158114983002199894845990529261779390030e-96, 0.0000000000000000e+00)
 (8.778143165047871863417217650985018568590668760239093718132166475988218643763749342787440807886121187710e-97, 0.0000000000000000e+00)
 (-1.170419088673049581788962353464669142478755834698545829084288863465095819168499912371658774384816158360e-97, 0.0000000000000000e+00)
 (5.852095443365247908944811767323345712393779173492729145421444317325479095842499561858293871924080791800e-98, 0.0000000000000000e+00)
 (0.0000000000000000e+00, -0.0000000000000000e+00)]
endpoint:
  SUSYc1XM1 = -3.44027
  SUSYc1XM2 = 11.388
  SUSYc1XM4 = 67.8164
  SUSYc1XM5 = -24.1879
  SUSYc1XM6 = -93.6544
  SUSYc1XM7 = -96.8867
  SUSYc1XM8 = 132.711
  SUSYc1XM9 = 269.059
  SUSYc1XM10 = 100.472
  SUSYc2XM1 = 1.72013
  SUSYc2XM2 = 0.273041
  SUSYc2XM3 = -5.33001
  SUSYc2XM4 = -4.6425
  SUSYc2XM5 = 6.75857
  SUSYc2XM6 = 12.5462
  SUSYc2XM7 = 4.88871
residual at lambda0 = 0:
[(-6.05845175209737066556207538137180e-28, 0.0000000000000000e+00)
 (-2.01948391736579022185402512712390e-28, 0.0000000000000000e+00)
 (2.01948391736579022185402512712390e-28, 0.0000000000000000e+00)
 (0.0000000000000000e+00, 0.0000000000000000e+00)
 (3.02922587604868533278103769068590e-28, 0.0000000000000000e+00)
 (-4.03896783473158044370805025424790e-28, 0.0000000000000000e+00)
 (-1.26217744835361888865876570445250e-27, 0.0000000000000000e+00)
 (-1.21169035041947413311241507627440e-27, 0.0000000000000000e+00)
 (2.52435489670723777731753140890490e-28, 0.0000000000000000e+00)
 (-8.83524213847533222061135993116720e-29, 0.0000000000000000e+00)
 (-2.52435489670723777731753140890490e-29, 0.0000000000000000e+00)
 (0.0000000000000000e+00, 0.0000000000000000e+00)
 (6.31088724176809444329382852226230e-30, 0.0000000000000000e+00)
 (6.31088724176809444329382852226230e-30, 0.0000000000000000e+00)
 (9.86076131526264756764660706603480e-31, 0.0000000000000000e+00)
 (0.0000000000000000e+00, -0.0000000000000000e+00)]
wrote: /home/zuxian/Documents/Bertini/.runs/syt-49ceb0c8-ea53-443f-99d0-6d5d80c84f71/saved_data/output.csv
