Input: /home/zuxian/Documents/Bertini/.runs/syt-225fc63c-0b98-4410-b2c4-9ba29728a430/saved_data/initial_data.csv
lambda0: 500 -> 0
parameter symbol in expressions: h
status: Success
start residual:
[(0.0000000000000000e+00, 0.0000000000000000e+00)
 (-1.64010647157399627729271620823980154530527885726636441800648197045173230007029006267145351790623855410415673349674717065618154161966761209233868131346240e-142, 0.0000000000000000e+00)
 (-4.92031941472198883187814862471940463591583657179909325401944591135519690021087018801436055371871566231247020049024151196854462485900283627701604394038730e-142, 0.0000000000000000e+00)
 (-6.56042588629598510917086483295920618122111542906545767202592788180692920028116025068581407162495421641662693398698868262472616647867044836935472525384980e-142, 0.0000000000000000e+00)
 (7.38047912208298324781722293707910695387375485769863988102916886703279535031630528202154083057807349346870530073536226795281693728850425441552406591058100e-142, 0.0000000000000000e+00)
 (7.98510821682827972699495767205032285558541771767720684176886314813194470898479600336770655617339092918581386215628224541639948803208289070933056219557330e-142, 0.0000000000000000e+00)
 (1.06670987311355617253608300262471467692706613177675654530499706281333370297540349779217582316948718460289881299690782779005557296747913052099371265113870e-142, 0.0000000000000000e+00)
 (9.67006134973437746499489658910918147439513779369694841183020985996321656413513305994033263120987819375375613133458109652021099368041328906981912932620070e-144, 0.0000000000000000e+00)
 (1.40646337436612839941178361363337473825312304349318970172064646513957756445236666140954113321427317414327405429866319260982364866676818541853994582850020e-144, 0.0000000000000000e+00)
 (-1.82690082435457959354199650881203480235725946930610050223500341557276089332780722923303385631035483474126345131321019680635456143548180668244512536442200e-145, 0.0000000000000000e+00)
 (-2.50260386897887615553698151892059561966747872507685000306164851448323410044905099894936144700048607498803212508658931069363638552805726942800702104715340e-146, 0.0000000000000000e+00)
 (5.00520773795775231107396303784119123933495745015370000612329702896646820089810199789872289400097214997606425017317862138727277105611453885601404209430680e-147, 0.0000000000000000e+00)
 (5.00520773795775231107396303784119123933495745015370000612329702896646820089810199789872289400097214997606425017317862138727277105611453885601404209430680e-147, 0.0000000000000000e+00)
 (1.25130193448943807776849075946029780983373936253842500153082425724161705022452549947468072350024303749401606254329465534681819276402863471400351052357670e-147, 0.0000000000000000e+00)
 (0.0000000000000000e+00, -0.0000000000000000e+00)]
endpoint:
  SUSYc1XM1 = -5.225
  SUSYc1XM2 = 18.1563
  SUSYc1XM3 = -41.5287
  SUSYc1XM5 = -297.336
  SUSYc1XM6 = -220.704
  SUSYc1XM7 = 117.438
  SUSYc1XM8 = 742.841
  SUSYc1XM9 = 794.719
  SUSYc1XM10 = 238.712
  SUSYc2XM1 = 3.135
  SUSYc2XM2 = 4.03482
  SUSYc2XM3 = -1.91018
  SUSYc2XM4 = -10.9701
  SUSYc2XM5 = -11.2049
  SUSYc2XM6 = -3.53253
residual at lambda0 = 0:
[(1.547692396186849549358471190050890911922820e-28, 0.0000000000000000e+00)
 (6.695683312586605496533820836244954073757360e-28, 0.0000000000000000e+00)
 (1.978050005242815513742964260220297239676580e-27, 0.0000000000000000e+00)
 (-1.016363945770823015443138353908744217893390e-28, 0.0000000000000000e+00)
 (1.035487384022655583693885123340593341345590e-27, 0.0000000000000000e+00)
 (4.488668860560973637285337464537549202638860e-27, 0.0000000000000000e+00)
 (3.836394819433330405820142386351701360711300e-27, 0.0000000000000000e+00)
 (2.349928457932082489114850627899819142703650e-28, 0.0000000000000000e+00)
 (5.186475137543787843650498031556672855602670e-28, 0.0000000000000000e+00)
 (-1.344132906675911340746134087835494963606710e-28, 0.0000000000000000e+00)
 (-3.859180788245524232207178388433958520656070e-29, 0.0000000000000000e+00)
 (-3.111310541389248629638319787577426869666760e-29, 0.0000000000000000e+00)
 (-1.798653142794802180172290097026727769019280e-29, 0.0000000000000000e+00)
 (-3.894396657961113170643674201712929912930350e-30, 0.0000000000000000e+00)
 (7.888609052210118054117285652827862296732060e-31, -0.0000000000000000e+00)]
wrote: /home/zuxian/Documents/Bertini/.runs/syt-225fc63c-0b98-4410-b2c4-9ba29728a430/saved_data/output.csv
