Input: /home/zuxian/Documents/Bertini/.runs/syt-a9a3915f-3c88-48f4-bee9-c469c631f722/saved_data/initial_data.csv
lambda0: 500 -> 0
parameter symbol in expressions: h
status: Success
start residual:
[(-5.992545734006013858759487249739106009491229873656554644911558980941290594142719551342892924850258730810e-95, 0.0000000000000000e+00)
 (1.498136433501503464689871812434776502372807468414138661227889745235322648535679887835723231212564682700e-95, 0.0000000000000000e+00)
 (-5.992545734006013858759487249739106009491229873656554644911558980941290594142719551342892924850258730810e-95, 0.0000000000000000e+00)
 (1.872670541876879330862339765543470627966009335517673326534862181544153310669599859794654039015705853380e-94, 0.0000000000000000e+00)
 (1.498136433501503464689871812434776502372807468414138661227889745235322648535679887835723231212564682700e-95, 0.0000000000000000e+00)
 (-5.992545734006013858759487249739106009491229873656554644911558980941290594142719551342892924850258730810e-95, 0.0000000000000000e+00)
 (7.490682167507517323449359062173882511864037342070693306139448726176613242678399439178616156062823413510e-96, 0.0000000000000000e+00)
 (0.0000000000000000e+00, 0.0000000000000000e+00)
 (-1.217235852219971565060520847603255908177906068086487662247660418003699651935239908866525125360208804700e-95, 0.0000000000000000e+00)
 (4.515257390521499089745231329225418926218825243547983831264233131086439964885978568196289865556423585930e-96, 0.0000000000000000e+00)
 (-8.997596744174068660002648092259644032805435479245071061085470637887924109857843076357126828083274217400e-97, 0.0000000000000000e+00)
 (1.317007221605001348258136593534829120528463291534569757385128752859039704723539085967034983188383221160e-96, 0.0000000000000000e+00)
 (2.738597789512330857389017381739596938846776347595425592271441520373407795632544716838373460376972183040e-97, 0.0000000000000000e+00)
 (1.188706886933565981504414890237554597829986394615710607663730876956737941343007723502465942734578910840e-97, 0.0000000000000000e+00)
 (3.063206208636496952338299909458313771331118786125100412056537259850055464230058364410200698585261039460e-98, 0.0000000000000000e+00)
 (-1.371584869538729978658940257966409151342291993787358393458151011873159163088085834810537626232206435580e-99, -0.0000000000000000e+00)]
endpoint:
  SUSYc1XM1 = -1.26192
  SUSYc1XM2 = -19.1528
  SUSYc1XM4 = -238.778
  SUSYc1XM5 = -295.834
  SUSYc1XM6 = -227.463
  SUSYc1XM7 = -774.308
  SUSYc1XM8 = -590.834
  SUSYc1XM9 = 588.928
  SUSYc1XM10 = -519.152
  SUSYc2XM1 = 0.630958
  SUSYc2XM2 = 3.30829
  SUSYc2XM3 = 7.02172
  SUSYc2XM4 = 2.3729
  SUSYc2XM5 = 1.5081
  SUSYc2XM6 = 9.009
  SUSYc2XM7 = -4.35543
residual at lambda0 = 0:
[(2.868710699751430857578142224228186761516951313375626586370135209421538503382496403285335464594763065160e-28, 0.0000000000000000e+00)
 (-3.260454901172972863096982489112005513009137796220117306060673781474953900662054209075086926505175194520e-27, 0.0000000000000000e+00)
 (5.065215459547822756702205545866276292639552187495708377976458057765775503951065777603636630372689476350e-27, 0.0000000000000000e+00)
 (-5.252283411834762110402171969545033710202520318800542197298248482880098827500279241922690680149781729820e-27, 0.0000000000000000e+00)
 (8.957297639559146266866021140190156041870348406364970889299413851145655190367497298191949338613812475980e-28, 0.0000000000000000e+00)
 (1.560407360587877619681138394586867996664161359281145900112938539541819433370213515587236369061029004650e-27, 0.0000000000000000e+00)
 (-5.421753446092595699581483494473630739736352812507814679516931055532756299791754130548909123024905994610e-27, 0.0000000000000000e+00)
 (2.219522627919220442190213387777555652158015114775587410521806933160465747967266013676637935349202933260e-27, 0.0000000000000000e+00)
 (-1.391632927354097563567989910823774749632094345160170086027806963426458401489146769547076911912776276670e-27, 0.0000000000000000e+00)
 (-3.121263163545425508451573459726484458715728385634818825703548650147390772648239310989285986440788013570e-28, 0.0000000000000000e+00)
 (2.116903927946369354068452298532789834294669567064317626855070198560064383208528168792474649760007811610e-28, 0.0000000000000000e+00)
 (-1.820273645501467330918583948411740510360542915494178347724098767512447955950718931108878560143506468180e-28, 0.0000000000000000e+00)
 (7.697089798679474995578674609936578204766915302019697890026657447642815473879567950052489981365085485010e-29, 0.0000000000000000e+00)
 (-1.994565381478967766991106346520745392122441676603427229440021216944889580167145201146569321439777729660e-29, 0.0000000000000000e+00)
 (1.881242355892437083869858198263607788116640702494636037652878786881040366806110101716892825314417591500e-30, 0.0000000000000000e+00)
 (0.0000000000000000e+00, -0.0000000000000000e+00)]
wrote: /home/zuxian/Documents/Bertini/.runs/syt-a9a3915f-3c88-48f4-bee9-c469c631f722/saved_data/output.csv
