Input: /home/zuxian/Documents/Bertini/.runs/syt-88861375-fee2-4f0e-b28f-c07734270149/saved_data/initial_data.csv
lambda0: 500 -> 0
parameter symbol in expressions: h
status: Success
start residual:
[(1.9455560520916764852070373476516740153810125621002054704181399177595803614164315680e-73, 0.0000000000000000e+00)
 (-2.8298997121333476148465997784024349314632909994184806842445671531048441620602640980e-73, 0.0000000000000000e+00)
 (-7.0747492803333690371164994460060873286582274985462017106114178827621104051506602460e-74, 0.0000000000000000e+00)
 (4.2448495682000214222698996676036523971949364991277210263668507296572662430903961480e-73, 0.0000000000000000e+00)
 (1.4149498560666738074232998892012174657316454997092403421222835765524220810301320490e-73, 0.0000000000000000e+00)
 (2.9183340781375147278105560214775110230715188431503082056272098766393705421246473510e-73, 0.0000000000000000e+00)
 (1.0612123920500053555674749169009130992987341247819302565917126824143165607725990370e-73, 0.0000000000000000e+00)
 (1.7686873200833422592791248615015218321645568746365504276528544706905276012876650610e-74, 0.0000000000000000e+00)
 (7.7380070253646223843461712690691580157199363265349081209812383092710582556335346440e-75, 0.0000000000000000e+00)
 (3.3162887251562667361483591153153534353085441399435320518491021325447392524143719900e-75, 0.0000000000000000e+00)
 (4.9496041031385035759245529113674790041958577088675437687917100513403741771874660080e-76, 0.0000000000000000e+00)
 (-7.1842127167691911227432714558670823932221228031654315771665933242464973062557440090e-76, 0.0000000000000000e+00)
 (2.4559104328549826903442438109838636280361126036365675188661156743291932940243151950e-76, 0.0000000000000000e+00)
 (-1.9633789449472526453026784313085283399959032078523108461264825857961407927502080260e-77, 0.0000000000000000e+00)
 (-9.7156896244812502035596458456504495175055004099908165581516664039396657785577304400e-78, 0.0000000000000000e+00)
 (7.4217073520342883499413961320940933814278128131874293152547451696761335808427107530e-79, -0.0000000000000000e+00)]
endpoint:
  SUSYc1XM1 = 3.37996
  SUSYc1XM2 = 0.303623
  SUSYc1XM3 = -58.4057
  SUSYc1XM4 = -304.802
  SUSYc1XM6 = -4160.76
  SUSYc1XM7 = 1134.18
  SUSYc1XM8 = -1862.6
  SUSYc1XM9 = -14111.2
  SUSYc1XM10 = 15952.9
  SUSYc1XM11 = -8998.45
  SUSYc2XM1 = -2.25331
  SUSYc2XM2 = 4.59566
  SUSYc2XM3 = 1.88532
  SUSYc2XM4 = -11.9207
  SUSYc2XM5 = 18.4035
  SUSYc2XM6 = -9.19568
residual at lambda0 = 0:
[(1.7415066142808344441181394707808436665918071860535197189504939876147925829779417040e-29, 0.0000000000000000e+00)
 (-1.1000227520855473743242230866435746622170335381724592172947947403087238873980319570e-28, 0.0000000000000000e+00)
 (2.7022683305676669615769230408672424905934850461435710464897632503098225622071072930e-28, 0.0000000000000000e+00)
 (-4.1605394569122804710908820094043665209075882821814240043622614845877481649524597630e-28, 0.0000000000000000e+00)
 (4.4462244001667741813811875012135275123084714520071758599896926573901273453258853470e-28, 0.0000000000000000e+00)
 (-3.4387450227395970909392498576985892191570283447897471574999749103300889342472472600e-28, 0.0000000000000000e+00)
 (1.9188927752062522994394581239995814516707422944582566517803162856084426686294346510e-28, 0.0000000000000000e+00)
 (-7.9908391654990025271026086886361945778040026668792115497792094861726966519793552140e-29, 0.0000000000000000e+00)
 (2.3202156195422190421086061250089065908376224908821027244779893158319024265912018480e-29, 0.0000000000000000e+00)
 (-5.0496237257164346785506149008367707151491405635967425992639479876388877001502478400e-30, 0.0000000000000000e+00)
 (7.8266062429944911422601567780811487276549152890710606232053913162969527251347387340e-31, 0.0000000000000000e+00)
 (-3.2967591615576960094260218514399716918414808218468191919555890784107475153132268580e-31, 0.0000000000000000e+00)
 (1.8687465703664875162402599315825448313736184365714315769356578597663421775048581560e-31, 0.0000000000000000e+00)
 (-6.5814676454909798567124667388330376020627000653230658479832975591521630120413323050e-32, -0.0000000000000000e+00)
 (9.8480900590532749097156197534949585332455175404436363367554929168243586856179044270e-33, -0.0000000000000000e+00)
 (1.6867516709168837158957718482032030412335938211789612080124420840173030865551615350e-80, -0.0000000000000000e+00)]
wrote: /home/zuxian/Documents/Bertini/.runs/syt-88861375-fee2-4f0e-b28f-c07734270149/saved_data/output.csv
