Input: /home/zuxian/Documents/Bertini/.runs/syt-c9a8caf9-5a86-4b2f-85cb-6763273a5908/saved_data/initial_data.csv
lambda0: 500 -> 0
parameter symbol in expressions: h
status: Success
start residual:
[(2.56266636183436918326986907537468991453949821447869440313512807883083171885982822292414612172849774078774489608866745415028365878073064389427918955228510e-144, 0.0000000000000000e+00)
 (-1.28133318091718459163493453768734495726974910723934720156756403941541585942991411146207306086424887039387244804433372707514182939036532194713959477614250e-144, 0.0000000000000000e+00)
 (2.56266636183436918326986907537468991453949821447869440313512807883083171885982822292414612172849774078774489608866745415028365878073064389427918955228510e-144, 0.0000000000000000e+00)
 (-5.12533272366873836653973815074937982907899642895738880627025615766166343771965644584829224345699548157548979217733490830056731756146128778855837910457010e-144, 0.0000000000000000e+00)
 (0.0000000000000000e+00, 0.0000000000000000e+00)
 (1.76183312376112881349803498932009931624590502245410240215540055419619680671613190326035045868834219679157461606095887472832001541175231767731694281719600e-144, 0.0000000000000000e+00)
 (1.28133318091718459163493453768734495726974910723934720156756403941541585942991411146207306086424887039387244804433372707514182939036532194713959477614250e-144, 0.0000000000000000e+00)
 (-4.80499942843944221863100451632754358976155915214755200587836514780780947286217791798277397824093326397702168016625147653178186021386995730177348041053450e-145, 0.0000000000000000e+00)
 (1.40145816662817064710070965059553354701378808604303600171452316811061109625146855941164241032027220199329799004849001398843637589571207087968393178640590e-145, 0.0000000000000000e+00)
 (2.13112360717732422619946082470581970737308735182325508073218506311462903866364499129281560721135142323199610651904870988754973455123626849728722886046660e-146, 0.0000000000000000e+00)
 (-1.33928410175822669261158776598484999958767416146690800945096033782891824906843744865649421187135387606781406694087006080089134694274939809233188235726570e-146, 0.0000000000000000e+00)
 (1.74497965083097419438809062940361843011970684541491299041603226498147377707092032543930085269369829838032708721857887483911755787796180700351270803483160e-146, 0.0000000000000000e+00)
 (-5.67484978883686565737975692083361623912879453088715401084877719788092732543232072222696999993664908800997128364361365178771844452748923790217998327293960e-147, 0.0000000000000000e+00)
 (1.37838728721102163254185310221798430614497851654623379074879859586771878188795387051507798448073647098950206889534801878047941546662529292714449206112750e-147, 0.0000000000000000e+00)
 (-1.07533759995186084808229674641119343032586976468145898569055209606701465253670160111105374675802136034642005374814384443867188440658710795734676685619870e-148, -0.0000000000000000e+00)]
endpoint:
  SUSYc1XM1 = 1.88143
  SUSYc1XM2 = -9.93665
  SUSYc1XM3 = -89.6314
  SUSYc1XM5 = -1219.3
  SUSYc1XM6 = -119.22
  SUSYc1XM7 = -1003.66
  SUSYc1XM8 = -3181.45
  SUSYc1XM9 = 2475.91
  SUSYc1XM10 = -1553.45
  SUSYc2XM1 = -1.12886
  SUSYc2XM2 = 3.8948
  SUSYc2XM3 = 2.22549
  SUSYc2XM4 = -5.06494
  SUSYc2XM5 = 9.48932
  SUSYc2XM6 = -4.05238
residual at lambda0 = 0:
[(2.097692820074473084692439292707951773773800e-27, 0.0000000000000000e+00)
 (5.572287427730728128090490473796026660924060e-27, 0.0000000000000000e+00)
 (-2.188446923495809515161946017813484416664370e-27, 0.0000000000000000e+00)
 (-5.404761655567385779655731665933528831168060e-28, 0.0000000000000000e+00)
 (7.394978931131798542330145726156850322305880e-27, 0.0000000000000000e+00)
 (-5.299149782071895967822298854910776575341650e-27, 0.0000000000000000e+00)
 (-2.500198110229054284910026313506823030489780e-28, 0.0000000000000000e+00)
 (4.428612396528124834616130674922512316908310e-27, 0.0000000000000000e+00)
 (-6.519112545039429135821215727935283327483100e-29, 0.0000000000000000e+00)
 (-8.495741916805481754396214253401684813293180e-29, 0.0000000000000000e+00)
 (2.757453537573425053813935309273345590439120e-28, 0.0000000000000000e+00)
 (-3.710532917485437715396302468104472619702900e-29, 0.0000000000000000e+00)
 (-1.171974887528210168440256039912995097730840e-29, 0.0000000000000000e+00)
 (2.700191238423709648911992806813366351685040e-30, 0.0000000000000000e+00)
 (0.0000000000000000e+00, -0.0000000000000000e+00)]
wrote: /home/zuxian/Documents/Bertini/.runs/syt-c9a8caf9-5a86-4b2f-85cb-6763273a5908/saved_data/output.csv
