Input: /home/zuxian/Documents/Bertini/.runs/syt-8f81f7c8-6e44-41f0-b689-860774f45f0b/saved_data/initial_data.csv
lambda0: 500 -> 0
parameter symbol in expressions: h
status: Success
start residual:
[(-3.835229269763848869606071839833027846074387119140194972743397747802425980251340512859451471904165587720e-93, 0.0000000000000000e+00)
 (0.0000000000000000e+00, 0.0000000000000000e+00)
 (1.534091707905539547842428735933211138429754847656077989097359099120970392100536205143780588761666235090e-92, 0.0000000000000000e+00)
 (3.835229269763848869606071839833027846074387119140194972743397747802425980251340512859451471904165587720e-93, 0.0000000000000000e+00)
 (-3.835229269763848869606071839833027846074387119140194972743397747802425980251340512859451471904165587720e-93, 0.0000000000000000e+00)
 (2.684660488834694208724250287883119492252070983398136480920378423461698186175938359001616030332915911400e-92, 0.0000000000000000e+00)
 (6.838992818934363316309264823764754733331866093310542988505316686999247890565378687970076550485357776530e-93, 0.0000000000000000e+00)
 (3.335226235082722088265827122432921188407462626556976194558589545330137046302557350294278843486972124860e-93, 0.0000000000000000e+00)
 (-3.464440502472226762095328566255420661737117270707695654089495035856683624738759740620109972179055828750e-95, 0.0000000000000000e+00)
 (-1.093171428820628309390890838136000979075157949608441804364725798476399495103378918155129295275418291910e-94, 0.0000000000000000e+00)
 (-1.633905047787577216177391445436678122900343145239169977401667253397273763559225877670835649041203357070e-94, 0.0000000000000000e+00)
 (-1.404502906407659498146754824157602970974507001638254994901146636158114983002199894845990529261779390030e-96, 0.0000000000000000e+00)
 (8.778143165047871863417217650985018568590668760239093718132166475988218643763749342787440807886121187710e-97, 0.0000000000000000e+00)
 (-1.170419088673049581788962353464669142478755834698545829084288863465095819168499912371658774384816158360e-97, 0.0000000000000000e+00)
 (5.852095443365247908944811767323345712393779173492729145421444317325479095842499561858293871924080791800e-98, 0.0000000000000000e+00)
 (0.0000000000000000e+00, -0.0000000000000000e+00)]
endpoint:
  SUSYc1XM1 = -3.44027
  SUSYc1XM2 = 11.388
  SUSYc1XM4 = 67.8164
  SUSYc1XM5 = -24.1879
  SUSYc1XM6 = -93.6544
  SUSYc1XM7 = -96.8867
  SUSYc1XM8 = 132.711
  SUSYc1XM9 = 269.059
  SUSYc1XM10 = 100.472
  SUSYc2XM1 = 1.72013
  SUSYc2XM2 = 0.273041
  SUSYc2XM3 = -5.33001
  SUSYc2XM4 = -4.6425
  SUSYc2XM5 = 6.75857
  SUSYc2XM6 = 12.5462
  SUSYc2XM7 = 4.88871
residual at lambda0 = 0:
[(6.090767386933702806794948257378429341200072565087319667484138665258779126440704333884054823819092840760e-68, 0.0000000000000000e+00)
 (1.582089429513304826271562366291604488392360963513078873088679574514963027411499225832274396678255645340e-67, 0.0000000000000000e+00)
 (-5.960194206627610149365705628957470325734939893171726547682285096065179935911332286002004399706730552410e-68, 0.0000000000000000e+00)
 (-9.331703858330987415580626707816617387520698670016318971842609650763435302103207333869761446687926927040e-68, 0.0000000000000000e+00)
 (-1.039182153557424633272908117736537608582365397066332060753713188671495111683730326132323815625286267070e-67, 0.0000000000000000e+00)
 (2.460157893934444406992082832641235282711477569978290899503556695164919468601379414243267124616938816530e-68, 0.0000000000000000e+00)
 (8.113358507360406029236552189001829118431207172142620380531932481066248469178153029730258741592368993590e-68, 0.0000000000000000e+00)
 (4.834194010549584535621302364647488518433320858348116267997884194968770344281819110789477700672873002830e-69, 0.0000000000000000e+00)
 (-2.598301183223397961404246431801988855011921513109880259127328839895756977261091398218332551767426924540e-68, 0.0000000000000000e+00)
 (5.028464741964153973036257791071853849136427175257733152578269918113193070041136029741728762550847603540e-69, 0.0000000000000000e+00)
 (-9.833051774091830755095780894370843497125704467062584218961429898695421791292590618294094548456667890710e-72, 0.0000000000000000e+00)
 (1.453290439304170158548280586383372504025864840428335844224861600515333056028819015822103492012877486560e-70, 0.0000000000000000e+00)
 (1.398395766286077336154905781186124282699352655062428251610743977865610988333334720554175073905677597700e-70, 0.0000000000000000e+00)
 (2.318029711399071291184785445180296462327338305787204329068989481080033786878189698530817366109713688670e-71, 0.0000000000000000e+00)
 (1.683655659535172303614509279718040038096647804833127398549072524892476387577728779391862321179227082030e-72, 0.0000000000000000e+00)
 (0.0000000000000000e+00, -0.0000000000000000e+00)]
wrote: /home/zuxian/Documents/Bertini/.runs/syt-8f81f7c8-6e44-41f0-b689-860774f45f0b/saved_data/output.csv
