Input: /home/zuxian/Documents/Bertini/.runs/syt-f566519d-6104-4705-b8ba-84e85b3a2117/saved_data/initial_data.csv
lambda0: 500 -> 0
parameter symbol in expressions: h
status: Success
start residual:
[(2.40249971421972110931550225816377179488077957607377600293918257390390473643108895899138698912046663198851084008312573826589093010693497865088674020526730e-145, 0.0000000000000000e+00)
 (-6.40666590458592295817467268843672478634874553619673600783782019707707929714957055731036530432124435196936224022166863537570914695182660973569797388071270e-145, 0.0000000000000000e+00)
 (3.20333295229296147908733634421836239317437276809836800391891009853853964857478527865518265216062217598468112011083431768785457347591330486784898694035630e-144, 0.0000000000000000e+00)
 (0.0000000000000000e+00, 0.0000000000000000e+00)
 (-9.30968639260141929859757125038461570516302085728588201138933247387763085367046971609162458284180819895547950532211223578032735416437304227218611829541060e-145, 0.0000000000000000e+00)
 (-2.36245805231605909082691055386104226496609991647254640289019619767217299082390414300819720596845885478870232608174030929479274793848606234003862786851280e-144, 0.0000000000000000e+00)
 (8.50885315452817892882573716433002510686942766526129001040960494924299594152677339642782891980165265495930922529440365635836371079539471605522387156032150e-145, 0.0000000000000000e+00)
 (-4.88007754450880850329711396189516145835158351389985750597021460324230649587564944795125482165094784622666264391884915585259095177971167538461369104194910e-146, 0.0000000000000000e+00)
 (8.50885315452817892882573716433002510686942766526129001040960494924299594152677339642782891980165265495930922529440365635836371079539471605522387156032150e-146, 0.0000000000000000e+00)
 (-1.84677013046278102239406258278549617187668974473078291485696748043872641406672401108992673576749736578584616730632930920473274875417624574538428267019670e-146, 0.0000000000000000e+00)
 (-5.23005105431132321567298872118171350203945749185982324858586701268957126461032142358557958650492207077577026141142687976990416506840093415618654789151200e-148, 0.0000000000000000e+00)
 (-2.87408413078042808487450221313537153196187009833044492539111196585183916223445700660590728678962072674406814365412991149972303650487827035872681323384020e-147, 0.0000000000000000e+00)
 (3.07937585440760151950839522835932664138771796249690527720476282055554195953691822136347209298887935008293015391513919089256039625522671824149301417911450e-148, 0.0000000000000000e+00)
 (3.42152872711955724389821692039925182376413106944100586356084757839504662170768691262608010332097705564770017101682132321395599583914079804610334908790500e-149, -0.0000000000000000e+00)]
endpoint:
  SUSYc1XM1 = -4.5002
  SUSYc1XM2 = 1.32391
  SUSYc1XM3 = 71.0555
  SUSYc1XM4 = -380.369
  SUSYc1XM6 = -5728.09
  SUSYc1XM7 = -6488.07
  SUSYc1XM8 = -15610.8
  SUSYc1XM9 = -9333.49
  SUSYc1XM10 = -4430.82
  SUSYc2XM1 = 3.00014
  SUSYc2XM2 = 8.54063
  SUSYc2XM3 = 10.9512
  SUSYc2XM4 = 9.8035
  SUSYc2XM5 = 3.43254
residual at lambda0 = 0:
[(8.343675555412084604942108834612772110200300e-27, 0.0000000000000000e+00)
 (-4.017108868405158353594667199595649290868160e-27, 0.0000000000000000e+00)
 (2.075107411780937742371883650675577129686530e-27, 0.0000000000000000e+00)
 (7.005299993325395498298968206247001041124570e-27, 0.0000000000000000e+00)
 (-6.429135585471865893038478863401883525724520e-27, 0.0000000000000000e+00)
 (-3.953744076385212995040662022254038971032180e-27, 0.0000000000000000e+00)
 (-5.749193459367643545114762542077681899007560e-28, 0.0000000000000000e+00)
 (-1.787156974113928672670815331053389883370260e-27, 0.0000000000000000e+00)
 (1.355936045628842082236991297601054013041030e-29, 0.0000000000000000e+00)
 (4.081614252796997542855110011167959498774430e-29, 0.0000000000000000e+00)
 (4.777177006581980647994634369278725785404720e-30, 0.0000000000000000e+00)
 (1.810736939076128045938344272226393909581550e-29, 0.0000000000000000e+00)
 (-1.504778154193837710718968340979398114953320e-30, 0.0000000000000000e+00)
 (-6.310887242135436427925793368502520005267600e-31, -0.0000000000000000e+00)]
wrote: /home/zuxian/Documents/Bertini/.runs/syt-f566519d-6104-4705-b8ba-84e85b3a2117/saved_data/output.csv
