Input: /home/zuxian/Documents/Bertini/.runs/syt-ce1ed5ea-2b59-4c4f-8d73-4595c4b00cc4/saved_data/initial_data.csv
lambda0: 500 -> 0
parameter symbol in expressions: h
status: GoingToInfinity
start residual:
[(-1.534091707905539547842428735933211138429754847656077989097359099120970392100536205143780588761666235090e-92, 0.0000000000000000e+00)
 (9.588073174409622174015179599582569615185967797850487431858494369506064950628351282148628679760413969290e-93, 0.0000000000000000e+00)
 (-1.073864195533877683489700115153247796900828393359254592368151369384679274470375343600646412133166364560e-91, 0.0000000000000000e+00)
 (-1.534091707905539547842428735933211138429754847656077989097359099120970392100536205143780588761666235090e-92, 0.0000000000000000e+00)
 (-2.972302684066982873944705675870596580707650017333651103876133254546880134694788897466074890725728330480e-92, 0.0000000000000000e+00)
 (6.711651222086735521810625719707798730630177458495341202300946058654245465439845897504040075832289778500e-93, 0.0000000000000000e+00)
 (7.670458539527697739212143679666055692148774238280389945486795495604851960502681025718902943808331175430e-93, 0.0000000000000000e+00)
 (-1.078658232121082494576707704953039081708421377258179836084080616569432306945689519241720726473046571550e-93, 0.0000000000000000e+00)
 (1.797763720201804157627846174921731802847368962096966393473467694282387178242815865402867877455077619240e-94, 0.0000000000000000e+00)
 (-1.198509146801202771751897449947821201898245974731310928982311796188258118828543910268578584970051746160e-94, 0.0000000000000000e+00)
 (-3.838974610847602628267796519364114787330319137811230319396467472165514286872679712579040779982196999420e-95, 0.0000000000000000e+00)
 (-3.369343951517541483574975375036416293910718359138438805476396565700144589431319122739912696760289515880e-95, 0.0000000000000000e+00)
 (-4.864554337297362324310374781587531123427328937965831102131575588776804498419077760794706781036892158190e-96, 0.0000000000000000e+00)
 (-2.377413773867131963008829780475109195659972789231421215327461753913475882686015447004931885469157821670e-97, 0.0000000000000000e+00)
 (3.840437634708443940245032722305945623758417582604603501682822833244845656646640337469505353450178019620e-98, 0.0000000000000000e+00)
 (5.029144521642009921749447612543500221588403977220314109346553710201583597989648060971971296184756930460e-99, -0.0000000000000000e+00)]
endpoint:
  SUSYc1XM1 = 0
  SUSYc1XM2 = 0
  SUSYc1XM3 = 0
  SUSYc1XM4 = 0
  SUSYc1XM5 = 0
  SUSYc1XM6 = 0
  SUSYc1XM8 = 0
  SUSYc1XM9 = 0
  SUSYc1XM10 = 0
  SUSYc1XM11 = 0
  SUSYc1XM12 = 0
  SUSYc2XM1 = 0
  SUSYc2XM2 = 0
  SUSYc2XM3 = 0
  SUSYc2XM4 = 0
  SUSYc2XM5 = 0
residual at lambda0 = 0:
[(2.179827008928571428571428571428571428571428571428571428571428571428571428571428571428571428571428571410e-06, 0.0000000000000000e+00)
 (0.0000000000000000e+00, 0.0000000000000000e+00)
 (-1.395089285714285714285714285714285714285714285714285714285714285714285714285714285714285714285714285700e-04, 0.0000000000000000e+00)
 (0.0000000000000000e+00, 0.0000000000000000e+00)
 (-2.092633928571428571428571428571428571428571428571428571428571428571428571428571428571428571428571428620e-03, 0.0000000000000000e+00)
 (0.0000000000000000e+00, 0.0000000000000000e+00)
 (-4.464285714285714285714285714285714285714285714285714285714285714285714285714285714285714285714285714250e-03, 0.0000000000000000e+00)
 (0.0000000000000000e+00, 0.0000000000000000e+00)
 (6.138392857142857142857142857142857142857142857142857142857142857142857142857142857142857142857142857190e-02, 0.0000000000000000e+00)
 (0.0000000000000000e+00, 0.0000000000000000e+00)
 (3.928571428571428571428571428571428571428571428571428571428571428571428571428571428571428571428571428630e-01, 0.0000000000000000e+00)
 (0.0000000000000000e+00, 0.0000000000000000e+00)
 (7.500000000000000000000000000000000000000000000000000000000000000000000000000000000000000000000000000000e-01, 0.0000000000000000e+00)
 (0.0000000000000000e+00, 0.0000000000000000e+00)
 (0.0000000000000000e+00, -0.0000000000000000e+00)
 (-0.0000000000000000e+00, -0.0000000000000000e+00)]
wrote: /home/zuxian/Documents/Bertini/.runs/syt-ce1ed5ea-2b59-4c4f-8d73-4595c4b00cc4/saved_data/output.csv
